D:\Skola\DP\workspace_reinstall\DP\drivers/fsl_clock.h:476:20:CLOCK_SetTpmClock	16	static
D:\Skola\DP\workspace_reinstall\DP\drivers/fsl_clock.h:616:20:CLOCK_SetSimSafeDivs	8	static
D:\Skola\DP\workspace_reinstall\DP\drivers/fsl_smc.h:256:20:SMC_SetPowerModeProtection	16	static
D:\Skola\DP\workspace_reinstall\DP\drivers/fsl_smc.h:275:33:SMC_GetPowerModeState	16	static
../board/clock_config.c:46:6:BOARD_InitBootClocks	8	static
../board/clock_config.c:122:6:BOARD_BootClockRUN	8	static
../board/clock_config.c:198:6:BOARD_BootClockVLPR	8	static
