D:\Skola\DP\workspace_reinstall\DP\drivers/fsl_tpm.h:574:20:TPM_SetTimerPeriod	16	static
D:\Skola\DP\workspace_reinstall\DP\drivers/fsl_tpm.h:608:20:TPM_StartTimer	24	static
D:\Skola\DP\workspace_reinstall\DP\drivers/fsl_adc16.h:367:20:ADC16_EnableHardwareTrigger	16	static
../board/peripherals.c:137:13:TPM2_init	8	static
../board/peripherals.c:199:13:TPM1_init	8	static
../board/peripherals.c:242:10:SPI0_GetFreq	8	static
../board/peripherals.c:246:13:SPI0_init	8	static
../board/peripherals.c:279:13:GPIOC_init	8	static
../board/peripherals.c:309:13:GPIOA_init	8	static
../board/peripherals.c:339:13:GPIOA_2_init	8	static
../board/peripherals.c:401:13:ADC0_init	8	static
../board/peripherals.c:413:6:BOARD_InitPeripherals	8	static
../board/peripherals.c:428:6:BOARD_InitBootPeripherals	8	static
