D:\Skola\DP\workspace_reinstall\DP\drivers/fsl_tpm.h:574:20:TPM_SetTimerPeriod	16	static
D:\Skola\DP\workspace_reinstall\DP\drivers/fsl_tpm.h:608:20:TPM_StartTimer	24	static
D:\Skola\DP\workspace_reinstall\DP\drivers/fsl_adc16.h:367:20:ADC16_EnableHardwareTrigger	16	static
../board/peripherals.c:137:13:TPM2_init	8	static
../board/peripherals.c:199:13:TPM1_init	8	static
../board/peripherals.c:243:10:SPI0_GetFreq	8	static
../board/peripherals.c:247:13:SPI0_init	8	static
../board/peripherals.c:280:13:GPIOC_init	8	static
../board/peripherals.c:310:13:GPIOA_init	8	static
../board/peripherals.c:340:13:GPIOA_2_init	8	static
../board/peripherals.c:402:13:ADC0_init	8	static
../board/peripherals.c:414:6:BOARD_InitPeripherals	8	static
../board/peripherals.c:429:6:BOARD_InitBootPeripherals	8	static
