Archive member included to satisfy reference by file (symbol)

D:/MCUXpressoIDE_24.9.25/ide/plugins/com.nxp.mcuxpresso.tools.win32_24.9.0.202407110857/tools/bin/../lib/gcc/arm-none-eabi/13.2.1/thumb/v6-m/nofp\libgcc.a(_udivsi3.o)
                              ./utilities/fsl_debug_console.o (__aeabi_uidiv)
D:/MCUXpressoIDE_24.9.25/ide/plugins/com.nxp.mcuxpresso.tools.win32_24.9.0.202407110857/tools/bin/../lib/gcc/arm-none-eabi/13.2.1/thumb/v6-m/nofp\libgcc.a(_divsi3.o)
                              ./utilities/fsl_debug_console.o (__aeabi_idiv)
D:/MCUXpressoIDE_24.9.25/ide/plugins/com.nxp.mcuxpresso.tools.win32_24.9.0.202407110857/tools/bin/../lib/gcc/arm-none-eabi/13.2.1/thumb/v6-m/nofp\libgcc.a(_dvmd_tls.o)
                              D:/MCUXpressoIDE_24.9.25/ide/plugins/com.nxp.mcuxpresso.tools.win32_24.9.0.202407110857/tools/bin/../lib/gcc/arm-none-eabi/13.2.1/thumb/v6-m/nofp\libgcc.a(_udivsi3.o) (__aeabi_idiv0)
D:/MCUXpressoIDE_24.9.25/ide/plugins/com.nxp.mcuxpresso.tools.win32_24.9.0.202407110857/tools/bin/../lib/gcc/arm-none-eabi/13.2.1/thumb/v6-m/nofp\libgcc.a(_arm_cmpsf2.o)
                              ./drivers/fsl_tpm.o (__aeabi_fcmpeq)
D:/MCUXpressoIDE_24.9.25/ide/plugins/com.nxp.mcuxpresso.tools.win32_24.9.0.202407110857/tools/bin/../lib/gcc/arm-none-eabi/13.2.1/thumb/v6-m/nofp\libgcc.a(_aeabi_uldivmod.o)
                              ./drivers/fsl_common.o (__aeabi_uldivmod)
D:/MCUXpressoIDE_24.9.25/ide/plugins/com.nxp.mcuxpresso.tools.win32_24.9.0.202407110857/tools/bin/../lib/gcc/arm-none-eabi/13.2.1/thumb/v6-m/nofp\libgcc.a(_muldi3.o)
                              ./drivers/fsl_common.o (__aeabi_lmul)
D:/MCUXpressoIDE_24.9.25/ide/plugins/com.nxp.mcuxpresso.tools.win32_24.9.0.202407110857/tools/bin/../lib/gcc/arm-none-eabi/13.2.1/thumb/v6-m/nofp\libgcc.a(_fixunssfsi.o)
                              ./drivers/fsl_tpm.o (__aeabi_f2uiz)
D:/MCUXpressoIDE_24.9.25/ide/plugins/com.nxp.mcuxpresso.tools.win32_24.9.0.202407110857/tools/bin/../lib/gcc/arm-none-eabi/13.2.1/thumb/v6-m/nofp\libgcc.a(_fixunsdfsi.o)
                              ./source/sensors_control.o (__aeabi_d2uiz)
D:/MCUXpressoIDE_24.9.25/ide/plugins/com.nxp.mcuxpresso.tools.win32_24.9.0.202407110857/tools/bin/../lib/gcc/arm-none-eabi/13.2.1/thumb/v6-m/nofp\libgcc.a(_udivmoddi4.o)
                              D:/MCUXpressoIDE_24.9.25/ide/plugins/com.nxp.mcuxpresso.tools.win32_24.9.0.202407110857/tools/bin/../lib/gcc/arm-none-eabi/13.2.1/thumb/v6-m/nofp\libgcc.a(_aeabi_uldivmod.o) (__udivmoddi4)
D:/MCUXpressoIDE_24.9.25/ide/plugins/com.nxp.mcuxpresso.tools.win32_24.9.0.202407110857/tools/bin/../lib/gcc/arm-none-eabi/13.2.1/thumb/v6-m/nofp\libgcc.a(divsf3.o)
                              ./drivers/fsl_tpm.o (__aeabi_fdiv)
D:/MCUXpressoIDE_24.9.25/ide/plugins/com.nxp.mcuxpresso.tools.win32_24.9.0.202407110857/tools/bin/../lib/gcc/arm-none-eabi/13.2.1/thumb/v6-m/nofp\libgcc.a(eqsf2.o)
                              D:/MCUXpressoIDE_24.9.25/ide/plugins/com.nxp.mcuxpresso.tools.win32_24.9.0.202407110857/tools/bin/../lib/gcc/arm-none-eabi/13.2.1/thumb/v6-m/nofp\libgcc.a(_arm_cmpsf2.o) (__eqsf2)
D:/MCUXpressoIDE_24.9.25/ide/plugins/com.nxp.mcuxpresso.tools.win32_24.9.0.202407110857/tools/bin/../lib/gcc/arm-none-eabi/13.2.1/thumb/v6-m/nofp\libgcc.a(gesf2.o)
                              D:/MCUXpressoIDE_24.9.25/ide/plugins/com.nxp.mcuxpresso.tools.win32_24.9.0.202407110857/tools/bin/../lib/gcc/arm-none-eabi/13.2.1/thumb/v6-m/nofp\libgcc.a(_arm_cmpsf2.o) (__gesf2)
D:/MCUXpressoIDE_24.9.25/ide/plugins/com.nxp.mcuxpresso.tools.win32_24.9.0.202407110857/tools/bin/../lib/gcc/arm-none-eabi/13.2.1/thumb/v6-m/nofp\libgcc.a(lesf2.o)
                              D:/MCUXpressoIDE_24.9.25/ide/plugins/com.nxp.mcuxpresso.tools.win32_24.9.0.202407110857/tools/bin/../lib/gcc/arm-none-eabi/13.2.1/thumb/v6-m/nofp\libgcc.a(_arm_cmpsf2.o) (__lesf2)
D:/MCUXpressoIDE_24.9.25/ide/plugins/com.nxp.mcuxpresso.tools.win32_24.9.0.202407110857/tools/bin/../lib/gcc/arm-none-eabi/13.2.1/thumb/v6-m/nofp\libgcc.a(mulsf3.o)
                              ./drivers/fsl_tpm.o (__aeabi_fmul)
D:/MCUXpressoIDE_24.9.25/ide/plugins/com.nxp.mcuxpresso.tools.win32_24.9.0.202407110857/tools/bin/../lib/gcc/arm-none-eabi/13.2.1/thumb/v6-m/nofp\libgcc.a(subsf3.o)
                              D:/MCUXpressoIDE_24.9.25/ide/plugins/com.nxp.mcuxpresso.tools.win32_24.9.0.202407110857/tools/bin/../lib/gcc/arm-none-eabi/13.2.1/thumb/v6-m/nofp\libgcc.a(_fixunssfsi.o) (__aeabi_fsub)
D:/MCUXpressoIDE_24.9.25/ide/plugins/com.nxp.mcuxpresso.tools.win32_24.9.0.202407110857/tools/bin/../lib/gcc/arm-none-eabi/13.2.1/thumb/v6-m/nofp\libgcc.a(fixsfsi.o)
                              ./source/drive_control.o (__aeabi_f2iz)
D:/MCUXpressoIDE_24.9.25/ide/plugins/com.nxp.mcuxpresso.tools.win32_24.9.0.202407110857/tools/bin/../lib/gcc/arm-none-eabi/13.2.1/thumb/v6-m/nofp\libgcc.a(floatsisf.o)
                              ./drivers/fsl_tpm.o (__aeabi_i2f)
[...]
Memory Configuration

Name             Origin             Length             Attributes
PROGRAM_FLASH    0x00000000         0x00010000         xr
SRAM             0x1ffff000         0x00004000         xrw
USB_RAM          0x400fe000         0x00000200         xrw
*default*        0x00000000         0xffffffff

Linker script and memory map

LOAD ./utilities/fsl_assert.o
LOAD ./utilities/fsl_debug_console.o
LOAD ./startup/startup_mkl27z644.o
LOAD ./source/delay.o
LOAD ./source/dp_main.o
LOAD ./source/drive_control.o
LOAD ./source/mtb.o
LOAD ./source/pixy.o
LOAD ./source/pixySPI.o
LOAD ./source/semihost_hardfault.o
LOAD ./source/sensors_control.o
LOAD ./drivers/fsl_adc16.o
LOAD ./drivers/fsl_clock.o
LOAD ./drivers/fsl_common.o
LOAD ./drivers/fsl_dma.o
LOAD ./drivers/fsl_dmamux.o
LOAD ./drivers/fsl_gpio.o
LOAD ./drivers/fsl_lpuart.o
LOAD ./drivers/fsl_smc.o
LOAD ./drivers/fsl_spi.o
LOAD ./drivers/fsl_spi_cmsis.o
LOAD ./drivers/fsl_spi_dma.o
LOAD ./drivers/fsl_tpm.o
LOAD ./drivers/fsl_uart.o
LOAD ./device/system_MKL27Z644.o
LOAD ./component/uart/fsl_adapter_lpuart.o
LOAD ./component/lists/fsl_component_generic_list.o
LOAD ./board/board.o
LOAD ./board/clock_config.o
LOAD ./board/peripherals.o
LOAD ./board/pin_mux.o
START GROUP
LOAD D:/MCUXpressoIDE_24.9.25/ide/plugins/com.nxp.mcuxpresso.tools.win32_24.9.0.202407110857/tools/bin/../lib/gcc/arm-none-eabi/13.2.1/thumb/v6-m/nofp\libgcc.a
LOAD D:/MCUXpressoIDE_24.9.25/ide/plugins/com.nxp.mcuxpresso.tools.win32_24.9.0.202407110857/tools/bin/../lib/gcc/arm-none-eabi/13.2.1/thumb/v6-m/nofp\libc.a
LOAD D:/MCUXpressoIDE_24.9.25/ide/plugins/com.nxp.mcuxpresso.tools.win32_24.9.0.202407110857/tools/bin/../lib/gcc/arm-none-eabi/13.2.1/thumb/v6-m/nofp\libm.a
LOAD D:/MCUXpressoIDE_24.9.25/ide/plugins/com.nxp.mcuxpresso.tools.win32_24.9.0.202407110857/tools/bin/../lib/gcc/arm-none-eabi/13.2.1/../../../../arm-none-eabi/lib/thumb/v6-m/nofp\libcr_newlib_semihost.a
END GROUP
                0x00000000                        __base_PROGRAM_FLASH = 0x0
                0x00000000                        __base_Flash = 0x0
                0x00010000                        __top_PROGRAM_FLASH = 0x10000
                0x00010000                        __top_Flash = 0x10000
                0x1ffff000                        __base_SRAM = 0x1ffff000
                0x1ffff000                        __base_RAM = 0x1ffff000
                0x20003000                        __top_SRAM = 0x20003000
                0x20003000                        __top_RAM = 0x20003000
                0x400fe000                        __base_USB_RAM = 0x400fe000
                0x400fe000                        __base_RAM2 = 0x400fe000
                0x400fe200                        __top_USB_RAM = 0x400fe200
                0x400fe200                        __top_RAM2 = 0x400fe200

.text           0x00000000     0x4c94
 FILL mask 0xff
                0x00000000                        __vectors_start__ = ABSOLUTE (.)
 *(SORT_BY_ALIGNMENT(.isr_vector))
 .isr_vector    0x00000000       0xc0 ./startup/startup_mkl27z644.o
                0x00000000                g_pfnVectors
                0x00000000                __Vectors
                0x000000c0                        . = ALIGN (0x4)
                0x000000c0                        __section_table_start = .
                0x000000c0                        __data_section_table = .
                0x000000c0        0x4 LONG 0x4c9c LOADADDR (.data)
                0x000000c4        0x4 LONG 0x1ffff080 ADDR (.data)
                0x000000c8        0x4 LONG 0x4 SIZEOF (.data)
                0x000000cc        0x4 LONG 0x4c9c LOADADDR (.data_RAM2)
                0x000000d0        0x4 LONG 0x400fe000 ADDR (.data_RAM2)
                0x000000d4        0x4 LONG 0x0 SIZEOF (.data_RAM2)
                0x000000d8                        __data_section_table_end = .
                0x000000d8                        __bss_section_table = .
                0x000000d8        0x4 LONG 0x1ffff084 ADDR (.bss)
                0x000000dc        0x4 LONG 0x60 SIZEOF (.bss)
                0x000000e0        0x4 LONG 0x400fe000 ADDR (.bss_RAM2)
                0x000000e4        0x4 LONG 0x0 SIZEOF (.bss_RAM2)
                0x000000e8                        __bss_section_table_end = .
                0x000000e8                        __section_table_end = .
 *(SORT_BY_ALIGNMENT(.after_vectors*))
 .after_vectors.reset
                0x000000e8       0x4c ./startup/startup_mkl27z644.o
                0x000000e8                ResetISR
 .after_vectors.init_data
                0x00000134       0x12 ./startup/startup_mkl27z644.o
                0x00000134                data_init
 .after_vectors.init_bss
                0x00000146       0x10 ./startup/startup_mkl27z644.o
                0x00000146                bss_init
 .after_vectors
                0x00000156      0x10c ./startup/startup_mkl27z644.o
                0x00000156                NMI_Handler
                0x0000015a                SVC_Handler
                0x0000015c                PendSV_Handler
                0x00000160                Reserved42_DriverIRQHandler
                0x00000160                LPTMR0_DriverIRQHandler
                0x00000160                I2C0_DriverIRQHandler
                0x00000160                Reserved39_DriverIRQHandler
                0x00000160                PIT_DriverIRQHandler
                0x00000160                Reserved43_DriverIRQHandler
                0x00000160                CMP0_DriverIRQHandler
                0x00000160                TPM2_DriverIRQHandler
                0x00000160                ADC0_DriverIRQHandler
                0x00000160                RTC_Seconds_DriverIRQHandler
                0x00000160                LLWU_DriverIRQHandler
                0x00000160                I2C1_DriverIRQHandler
                0x00000160                PMC_DriverIRQHandler
                0x00000160                RTC_DriverIRQHandler
                0x00000160                PORTB_PORTC_PORTD_PORTE_DriverIRQHandler
                0x00000160                TPM1_DriverIRQHandler
                0x00000160                FTFA_DriverIRQHandler
                0x00000160                IntDefaultHandler
                0x00000160                USB0_DriverIRQHandler
                0x00000160                Reserved41_DriverIRQHandler
                0x00000160                TPM0_DriverIRQHandler
                0x00000160                PORTA_DriverIRQHandler
                0x00000160                UART2_FLEXIO_DriverIRQHandler
                0x00000160                Reserved45_DriverIRQHandler
                0x00000160                Reserved20_DriverIRQHandler
                0x00000162                DMA0_IRQHandler
                0x0000016a                DMA1_IRQHandler
                0x00000172                DMA2_IRQHandler
                0x0000017a                DMA3_IRQHandler
                0x00000182                Reserved20_IRQHandler
                0x0000018a                FTFA_IRQHandler
                0x00000192                PMC_IRQHandler
                0x0000019a                LLWU_IRQHandler
                0x000001a2                I2C0_IRQHandler
                0x000001aa                I2C1_IRQHandler
                0x000001b2                SPI0_IRQHandler
                0x000001ba                SPI1_IRQHandler
                0x000001c2                LPUART0_IRQHandler
                0x000001ca                LPUART1_IRQHandler
                0x000001d2                UART2_FLEXIO_IRQHandler
                0x000001da                ADC0_IRQHandler
                0x000001e2                CMP0_IRQHandler
                0x000001f2                TPM1_IRQHandler
                0x000001fa                TPM2_IRQHandler
                0x00000202                RTC_IRQHandler
                0x0000020a                RTC_Seconds_IRQHandler
                0x00000212                PIT_IRQHandler
                0x0000021a                Reserved39_IRQHandler
                0x00000222                USB0_IRQHandler
                0x0000022a                Reserved41_IRQHandler
                0x00000232                Reserved42_IRQHandler
                0x0000023a                Reserved43_IRQHandler
                0x00000242                LPTMR0_IRQHandler
                0x0000024a                Reserved45_IRQHandler
                0x00000252                PORTA_IRQHandler
                0x0000025a                PORTB_PORTC_PORTD_PORTE_IRQHandler
                0x00000400                        . = 0x400
 *fill*         0x00000262      0x19e ff
                0x00000400                        PROVIDE (__FLASH_CONFIG_START__ = .)
 *(SORT_BY_ALIGNMENT(.FlashConfig))
 .FlashConfig   0x00000400       0x10 ./startup/startup_mkl27z644.o
                0x00000400                Flash_Config
                0x00000410                        PROVIDE (__FLASH_CONFIG_END__ = .)
                0x00000001                        ASSERT (! ((__FLASH_CONFIG_START__ == __FLASH_CONFIG_END__)), Linker Flash Config Support Enabled, but no .FlashConfig section provided within application)
 *(SORT_BY_ALIGNMENT(.text*))
 .text.__assert_func
                0x00000410       0x28 ./utilities/fsl_assert.o
                0x00000410                __assert_func
 .text.DbgConsole_Init
                0x00000438       0x9c ./utilities/fsl_debug_console.o
                0x00000438                DbgConsole_Init
 .text.DbgConsole_Printf
                0x000004d4       0x44 ./utilities/fsl_debug_console.o
                0x000004d4                DbgConsole_Printf
 .text.DbgConsole_Putchar
                0x00000518       0x30 ./utilities/fsl_debug_console.o
                0x00000518                DbgConsole_Putchar
 .text.__NVIC_SetPriority
                0x00000548       0xdc ./source/delay.o
 .text.SysTick_Config
                0x00000624       0x48 ./source/delay.o
 .text.SysTick_Init
                0x0000066c       0x2c ./source/delay.o
                0x0000066c                SysTick_Init
 .text.SysTick_Handler
                0x00000698       0x20 ./source/delay.o
                0x00000698                SysTick_Handler
 .text.main     0x000006b8       0x78 ./source/dp_main.o
                0x000006b8                main
 .text.HardFault_Handler
                0x00000730       0x38 ./source/semihost_hardfault.o
                0x00000730                HardFault_Handler
 .text.__NVIC_EnableIRQ
                0x00000768       0x34 ./source/sensors_control.o
 .text.CLOCK_SetTpmClock
                0x0000079c       0x38 ./source/sensors_control.o
 .text.TriggerPulse
                0x000007d4       0x44 ./source/sensors_control.o
                0x000007d4                TriggerPulse
 .text.GetSRF5_distacne
                0x00000818      0x154 ./source/sensors_control.o
                0x00000818                GetSRF5_distacne
 .text.color_sensors_init
                0x0000096c       0x68 ./source/sensors_control.o
                0x0000096c                color_sensors_init
 .text.TPM0_IRQHandler
                0x000009d4       0xf4 ./source/sensors_control.o
                0x000009d4                TPM0_IRQHandler
 .text.CLOCK_SetEr32kClock
                0x00000ac8       0x34 ./drivers/fsl_clock.o
 .text.CLOCK_GetLircClkFreq
                0x00000afc       0x50 ./drivers/fsl_clock.o
 .text.CLOCK_GetOsc0ErClkFreq
                0x00000b4c       0x50 ./drivers/fsl_clock.o
                0x00000b4c                CLOCK_GetOsc0ErClkFreq
 .text.CLOCK_GetEr32kClkFreq
                0x00000b9c       0x84 ./drivers/fsl_clock.o
                0x00000b9c                CLOCK_GetEr32kClkFreq
 .text.CLOCK_GetFreq
                0x00000c20       0xc0 ./drivers/fsl_clock.o
                0x00000c20                CLOCK_GetFreq
 .text.CLOCK_SetSimConfig
                0x00000ce0       0x2c ./drivers/fsl_clock.o
                0x00000ce0                CLOCK_SetSimConfig
 .text.CLOCK_GetInternalRefClkFreq
                0x00000d0c       0x48 ./drivers/fsl_clock.o
                0x00000d0c                CLOCK_GetInternalRefClkFreq
 .text.CLOCK_GetPeriphClkFreq
                0x00000d54       0x3c ./drivers/fsl_clock.o
                0x00000d54                CLOCK_GetPeriphClkFreq
 .text.CLOCK_GetOutClkFreq
                0x00000d90       0x88 ./drivers/fsl_clock.o
                0x00000d90                CLOCK_GetOutClkFreq
 .text.CLOCK_SetMcgliteConfig
                0x00000e18      0x120 ./drivers/fsl_clock.o
                0x00000e18                CLOCK_SetMcgliteConfig
 .text.SDK_DelayAtLeastUs
                0x00000f38       0x98 ./drivers/fsl_common.o
                0x00000f38                SDK_DelayAtLeastUs
 .text.DMA_ClearChannelStatusFlags
                0x00000fd0       0x60 ./drivers/fsl_dma.o
 .text.DMA_HandleIRQ
                0x00001030       0x5c ./drivers/fsl_dma.o
                0x00001030                DMA_HandleIRQ
 .text.DMA0_DriverIRQHandler
                0x0000108c       0x18 ./drivers/fsl_dma.o
                0x0000108c                DMA0_DriverIRQHandler
 .text.DMA1_DriverIRQHandler
                0x000010a4       0x18 ./drivers/fsl_dma.o
                0x000010a4                DMA1_DriverIRQHandler
 .text.DMA2_DriverIRQHandler
                0x000010bc       0x18 ./drivers/fsl_dma.o
                0x000010bc                DMA2_DriverIRQHandler
 .text.DMA3_DriverIRQHandler
                0x000010d4       0x18 ./drivers/fsl_dma.o
                0x000010d4                DMA3_DriverIRQHandler
 .text.GPIO_PinInit
                0x000010ec       0x74 ./drivers/fsl_gpio.o
                0x000010ec                GPIO_PinInit
 .text.CLOCK_EnableClock
                0x00001160       0x34 ./drivers/fsl_lpuart.o
 .text.LPUART_GetInstance
                0x00001194       0x58 ./drivers/fsl_lpuart.o
                0x00001194                LPUART_GetInstance
 .text.LPUART_Init
                0x000011ec      0x2cc ./drivers/fsl_lpuart.o
                0x000011ec                LPUART_Init
 .text.LPUART_GetDefaultConfig
                0x000014b8       0x78 ./drivers/fsl_lpuart.o
                0x000014b8                LPUART_GetDefaultConfig
 .text.LPUART_ClearStatusFlags
                0x00001530       0x88 ./drivers/fsl_lpuart.o
                0x00001530                LPUART_ClearStatusFlags
 .text.LPUART_WriteBlocking
                0x000015b8       0x7c ./drivers/fsl_lpuart.o
                0x000015b8                LPUART_WriteBlocking
 .text.LPUART_ReadBlocking
                0x00001634      0x12c ./drivers/fsl_lpuart.o
                0x00001634                LPUART_ReadBlocking
 .text.LPUART0_DriverIRQHandler
                0x00001760       0x24 ./drivers/fsl_lpuart.o
                0x00001760                LPUART0_DriverIRQHandler
 .text.LPUART1_DriverIRQHandler
                0x00001784       0x24 ./drivers/fsl_lpuart.o
                0x00001784                LPUART1_DriverIRQHandler
 .text.SPI_CommonIRQHandler
                0x000017a8       0x54 ./drivers/fsl_spi.o
 .text.SPI0_DriverIRQHandler
                0x000017fc       0x40 ./drivers/fsl_spi.o
                0x000017fc                SPI0_DriverIRQHandler
 .text.SPI1_DriverIRQHandler
                0x0000183c       0x40 ./drivers/fsl_spi.o
                0x0000183c                SPI1_DriverIRQHandler
 .text.CLOCK_EnableClock
                0x0000187c       0x34 ./drivers/fsl_tpm.o
 .text.TPM_GetInstance
                0x000018b0       0x60 ./drivers/fsl_tpm.o
 .text.TPM_Init
                0x00001910       0xf8 ./drivers/fsl_tpm.o
                0x00001910                TPM_Init
 .text.TPM_GetDefaultConfig
                0x00001a08       0x78 ./drivers/fsl_tpm.o
                0x00001a08                TPM_GetDefaultConfig
 .text.TPM_SetupInputCapture
                0x00001a80      0x114 ./drivers/fsl_tpm.o
                0x00001a80                TPM_SetupInputCapture
 .text.SystemInit
                0x00001b94       0x40 ./device/system_MKL27Z644.o
                0x00001b94                SystemInit
 .text.HAL_UartGetStatus
                0x00001bd4       0x34 ./component/uart/fsl_adapter_lpuart.o
 .text.HAL_UartInit
                0x00001c08      0x118 ./component/uart/fsl_adapter_lpuart.o
                0x00001c08                HAL_UartInit
 .text.HAL_UartReceiveBlocking
                0x00001d20       0x90 ./component/uart/fsl_adapter_lpuart.o
                0x00001d20                HAL_UartReceiveBlocking
 .text.HAL_UartSendBlocking
                0x00001db0       0x84 ./component/uart/fsl_adapter_lpuart.o
                0x00001db0                HAL_UartSendBlocking
 .text.CLOCK_SetLpuart0Clock
                0x00001e34       0x38 ./board/board.o
 .text.CLOCK_SetTpmClock
                0x00001e6c       0x38 ./board/clock_config.o
 .text.CLOCK_SetSimSafeDivs
                0x00001ea4       0x20 ./board/clock_config.o
 .text.BOARD_BootClockRUN
                0x00001ec4       0x3c ./board/clock_config.o
                0x00001ec4                BOARD_BootClockRUN
 .text.CLOCK_EnableClock
                0x00001f00       0x34 ./board/pin_mux.o
 .text.PORT_SetPinMux
                0x00001f34       0x40 ./board/pin_mux.o
 .text.BOARD_InitPins
                0x00001f74      0x15c ./board/pin_mux.o
                0x00001f74                BOARD_InitPins
 .text          0x000020d0      0x114 D:/MCUXpressoIDE_24.9.25/ide/plugins/com.nxp.mcuxpresso.tools.win32_24.9.0.202407110857/tools/bin/../lib/gcc/arm-none-eabi/13.2.1/thumb/v6-m/nofp\libgcc.a(_udivsi3.o)
                0x000020d0                __aeabi_uidiv
                0x000020d0                __udivsi3
                0x000021dc                __aeabi_uidivmod
 .text          0x000021e4      0x1d4 D:/MCUXpressoIDE_24.9.25/ide/plugins/com.nxp.mcuxpresso.tools.win32_24.9.0.202407110857/tools/bin/../lib/gcc/arm-none-eabi/13.2.1/thumb/v6-m/nofp\libgcc.a(_divsi3.o)
                0x000021e4                __divsi3
                0x000021e4                __aeabi_idiv
                0x000023b0                __aeabi_idivmod
 .text          0x000023b8        0x4 D:/MCUXpressoIDE_24.9.25/ide/plugins/com.nxp.mcuxpresso.tools.win32_24.9.0.202407110857/tools/bin/../lib/gcc/arm-none-eabi/13.2.1/thumb/v6-m/nofp\libgcc.a(_dvmd_tls.o)
                0x000023b8                __aeabi_idiv0
                0x000023b8                __aeabi_ldiv0
 .text          0x000023bc       0x40 D:/MCUXpressoIDE_24.9.25/ide/plugins/com.nxp.mcuxpresso.tools.win32_24.9.0.202407110857/tools/bin/../lib/gcc/arm-none-eabi/13.2.1/thumb/v6-m/nofp\libgcc.a(_aeabi_uldivmod.o)
                0x000023bc                __aeabi_uldivmod
 .text.__muldi3
                0x000023fc       0x5c D:/MCUXpressoIDE_24.9.25/ide/plugins/com.nxp.mcuxpresso.tools.win32_24.9.0.202407110857/tools/bin/../lib/gcc/arm-none-eabi/13.2.1/thumb/v6-m/nofp\libgcc.a(_muldi3.o)
                0x000023fc                __muldi3
                0x000023fc                __aeabi_lmul
 .text.__fixunsdfsi
                0x00002458       0x3c D:/MCUXpressoIDE_24.9.25/ide/plugins/com.nxp.mcuxpresso.tools.win32_24.9.0.202407110857/tools/bin/../lib/gcc/arm-none-eabi/13.2.1/thumb/v6-m/nofp\libgcc.a(_fixunsdfsi.o)
                0x00002458                __aeabi_d2uiz
                0x00002458                __fixunsdfsi
 .text.__udivmoddi4
                0x00002494      0x198 D:/MCUXpressoIDE_24.9.25/ide/plugins/com.nxp.mcuxpresso.tools.win32_24.9.0.202407110857/tools/bin/../lib/gcc/arm-none-eabi/13.2.1/thumb/v6-m/nofp\libgcc.a(_udivmoddi4.o)
                0x00002494                __udivmoddi4
 .text.__aeabi_ddiv
                0x0000262c      0x604 D:/MCUXpressoIDE_24.9.25/ide/plugins/com.nxp.mcuxpresso.tools.win32_24.9.0.202407110857/tools/bin/../lib/gcc/arm-none-eabi/13.2.1/thumb/v6-m/nofp\libgcc.a(divdf3.o)
                0x0000262c                __aeabi_ddiv
 .text.__aeabi_dmul
                0x00002c30      0x598 D:/MCUXpressoIDE_24.9.25/ide/plugins/com.nxp.mcuxpresso.tools.win32_24.9.0.202407110857/tools/bin/../lib/gcc/arm-none-eabi/13.2.1/thumb/v6-m/nofp\libgcc.a(muldf3.o)
                0x00002c30                __aeabi_dmul
 .text.__aeabi_dsub
                0x000031c8      0x710 D:/MCUXpressoIDE_24.9.25/ide/plugins/com.nxp.mcuxpresso.tools.win32_24.9.0.202407110857/tools/bin/../lib/gcc/arm-none-eabi/13.2.1/thumb/v6-m/nofp\libgcc.a(subdf3.o)
                0x000031c8                __aeabi_dsub
 .text.__aeabi_d2iz
                0x000038d8       0x78 D:/MCUXpressoIDE_24.9.25/ide/plugins/com.nxp.mcuxpresso.tools.win32_24.9.0.202407110857/tools/bin/../lib/gcc/arm-none-eabi/13.2.1/thumb/v6-m/nofp\libgcc.a(fixdfsi.o)
                0x000038d8                __aeabi_d2iz
 .text.__aeabi_ui2d
                0x00003950       0x48 D:/MCUXpressoIDE_24.9.25/ide/plugins/com.nxp.mcuxpresso.tools.win32_24.9.0.202407110857/tools/bin/../lib/gcc/arm-none-eabi/13.2.1/thumb/v6-m/nofp\libgcc.a(floatunsidf.o)
                0x00003950                __aeabi_ui2d
 .text.__aeabi_d2f
                0x00003998      0x10c D:/MCUXpressoIDE_24.9.25/ide/plugins/com.nxp.mcuxpresso.tools.win32_24.9.0.202407110857/tools/bin/../lib/gcc/arm-none-eabi/13.2.1/thumb/v6-m/nofp\libgcc.a(truncdfsf2.o)
                0x00003998                __aeabi_d2f
 .text          0x00003aa4       0x7c D:/MCUXpressoIDE_24.9.25/ide/plugins/com.nxp.mcuxpresso.tools.win32_24.9.0.202407110857/tools/bin/../lib/gcc/arm-none-eabi/13.2.1/thumb/v6-m/nofp\libgcc.a(_arm_cmpdf2.o)
                0x00003aa4                __aeabi_cdrcmple
                0x00003ab4                __aeabi_cdcmple
                0x00003ab4                __aeabi_cdcmpeq
                0x00003ac4                __aeabi_dcmpeq
                0x00003ad0                __aeabi_dcmplt
                0x00003ae4                __aeabi_dcmple
                0x00003af8                __aeabi_dcmpgt
                0x00003b0c                __aeabi_dcmpge
 .text          0x00003b20       0x3c D:/MCUXpressoIDE_24.9.25/ide/plugins/com.nxp.mcuxpresso.tools.win32_24.9.0.202407110857/tools/bin/../lib/gcc/arm-none-eabi/13.2.1/thumb/v6-m/nofp\libgcc.a(_clzsi2.o)
                0x00003b20                __clzsi2
 .text          0x00003b5c       0x18 D:/MCUXpressoIDE_24.9.25/ide/plugins/com.nxp.mcuxpresso.tools.win32_24.9.0.202407110857/tools/bin/../lib/gcc/arm-none-eabi/13.2.1/thumb/v6-m/nofp\libgcc.a(_clzdi2.o)
                0x00003b5c                __clzdi2
 .text.__eqdf2  0x00003b74       0x88 D:/MCUXpressoIDE_24.9.25/ide/plugins/com.nxp.mcuxpresso.tools.win32_24.9.0.202407110857/tools/bin/../lib/gcc/arm-none-eabi/13.2.1/thumb/v6-m/nofp\libgcc.a(eqdf2.o)
                0x00003b74                __nedf2
                0x00003b74                __eqdf2
 .text.__gedf2  0x00003bfc       0xe0 D:/MCUXpressoIDE_24.9.25/ide/plugins/com.nxp.mcuxpresso.tools.win32_24.9.0.202407110857/tools/bin/../lib/gcc/arm-none-eabi/13.2.1/thumb/v6-m/nofp\libgcc.a(gedf2.o)
                0x00003bfc                __gedf2
                0x00003bfc                __gtdf2
 .text.__ledf2  0x00003cdc       0xdc D:/MCUXpressoIDE_24.9.25/ide/plugins/com.nxp.mcuxpresso.tools.win32_24.9.0.202407110857/tools/bin/../lib/gcc/arm-none-eabi/13.2.1/thumb/v6-m/nofp\libgcc.a(ledf2.o)
                0x00003cdc                __ledf2
                0x00003cdc                __ltdf2
 .text.memset   0x00003db8       0xa8 D:/MCUXpressoIDE_24.9.25/ide/plugins/com.nxp.mcuxpresso.tools.win32_24.9.0.202407110857/tools/bin/../lib/gcc/arm-none-eabi/13.2.1/thumb/v6-m/nofp\libc.a(libc_a-memset.o)
                0x00003db8                memset
 .text.strlen   0x00003e60       0x5c D:/MCUXpressoIDE_24.9.25/ide/plugins/com.nxp.mcuxpresso.tools.win32_24.9.0.202407110857/tools/bin/../lib/gcc/arm-none-eabi/13.2.1/thumb/v6-m/nofp\libc.a(libc_a-strlen-stub.o)
                0x00003e60                strlen
 .text.DbgConsole_PrintfPaddingCharacter
                0x00003ebc       0x48 ./utilities/fsl_debug_console.o
 .text.DbgConsole_ConvertRadixNumToString
                0x00003f04      0x110 ./utilities/fsl_debug_console.o
 .text.DbgConsole_PrintfFormattedData
                0x00004014      0x3b4 ./utilities/fsl_debug_console.o
 .text.GPIO_PinWrite
                0x000043c8       0x38 ./source/dp_main.o
 .text.EnableIRQ
                0x00004400       0x36 ./source/sensors_control.o
 .text.GPIO_PinWrite
                0x00004436       0x38 ./source/sensors_control.o
 .text.TPM_GetStatusFlags
                0x0000446e       0x1c ./source/sensors_control.o
 .text.TPM_ClearStatusFlags
                0x0000448a       0x18 ./source/sensors_control.o
 .text.TPM_StartTimer
                0x000044a2       0x3a ./source/sensors_control.o
 .text.DelayLoop
                0x000044dc       0x1a ./drivers/fsl_common.o
 .text.GPIO_PinWrite
                0x000044f6       0x38 ./drivers/fsl_gpio.o
 .text.LPUART_GetStatusFlags
                0x0000452e       0x18 ./drivers/fsl_lpuart.o
                0x0000452e                LPUART_GetStatusFlags
 .text.TPM_EnableInterrupts
                0x00004546       0x82 ./drivers/fsl_tpm.o
                0x00004546                TPM_EnableInterrupts
 .text.SystemInitHook
                0x000045c8        0xa ./device/system_MKL27Z644.o
                0x000045c8                SystemInitHook
 .text.BOARD_InitDebugConsole
                0x000045d2       0x2a ./board/board.o
                0x000045d2                BOARD_InitDebugConsole
 .text.BOARD_InitBootClocks
                0x000045fc        0xe ./board/clock_config.o
                0x000045fc                BOARD_InitBootClocks
 *(SORT_BY_ALIGNMENT(.rodata) SORT_BY_ALIGNMENT(.rodata.*) SORT_BY_ALIGNMENT(.constdata) SORT_BY_ALIGNMENT(.constdata.*))
 *fill*         0x0000460a        0x2 ff
 .rodata.__assert_func.str1.4
                0x0000460c      0x3e3 ./utilities/fsl_assert.o
                                 0x3e (size before relaxing)
 .rodata.main.str1.4
                0x000049ef        0xc ./source/dp_main.o
 .rodata.TriggerPulse.str1.4
                0x000049ef        0xf ./source/sensors_control.o
 .rodata.GetSRF5_distacne.str1.4
                0x000049ef       0x19 ./source/sensors_control.o
 .rodata.TPM0_IRQHandler.str1.4
                0x000049ef       0x37 ./source/sensors_control.o
 .rodata.CLOCK_GetOsc0ErClkFreq.str1.4
                0x000049ef       0x18 ./drivers/fsl_clock.o
 .rodata.CLOCK_GetEr32kClkFreq.str1.4
                0x000049ef        0xd ./drivers/fsl_clock.o
 *fill*         0x000049ef        0x1 ff
 .rodata.CLOCK_GetFreq
                0x000049f0       0x50 ./drivers/fsl_clock.o
 .rodata.CLOCK_SetMcgliteConfig.str1.4
                0x00004a40        0xd ./drivers/fsl_clock.o
 .rodata.lircFreqs.4
                0x00004a40        0x8 ./drivers/fsl_clock.o
 .rodata.__func__.3
                0x00004a48       0x17 ./drivers/fsl_clock.o
 *fill*         0x00004a5f        0x1 ff
 .rodata.__func__.2
                0x00004a60       0x16 ./drivers/fsl_clock.o
 *fill*         0x00004a76        0x2 ff
 .rodata.__func__.1
                0x00004a78       0x14 ./drivers/fsl_clock.o
 .rodata.__func__.0
                0x00004a8c       0x17 ./drivers/fsl_clock.o
 .rodata.SDK_DelayAtLeastUs.str1.4
                0x00004aa3       0x38 ./drivers/fsl_common.o
 *fill*         0x00004aa3        0x1 ff
 .rodata.__func__.0
                0x00004aa4       0x13 ./drivers/fsl_common.o
 .rodata.DMA_EnableInterrupts.str1.4
                0x00004ab7       0x42 ./drivers/fsl_dma.o
 .rodata.DMA_GetInstance.str1.4
                0x00004ab7       0x2e ./drivers/fsl_dma.o
 .rodata.DMA_CreateHandle.str1.4
                0x00004ab7        0xf ./drivers/fsl_dma.o
 *fill*         0x00004ab7        0x1 ff
 .rodata.__func__.1
                0x00004ab8        0xe ./drivers/fsl_dma.o
 *fill*         0x00004ac6        0x2 ff
 .rodata.__func__.0
                0x00004ac8       0x1c ./drivers/fsl_dma.o
 .rodata.GPIO_GetInstance.str1.4
                0x00004ae4       0x2f ./drivers/fsl_gpio.o
 .rodata.GPIO_PinInit.str1.4
                0x00004ae4        0xf ./drivers/fsl_gpio.o
 .rodata.__func__.2
                0x00004ae4        0xd ./drivers/fsl_gpio.o
 *fill*         0x00004af1        0x3 ff
 .rodata.s_lpuartBases
                0x00004af4        0x8 ./drivers/fsl_lpuart.o
 .rodata.s_lpuartClock
                0x00004afc        0x8 ./drivers/fsl_lpuart.o
 .rodata.LPUART_GetInstance.str1.4
                0x00004b04       0x35 ./drivers/fsl_lpuart.o
 .rodata.LPUART_WriteNonBlocking.str1.4
                0x00004b04        0xd ./drivers/fsl_lpuart.o
 .rodata.LPUART_Init.str1.4
                0x00004b04       0x2a ./drivers/fsl_lpuart.o
 .rodata.__func__.21
                0x00004b04       0x13 ./drivers/fsl_lpuart.o
 *fill*         0x00004b17        0x1 ff
 .rodata.__func__.16
                0x00004b18        0xc ./drivers/fsl_lpuart.o
 .rodata.__func__.15
                0x00004b24       0x18 ./drivers/fsl_lpuart.o
 .rodata.__func__.11
                0x00004b3c       0x15 ./drivers/fsl_lpuart.o
 *fill*         0x00004b51        0x3 ff
 .rodata.__func__.10
                0x00004b54       0x14 ./drivers/fsl_lpuart.o
 .rodata.SPI_GetInstance.str1.4
                0x00004b68       0x2e ./drivers/fsl_spi.o
 .rodata.SPI0_DriverIRQHandler.str1.4
                0x00004b68        0xf ./drivers/fsl_spi.o
 .rodata.SPI1_DriverIRQHandler.str1.4
                0x00004b68        0xf ./drivers/fsl_spi.o
 .rodata.__func__.1
                0x00004b68       0x16 ./drivers/fsl_spi.o
 *fill*         0x00004b7e        0x2 ff
 .rodata.__func__.0
                0x00004b80       0x16 ./drivers/fsl_spi.o
 *fill*         0x00004b96        0x2 ff
 .rodata.s_tpmBases
                0x00004b98        0xc ./drivers/fsl_tpm.o
 .rodata.s_tpmClocks
                0x00004ba4        0xc ./drivers/fsl_tpm.o
 .rodata.TPM_GetInstance.str1.4
                0x00004bb0       0x26 ./drivers/fsl_tpm.o
 .rodata.TPM_Init.str1.4
                0x00004bb0        0xf ./drivers/fsl_tpm.o
 .rodata.TPM_UpdatePwmDutycycle.str1.4
                0x00004bb0       0x85 ./drivers/fsl_tpm.o
 .rodata.__func__.8
                0x00004bb0       0x10 ./drivers/fsl_tpm.o
 .rodata.__func__.7
                0x00004bc0        0x9 ./drivers/fsl_tpm.o
 *fill*         0x00004bc9        0x3 ff
 .rodata.__func__.6
                0x00004bcc       0x15 ./drivers/fsl_tpm.o
 *fill*         0x00004be1        0x3 ff
 .rodata.__func__.2
                0x00004be4       0x16 ./drivers/fsl_tpm.o
 *fill*         0x00004bfa        0x2 ff
 .rodata.s_LpuartAdapterBase
                0x00004bfc        0x8 ./component/uart/fsl_adapter_lpuart.o
 .rodata.HAL_UartInit.str1.4
                0x00004c04       0x9a ./component/uart/fsl_adapter_lpuart.o
 .rodata.HAL_UartReceiveBlocking.str1.4
                0x00004c04        0xf ./component/uart/fsl_adapter_lpuart.o
 .rodata.__func__.4
                0x00004c04        0xd ./component/uart/fsl_adapter_lpuart.o
 *fill*         0x00004c11        0x3 ff
 .rodata.__func__.2
                0x00004c14       0x18 ./component/uart/fsl_adapter_lpuart.o
 .rodata.__func__.1
                0x00004c2c       0x15 ./component/uart/fsl_adapter_lpuart.o
 *fill*         0x00004c41        0x3 ff
 .rodata.mcgliteConfig_BOARD_BootClockRUN
                0x00004c44        0x6 ./board/clock_config.o
                0x00004c44                mcgliteConfig_BOARD_BootClockRUN
 *fill*         0x00004c4a        0x2 ff
 .rodata.simConfig_BOARD_BootClockRUN
                0x00004c4c        0x8 ./board/clock_config.o
                0x00004c4c                simConfig_BOARD_BootClockRUN
 .rodata.__aeabi_ddiv
                0x00004c54       0x40 D:/MCUXpressoIDE_24.9.25/ide/plugins/com.nxp.mcuxpresso.tools.win32_24.9.0.202407110857/tools/bin/../lib/gcc/arm-none-eabi/13.2.1/thumb/v6-m/nofp\libgcc.a(divdf3.o)
                0x00004c94                        . = ALIGN (0x4)

.glue_7         0x00004c94        0x0
 .glue_7        0x00004c94        0x0 linker stubs

.glue_7t        0x00004c94        0x0
 .glue_7t       0x00004c94        0x0 linker stubs

.vfp11_veneer   0x00004c94        0x0
 .vfp11_veneer  0x00004c94        0x0 linker stubs

.v4_bx          0x00004c94        0x0
 .v4_bx         0x00004c94        0x0 linker stubs

.iplt           0x00004c94        0x0
 .iplt          0x00004c94        0x0 ./utilities/fsl_assert.o

.ARM.extab
 *(SORT_BY_ALIGNMENT(.ARM.extab*) SORT_BY_ALIGNMENT(.gnu.linkonce.armextab.*))

.ARM.exidx      0x00004c94        0x8
                0x00004c94                        __exidx_start = .
 *(SORT_BY_ALIGNMENT(.ARM.exidx*) SORT_BY_ALIGNMENT(.gnu.linkonce.armexidx.*))
 .ARM.exidx.text.__udivmoddi4
                0x00004c94        0x8 D:/MCUXpressoIDE_24.9.25/ide/plugins/com.nxp.mcuxpresso.tools.win32_24.9.0.202407110857/tools/bin/../lib/gcc/arm-none-eabi/13.2.1/thumb/v6-m/nofp\libgcc.a(_udivmoddi4.o)
                0x00004c9c                        __exidx_end = .
                0x00004c9c                        _etext = .

.rel.dyn        0x00004c9c        0x0
 .rel.iplt      0x00004c9c        0x0 ./utilities/fsl_assert.o

.m_usb_data
 *(SORT_BY_ALIGNMENT(m_usb_bdt))

.mtb_buffer_RAM2
 *(SORT_BY_ALIGNMENT(.mtb.$RAM2*))
 *(SORT_BY_ALIGNMENT(.mtb.$USB_RAM*))

.data_RAM2      0x400fe000        0x0 load address 0x00004c9c
 FILL mask 0xff
                [!provide]                        PROVIDE (__start_data_RAM2 = .)
                [!provide]                        PROVIDE (__start_data_USB_RAM = .)
 *(SORT_BY_ALIGNMENT(.ramfunc.$RAM2))
 *(SORT_BY_ALIGNMENT(.ramfunc.$USB_RAM))
 *(SORT_BY_ALIGNMENT(.data.$RAM2))
 *(SORT_BY_ALIGNMENT(.data.$USB_RAM))
 *(SORT_BY_ALIGNMENT(.data.$RAM2.*))
 *(SORT_BY_ALIGNMENT(.data.$USB_RAM.*))
                0x400fe000                        . = ALIGN (0x4)
                [!provide]                        PROVIDE (__end_data_RAM2 = .)
                [!provide]                        PROVIDE (__end_data_USB_RAM = .)

.mtb_buffer_default
                0x1ffff000       0x80
 *(SORT_BY_ALIGNMENT(.mtb*))
 .mtb.$RAM1     0x1ffff000       0x80 ./source/mtb.o
                0x1ffff000                __mtb_buffer__

.uninit_RESERVED
                0x1ffff080        0x0
                0x1ffff080                        _start_uninit_RESERVED = .
 *(SORT_BY_ALIGNMENT(.bss.$RESERVED*))
                0x1ffff080                        . = ALIGN (0x4)
                0x1ffff080                        _end_uninit_RESERVED = .

.data           0x1ffff080        0x4 load address 0x00004c9c
 FILL mask 0xff
                0x1ffff080                        _data = .
                [!provide]                        PROVIDE (__start_data_RAM = .)
                [!provide]                        PROVIDE (__start_data_SRAM = .)
 *(SORT_BY_ALIGNMENT(vtable))
 *(SORT_BY_ALIGNMENT(.ramfunc*))
 *(SORT_BY_ALIGNMENT(CodeQuickAccess))
 *(SORT_BY_ALIGNMENT(DataQuickAccess))
 *(SORT_BY_ALIGNMENT(RamFunction))
 *(SORT_BY_ALIGNMENT(.data*))
 .data.SystemCoreClock
                0x1ffff080        0x4 ./device/system_MKL27Z644.o
                0x1ffff080                SystemCoreClock
                0x1ffff084                        . = ALIGN (0x4)
                0x1ffff084                        _edata = .
                [!provide]                        PROVIDE (__end_data_RAM = .)
                [!provide]                        PROVIDE (__end_data_SRAM = .)

.igot.plt       0x1ffff084        0x0 load address 0x00004ca0
 .igot.plt      0x1ffff084        0x0 ./utilities/fsl_assert.o

.bss_RAM2       0x400fe000        0x0
                [!provide]                        PROVIDE (__start_bss_RAM2 = .)
                [!provide]                        PROVIDE (__start_bss_USB_RAM = .)
 *(SORT_BY_ALIGNMENT(.bss.$RAM2))
 *(SORT_BY_ALIGNMENT(.bss.$USB_RAM))
 *(SORT_BY_ALIGNMENT(.bss.$RAM2.*))
 *(SORT_BY_ALIGNMENT(.bss.$USB_RAM.*))
                0x400fe000                        . = ALIGN ((. != 0x0)?0x4:0x1)
                [!provide]                        PROVIDE (__end_bss_RAM2 = .)
                [!provide]                        PROVIDE (__end_bss_USB_RAM = .)

.bss            0x1ffff084       0x60
                0x1ffff084                        _bss = .
                [!provide]                        PROVIDE (__start_bss_RAM = .)
                [!provide]                        PROVIDE (__start_bss_SRAM = .)
 *(SORT_BY_ALIGNMENT(.bss*))
 .bss.s_debugConsole
                0x1ffff084       0x14 ./utilities/fsl_debug_console.o
 .bss.g_systickCounter
                0x1ffff098        0x4 ./source/delay.o
                0x1ffff098                g_systickCounter
 .bss.dutyCycle
                0x1ffff09c        0x4 ./source/drive_control.o
                0x1ffff09c                dutyCycle
 .bss.overflowCount
                0x1ffff0a0        0x4 ./source/sensors_control.o
                0x1ffff0a0                overflowCount
 .bss.risingEdgeTime
                0x1ffff0a4        0x4 ./source/sensors_control.o
                0x1ffff0a4                risingEdgeTime
 .bss.fallingEdgeTime
                0x1ffff0a8        0x4 ./source/sensors_control.o
                0x1ffff0a8                fallingEdgeTime
 .bss.g_xtal0Freq
                0x1ffff0ac        0x4 ./drivers/fsl_clock.o
                0x1ffff0ac                g_xtal0Freq
 .bss.g_xtal32Freq
                0x1ffff0b0        0x4 ./drivers/fsl_clock.o
                0x1ffff0b0                g_xtal32Freq
 .bss.s_DMAHandle
                0x1ffff0b4       0x10 ./drivers/fsl_dma.o
 .bss.s_lpuartHandle
                0x1ffff0c4        0x8 ./drivers/fsl_lpuart.o
 .bss.s_lpuartIsr
                0x1ffff0cc        0x4 ./drivers/fsl_lpuart.o
 .bss.s_spiHandle
                0x1ffff0d0        0x8 ./drivers/fsl_spi.o
 .bss.s_spiMasterIsr
                0x1ffff0d8        0x4 ./drivers/fsl_spi.o
 .bss.s_spiSlaveIsr
                0x1ffff0dc        0x4 ./drivers/fsl_spi.o
 .bss.SRF_pulse_measured
                0x1ffff0e0        0x1 ./source/sensors_control.o
                0x1ffff0e0                SRF_pulse_measured
 .bss.firstEdgeCaptured
                0x1ffff0e1        0x1 ./source/sensors_control.o
                0x1ffff0e1                firstEdgeCaptured
 *(SORT_BY_ALIGNMENT(COMMON))
                0x1ffff0e4                        . = ALIGN (0x4)
 *fill*         0x1ffff0e2        0x2 
                0x1ffff0e4                        _ebss = .
                [!provide]                        PROVIDE (__end_bss_RAM = .)
                [!provide]                        PROVIDE (__end_bss_SRAM = .)
                [!provide]                        PROVIDE (end = .)

.noinit_RAM2    0x400fe000        0x0
                [!provide]                        PROVIDE (__start_noinit_RAM2 = .)
                [!provide]                        PROVIDE (__start_noinit_USB_RAM = .)
 *(SORT_BY_ALIGNMENT(.noinit.$RAM2))
 *(SORT_BY_ALIGNMENT(.noinit.$USB_RAM))
 *(SORT_BY_ALIGNMENT(.noinit.$RAM2.*))
 *(SORT_BY_ALIGNMENT(.noinit.$USB_RAM.*))
                0x400fe000                        . = ALIGN (0x4)
                [!provide]                        PROVIDE (__end_noinit_RAM2 = .)
                [!provide]                        PROVIDE (__end_noinit_USB_RAM = .)

.noinit         0x1ffff0e4        0x0
                0x1ffff0e4                        _noinit = .
                [!provide]                        PROVIDE (__start_noinit_RAM = .)
                [!provide]                        PROVIDE (__start_noinit_SRAM = .)
 *(SORT_BY_ALIGNMENT(.noinit*))
                0x1ffff0e4                        . = ALIGN (0x4)
                0x1ffff0e4                        _end_noinit = .
                [!provide]                        PROVIDE (__end_noinit_RAM = .)
                [!provide]                        PROVIDE (__end_noinit_SRAM = .)
                0x00000400                        _HeapSize = 0x400

.heap           0x1ffff0e4      0x400
                0x1ffff0e4                        _pvHeapStart = .
                0x1ffff4e4                        . = (. + _HeapSize)
 *fill*         0x1ffff0e4      0x400 
                0x1ffff4e4                        . = ALIGN (0x4)
                0x1ffff4e4                        _pvHeapLimit = .
                0x00000400                        _StackSize = 0x400

.heap2stackfill
                0x1ffff4e4      0x400
                0x1ffff8e4                        . = (. + _StackSize)
 *fill*         0x1ffff4e4      0x400 

.stack          0x20002c00        0x0
                0x20002c00                        _vStackBase = .
                0x20002c00                        . = ALIGN (0x4)
                0x20003000                        _vStackTop = (. + _StackSize)
                0x00000000                        _image_start = LOADADDR (.text)
                0x00004ca0                        _image_end = (LOADADDR (.data) + SIZEOF (.data))
                0x00004ca0                        _image_size = (_image_end - _image_start)
OUTPUT(DP_git.axf elf32-littlearm)
LOAD linker stubs

.debug_info     0x00000000     0xde6f
 .debug_info    0x00000000       0xef ./utilities/fsl_assert.o
 .debug_info    0x000000ef      0xca5 ./utilities/fsl_debug_console.o
 .debug_info    0x00000d94      0x696 ./startup/startup_mkl27z644.o
 .debug_info    0x0000142a      0x6f1 ./source/delay.o
 .debug_info    0x00001b1b      0x4e2 ./source/dp_main.o
 .debug_info    0x00001ffd      0xcbe ./source/drive_control.o
 .debug_info    0x00002cbb       0x53 ./source/mtb.o
 .debug_info    0x00002d0e       0x3c ./source/semihost_hardfault.o
 .debug_info    0x00002d4a     0x176a ./source/sensors_control.o
 .debug_info    0x000044b4     0x1388 ./drivers/fsl_clock.o
 .debug_info    0x0000583c      0x2c9 ./drivers/fsl_common.o
 .debug_info    0x00005b05     0x1331 ./drivers/fsl_dma.o
 .debug_info    0x00006e36      0x943 ./drivers/fsl_gpio.o
 .debug_info    0x00007779     0x1ad4 ./drivers/fsl_lpuart.o
 .debug_info    0x0000924d     0x1a15 ./drivers/fsl_spi.o
 .debug_info    0x0000ac62      0xf69 ./drivers/fsl_tpm.o
 .debug_info    0x0000bbcb      0x3ed ./device/system_MKL27Z644.o
 .debug_info    0x0000bfb8      0xaba ./component/uart/fsl_adapter_lpuart.o
 .debug_info    0x0000ca72      0x34d ./board/board.o
 .debug_info    0x0000cdbf      0xa54 ./board/clock_config.o
 .debug_info    0x0000d813      0x65c ./board/pin_mux.o

.debug_abbrev   0x00000000     0x2a2a
 .debug_abbrev  0x00000000       0x8e ./utilities/fsl_assert.o
 .debug_abbrev  0x0000008e      0x252 ./utilities/fsl_debug_console.o
 .debug_abbrev  0x000002e0      0x1cd ./startup/startup_mkl27z644.o
 .debug_abbrev  0x000004ad      0x1bc ./source/delay.o
 .debug_abbrev  0x00000669      0x176 ./source/dp_main.o
 .debug_abbrev  0x000007df      0x289 ./source/drive_control.o
 .debug_abbrev  0x00000a68       0x46 ./source/mtb.o
 .debug_abbrev  0x00000aae       0x31 ./source/semihost_hardfault.o
 .debug_abbrev  0x00000adf      0x38b ./source/sensors_control.o
 .debug_abbrev  0x00000e6a      0x2dc ./drivers/fsl_clock.o
 .debug_abbrev  0x00001146      0x1c0 ./drivers/fsl_common.o
 .debug_abbrev  0x00001306      0x30b ./drivers/fsl_dma.o
 .debug_abbrev  0x00001611      0x239 ./drivers/fsl_gpio.o
 .debug_abbrev  0x0000184a      0x33a ./drivers/fsl_lpuart.o
 .debug_abbrev  0x00001b84      0x390 ./drivers/fsl_spi.o
 .debug_abbrev  0x00001f14      0x2ad ./drivers/fsl_tpm.o
 .debug_abbrev  0x000021c1      0x148 ./device/system_MKL27Z644.o
 .debug_abbrev  0x00002309      0x1e9 ./component/uart/fsl_adapter_lpuart.o
 .debug_abbrev  0x000024f2      0x14c ./board/board.o
 .debug_abbrev  0x0000263e      0x1f8 ./board/clock_config.o
 .debug_abbrev  0x00002836      0x1f4 ./board/pin_mux.o

.debug_aranges  0x00000000      0xa08
 .debug_aranges
                0x00000000       0x20 ./utilities/fsl_assert.o
 .debug_aranges
                0x00000020       0x70 ./utilities/fsl_debug_console.o
 .debug_aranges
                0x00000090      0x160 ./startup/startup_mkl27z644.o
 .debug_aranges
                0x000001f0       0x40 ./source/delay.o
 .debug_aranges
                0x00000230       0x28 ./source/dp_main.o
 .debug_aranges
                0x00000258       0x60 ./source/drive_control.o
 .debug_aranges
                0x000002b8       0x18 ./source/mtb.o
 .debug_aranges
                0x000002d0       0x20 ./source/semihost_hardfault.o
 .debug_aranges
                0x000002f0       0xa0 ./source/sensors_control.o
 .debug_aranges
                0x00000390       0xd0 ./drivers/fsl_clock.o
 .debug_aranges
                0x00000460       0x38 ./drivers/fsl_common.o
 .debug_aranges
                0x00000498       0xd8 ./drivers/fsl_dma.o
 .debug_aranges
                0x00000570       0x68 ./drivers/fsl_gpio.o
 .debug_aranges
                0x000005d8      0x130 ./drivers/fsl_lpuart.o
 .debug_aranges
                0x00000708      0x148 ./drivers/fsl_spi.o
 .debug_aranges
                0x00000850       0x88 ./drivers/fsl_tpm.o
 .debug_aranges
                0x000008d8       0x30 ./device/system_MKL27Z644.o
 .debug_aranges
                0x00000908       0x50 ./component/uart/fsl_adapter_lpuart.o
 .debug_aranges
                0x00000958       0x28 ./board/board.o
 .debug_aranges
                0x00000980       0x50 ./board/clock_config.o
 .debug_aranges
                0x000009d0       0x38 ./board/pin_mux.o

.debug_ranges   0x00000000      0x8b0
 .debug_ranges  0x00000000       0x10 ./utilities/fsl_assert.o
 .debug_ranges  0x00000010       0x60 ./utilities/fsl_debug_console.o
 .debug_ranges  0x00000070      0x150 ./startup/startup_mkl27z644.o
 .debug_ranges  0x000001c0       0x30 ./source/delay.o
 .debug_ranges  0x000001f0       0x18 ./source/dp_main.o
 .debug_ranges  0x00000208       0x50 ./source/drive_control.o
 .debug_ranges  0x00000258       0x10 ./source/semihost_hardfault.o
 .debug_ranges  0x00000268       0x90 ./source/sensors_control.o
 .debug_ranges  0x000002f8       0xc0 ./drivers/fsl_clock.o
 .debug_ranges  0x000003b8       0x28 ./drivers/fsl_common.o
 .debug_ranges  0x000003e0       0xc8 ./drivers/fsl_dma.o
 .debug_ranges  0x000004a8       0x58 ./drivers/fsl_gpio.o
 .debug_ranges  0x00000500      0x120 ./drivers/fsl_lpuart.o
 .debug_ranges  0x00000620      0x138 ./drivers/fsl_spi.o
 .debug_ranges  0x00000758       0x78 ./drivers/fsl_tpm.o
 .debug_ranges  0x000007d0       0x20 ./device/system_MKL27Z644.o
 .debug_ranges  0x000007f0       0x40 ./component/uart/fsl_adapter_lpuart.o
 .debug_ranges  0x00000830       0x18 ./board/board.o
 .debug_ranges  0x00000848       0x40 ./board/clock_config.o
 .debug_ranges  0x00000888       0x28 ./board/pin_mux.o

.debug_macro    0x00000000     0xb7b4
 .debug_macro   0x00000000      0x1d5 ./utilities/fsl_assert.o
 .debug_macro   0x000001d5      0xae4 ./utilities/fsl_assert.o
 .debug_macro   0x00000cb9       0x22 ./utilities/fsl_assert.o
 .debug_macro   0x00000cdb       0x75 ./utilities/fsl_assert.o
 .debug_macro   0x00000d50       0x24 ./utilities/fsl_assert.o
 .debug_macro   0x00000d74       0x94 ./utilities/fsl_assert.o
 .debug_macro   0x00000e08       0x3c ./utilities/fsl_assert.o
 .debug_macro   0x00000e44       0x34 ./utilities/fsl_assert.o
 .debug_macro   0x00000e78       0x16 ./utilities/fsl_assert.o
 .debug_macro   0x00000e8e       0x22 ./utilities/fsl_assert.o
 .debug_macro   0x00000eb0      0x34e ./utilities/fsl_assert.o
 .debug_macro   0x000011fe      0x189 ./utilities/fsl_assert.o
 .debug_macro   0x00001387       0x57 ./utilities/fsl_assert.o
 .debug_macro   0x000013de      0x38c ./utilities/fsl_assert.o
 .debug_macro   0x0000176a       0x16 ./utilities/fsl_assert.o
 .debug_macro   0x00001780       0x4a ./utilities/fsl_assert.o
 .debug_macro   0x000017ca       0x34 ./utilities/fsl_assert.o
 .debug_macro   0x000017fe       0x10 ./utilities/fsl_assert.o
 .debug_macro   0x0000180e       0x58 ./utilities/fsl_assert.o
 .debug_macro   0x00001866      0x1de ./utilities/fsl_assert.o
 .debug_macro   0x00001a44       0x10 ./utilities/fsl_assert.o
 .debug_macro   0x00001a54       0x3c ./utilities/fsl_assert.o
 .debug_macro   0x00001a90       0x16 ./utilities/fsl_assert.o
 .debug_macro   0x00001aa6       0x16 ./utilities/fsl_assert.o
 .debug_macro   0x00001abc       0x29 ./utilities/fsl_assert.o
 .debug_macro   0x00001ae5       0x10 ./utilities/fsl_assert.o
 .debug_macro   0x00001af5       0x3f ./utilities/fsl_assert.o
 .debug_macro   0x00001b34       0x1c ./utilities/fsl_assert.o
 .debug_macro   0x00001b50       0x22 ./utilities/fsl_assert.o
 .debug_macro   0x00001b72       0xd1 ./utilities/fsl_assert.o
 .debug_macro   0x00001c43      0x3ad ./utilities/fsl_assert.o
 .debug_macro   0x00001ff0       0x3a ./utilities/fsl_assert.o
 .debug_macro   0x0000202a     0x547b ./utilities/fsl_assert.o
 .debug_macro   0x000074a5     0x10e6 ./utilities/fsl_assert.o
 .debug_macro   0x0000858b       0xfa ./utilities/fsl_assert.o
 .debug_macro   0x00008685       0xed ./utilities/fsl_assert.o
 .debug_macro   0x00008772       0x46 ./utilities/fsl_assert.o
 .debug_macro   0x000087b8      0x200 ./utilities/fsl_debug_console.o
 .debug_macro   0x000089b8       0x58 ./utilities/fsl_debug_console.o
 .debug_macro   0x00008a10      0x11c ./utilities/fsl_debug_console.o
 .debug_macro   0x00008b2c       0x94 ./utilities/fsl_debug_console.o
 .debug_macro   0x00008bc0      0x19b ./utilities/fsl_debug_console.o
 .debug_macro   0x00008d5b       0x16 ./utilities/fsl_debug_console.o
 .debug_macro   0x00008d71       0x40 ./utilities/fsl_debug_console.o
 .debug_macro   0x00008db1       0x34 ./utilities/fsl_debug_console.o
 .debug_macro   0x00008de5       0x29 ./startup/startup_mkl27z644.o
 .debug_macro   0x00008e0e      0x250 ./source/delay.o
 .debug_macro   0x0000905e       0x10 ./source/delay.o
 .debug_macro   0x0000906e      0x13c ./source/delay.o
 .debug_macro   0x000091aa       0x16 ./source/delay.o
 .debug_macro   0x000091c0      0x19d ./source/delay.o
 .debug_macro   0x0000935d       0x10 ./source/delay.o
 .debug_macro   0x0000936d       0x1c ./source/delay.o
 .debug_macro   0x00009389       0x10 ./source/delay.o
 .debug_macro   0x00009399       0x1c ./source/delay.o
 .debug_macro   0x000093b5       0x16 ./source/delay.o
 .debug_macro   0x000093cb      0x170 ./source/delay.o
 .debug_macro   0x0000953b      0x2da ./source/dp_main.o
 .debug_macro   0x00009815       0x16 ./source/dp_main.o
 .debug_macro   0x0000982b       0x10 ./source/dp_main.o
 .debug_macro   0x0000983b       0x94 ./source/dp_main.o
 .debug_macro   0x000098cf       0x70 ./source/dp_main.o
 .debug_macro   0x0000993f       0x1c ./source/dp_main.o
 .debug_macro   0x0000995b       0x10 ./source/dp_main.o
 .debug_macro   0x0000996b       0x34 ./source/dp_main.o
 .debug_macro   0x0000999f      0x127 ./source/dp_main.o
 .debug_macro   0x00009ac6       0x10 ./source/dp_main.o
 .debug_macro   0x00009ad6       0x10 ./source/dp_main.o
 .debug_macro   0x00009ae6       0x1c ./source/dp_main.o
 .debug_macro   0x00009b02      0x25f ./source/drive_control.o
 .debug_macro   0x00009d61       0x8e ./source/drive_control.o
 .debug_macro   0x00009def       0x2f ./source/mtb.o
 .debug_macro   0x00009e1e       0x82 ./source/mtb.o
 .debug_macro   0x00009ea0       0x10 ./source/mtb.o
 .debug_macro   0x00009eb0       0x11 ./source/semihost_hardfault.o
 .debug_macro   0x00009ec1      0x271 ./source/sensors_control.o
 .debug_macro   0x0000a132       0x6a ./source/sensors_control.o
 .debug_macro   0x0000a19c      0x20e ./drivers/fsl_clock.o
 .debug_macro   0x0000a3aa      0x1d8 ./drivers/fsl_common.o
 .debug_macro   0x0000a582      0x1e2 ./drivers/fsl_dma.o
 .debug_macro   0x0000a764      0x1e1 ./drivers/fsl_gpio.o
 .debug_macro   0x0000a945       0x10 ./drivers/fsl_gpio.o
 .debug_macro   0x0000a955      0x1e1 ./drivers/fsl_lpuart.o
 .debug_macro   0x0000ab36       0x10 ./drivers/fsl_lpuart.o
 .debug_macro   0x0000ab46      0x1e1 ./drivers/fsl_spi.o
 .debug_macro   0x0000ad27       0x16 ./drivers/fsl_spi.o
 .debug_macro   0x0000ad3d      0x1e8 ./drivers/fsl_tpm.o
 .debug_macro   0x0000af25       0x7f ./device/system_MKL27Z644.o
 .debug_macro   0x0000afa4      0x1f4 ./component/uart/fsl_adapter_lpuart.o
 .debug_macro   0x0000b198       0x2e ./component/uart/fsl_adapter_lpuart.o
 .debug_macro   0x0000b1c6      0x1f6 ./board/board.o
 .debug_macro   0x0000b3bc      0x1fb ./board/clock_config.o
 .debug_macro   0x0000b5b7      0x1e7 ./board/pin_mux.o
 .debug_macro   0x0000b79e       0x16 ./board/pin_mux.o

.debug_line     0x00000000     0x9659
 .debug_line    0x00000000      0x4b8 ./utilities/fsl_assert.o
 .debug_line    0x000004b8      0xd30 ./utilities/fsl_debug_console.o
 .debug_line    0x000011e8      0x2a6 ./startup/startup_mkl27z644.o
 .debug_line    0x0000148e      0x65e ./source/delay.o
 .debug_line    0x00001aec      0x680 ./source/dp_main.o
 .debug_line    0x0000216c      0x727 ./source/drive_control.o
 .debug_line    0x00002893       0xce ./source/mtb.o
 .debug_line    0x00002961       0x59 ./source/semihost_hardfault.o
 .debug_line    0x000029ba      0x938 ./source/sensors_control.o
 .debug_line    0x000032f2      0xa2d ./drivers/fsl_clock.o
 .debug_line    0x00003d1f      0x551 ./drivers/fsl_common.o
 .debug_line    0x00004270      0x977 ./drivers/fsl_dma.o
 .debug_line    0x00004be7      0x663 ./drivers/fsl_gpio.o
 .debug_line    0x0000524a     0x1027 ./drivers/fsl_lpuart.o
 .debug_line    0x00006271     0x1126 ./drivers/fsl_spi.o
 .debug_line    0x00007397      0xa3d ./drivers/fsl_tpm.o
 .debug_line    0x00007dd4      0x23a ./device/system_MKL27Z644.o
 .debug_line    0x0000800e      0x63f ./component/uart/fsl_adapter_lpuart.o
 .debug_line    0x0000864d      0x52a ./board/board.o
 .debug_line    0x00008b77      0x582 ./board/clock_config.o
 .debug_line    0x000090f9      0x560 ./board/pin_mux.o

.debug_str      0x00000000    0x3fbf9
 .debug_str     0x00000000    0x3fbf9 ./utilities/fsl_assert.o
                              0x3620c (size before relaxing)
 .debug_str     0x0003fbf9    0x37bd6 ./utilities/fsl_debug_console.o
 .debug_str     0x0003fbf9     0x3297 ./startup/startup_mkl27z644.o
 .debug_str     0x0003fbf9    0x38815 ./source/delay.o
 .debug_str     0x0003fbf9    0x3976a ./source/dp_main.o
 .debug_str     0x0003fbf9    0x3904f ./source/drive_control.o
 .debug_str     0x0003fbf9     0x3357 ./source/mtb.o
 .debug_str     0x0003fbf9     0x2e44 ./source/semihost_hardfault.o
 .debug_str     0x0003fbf9    0x3a07d ./source/sensors_control.o
 .debug_str     0x0003fbf9    0x3784d ./drivers/fsl_clock.o
 .debug_str     0x0003fbf9    0x3621d ./drivers/fsl_common.o
 .debug_str     0x0003fbf9    0x37633 ./drivers/fsl_dma.o
 .debug_str     0x0003fbf9    0x36bc1 ./drivers/fsl_gpio.o
 .debug_str     0x0003fbf9    0x37c93 ./drivers/fsl_lpuart.o
 .debug_str     0x0003fbf9    0x379a2 ./drivers/fsl_spi.o
 .debug_str     0x0003fbf9    0x3754f ./drivers/fsl_tpm.o
 .debug_str     0x0003fbf9    0x31df8 ./device/system_MKL27Z644.o
 .debug_str     0x0003fbf9    0x3720d ./component/uart/fsl_adapter_lpuart.o
 .debug_str     0x0003fbf9    0x36fb8 ./board/board.o
 .debug_str     0x0003fbf9    0x3716b ./board/clock_config.o
 .debug_str     0x0003fbf9    0x36d8f ./board/pin_mux.o

.comment        0x00000000       0x44
 .comment       0x00000000       0x44 ./utilities/fsl_assert.o
                                 0x45 (size before relaxing)
 .comment       0x00000044       0x45 ./utilities/fsl_debug_console.o
 .comment       0x00000044       0x45 ./startup/startup_mkl27z644.o
 .comment       0x00000044       0x45 ./source/delay.o
 .comment       0x00000044       0x45 ./source/dp_main.o
 .comment       0x00000044       0x45 ./source/drive_control.o
 .comment       0x00000044       0x45 ./source/mtb.o
 .comment       0x00000044       0x45 ./source/semihost_hardfault.o
 .comment       0x00000044       0x45 ./source/sensors_control.o
 .comment       0x00000044       0x45 ./drivers/fsl_clock.o
 .comment       0x00000044       0x45 ./drivers/fsl_common.o
 .comment       0x00000044       0x45 ./drivers/fsl_dma.o
 .comment       0x00000044       0x45 ./drivers/fsl_gpio.o
 .comment       0x00000044       0x45 ./drivers/fsl_lpuart.o
 .comment       0x00000044       0x45 ./drivers/fsl_spi.o
 .comment       0x00000044       0x45 ./drivers/fsl_tpm.o
 .comment       0x00000044       0x45 ./device/system_MKL27Z644.o
 .comment       0x00000044       0x45 ./component/uart/fsl_adapter_lpuart.o
 .comment       0x00000044       0x45 ./board/board.o
 .comment       0x00000044       0x45 ./board/clock_config.o
 .comment       0x00000044       0x45 ./board/pin_mux.o

.ARM.attributes
                0x00000000       0x2c
 .ARM.attributes
                0x00000000       0x2c ./utilities/fsl_assert.o
 .ARM.attributes
                0x0000002c       0x2c ./utilities/fsl_debug_console.o
 .ARM.attributes
                0x00000058       0x2c ./startup/startup_mkl27z644.o
 .ARM.attributes
                0x00000084       0x2c ./source/delay.o
 .ARM.attributes
                0x000000b0       0x2c ./source/dp_main.o
 .ARM.attributes
                0x000000dc       0x2c ./source/drive_control.o
 .ARM.attributes
                0x00000108       0x2c ./source/mtb.o
 .ARM.attributes
                0x00000134       0x2c ./source/semihost_hardfault.o
 .ARM.attributes
                0x00000160       0x2c ./source/sensors_control.o
 .ARM.attributes
                0x0000018c       0x2c ./drivers/fsl_clock.o
 .ARM.attributes
                0x000001b8       0x2c ./drivers/fsl_common.o
 .ARM.attributes
                0x000001e4       0x2c ./drivers/fsl_dma.o
 .ARM.attributes
                0x00000210       0x2c ./drivers/fsl_gpio.o
 .ARM.attributes
                0x0000023c       0x2c ./drivers/fsl_lpuart.o
 .ARM.attributes
                0x00000268       0x2c ./drivers/fsl_spi.o
 .ARM.attributes
                0x00000294       0x2c ./drivers/fsl_tpm.o
 .ARM.attributes
                0x000002c0       0x2c ./device/system_MKL27Z644.o
 .ARM.attributes
                0x000002ec       0x2c ./component/uart/fsl_adapter_lpuart.o
 .ARM.attributes
                0x00000318       0x2c ./board/board.o
 .ARM.attributes
                0x00000344       0x2c ./board/clock_config.o
 .ARM.attributes
                0x00000370       0x2c ./board/pin_mux.o
 .ARM.attributes
                0x0000039c       0x1e D:/MCUXpressoIDE_24.9.25/ide/plugins/com.nxp.mcuxpresso.tools.win32_24.9.0.202407110857/tools/bin/../lib/gcc/arm-none-eabi/13.2.1/thumb/v6-m/nofp\libgcc.a(_udivsi3.o)
 .ARM.attributes
                0x000003ba       0x1e D:/MCUXpressoIDE_24.9.25/ide/plugins/com.nxp.mcuxpresso.tools.win32_24.9.0.202407110857/tools/bin/../lib/gcc/arm-none-eabi/13.2.1/thumb/v6-m/nofp\libgcc.a(_divsi3.o)
 .ARM.attributes
                0x000003d8       0x1e D:/MCUXpressoIDE_24.9.25/ide/plugins/com.nxp.mcuxpresso.tools.win32_24.9.0.202407110857/tools/bin/../lib/gcc/arm-none-eabi/13.2.1/thumb/v6-m/nofp\libgcc.a(_dvmd_tls.o)
 .ARM.attributes
                0x000003f6       0x1e D:/MCUXpressoIDE_24.9.25/ide/plugins/com.nxp.mcuxpresso.tools.win32_24.9.0.202407110857/tools/bin/../lib/gcc/arm-none-eabi/13.2.1/thumb/v6-m/nofp\libgcc.a(_aeabi_uldivmod.o)
 .ARM.attributes
                0x00000414       0x2c D:/MCUXpressoIDE_24.9.25/ide/plugins/com.nxp.mcuxpresso.tools.win32_24.9.0.202407110857/tools/bin/../lib/gcc/arm-none-eabi/13.2.1/thumb/v6-m/nofp\libgcc.a(_muldi3.o)
 .ARM.attributes
                0x00000440       0x2c D:/MCUXpressoIDE_24.9.25/ide/plugins/com.nxp.mcuxpresso.tools.win32_24.9.0.202407110857/tools/bin/../lib/gcc/arm-none-eabi/13.2.1/thumb/v6-m/nofp\libgcc.a(_fixunsdfsi.o)
 .ARM.attributes
                0x0000046c       0x2c D:/MCUXpressoIDE_24.9.25/ide/plugins/com.nxp.mcuxpresso.tools.win32_24.9.0.202407110857/tools/bin/../lib/gcc/arm-none-eabi/13.2.1/thumb/v6-m/nofp\libgcc.a(_udivmoddi4.o)
 .ARM.attributes
                0x00000498       0x2c D:/MCUXpressoIDE_24.9.25/ide/plugins/com.nxp.mcuxpresso.tools.win32_24.9.0.202407110857/tools/bin/../lib/gcc/arm-none-eabi/13.2.1/thumb/v6-m/nofp\libgcc.a(divdf3.o)
 .ARM.attributes
                0x000004c4       0x2c D:/MCUXpressoIDE_24.9.25/ide/plugins/com.nxp.mcuxpresso.tools.win32_24.9.0.202407110857/tools/bin/../lib/gcc/arm-none-eabi/13.2.1/thumb/v6-m/nofp\libgcc.a(muldf3.o)
 .ARM.attributes
                0x000004f0       0x2c D:/MCUXpressoIDE_24.9.25/ide/plugins/com.nxp.mcuxpresso.tools.win32_24.9.0.202407110857/tools/bin/../lib/gcc/arm-none-eabi/13.2.1/thumb/v6-m/nofp\libgcc.a(subdf3.o)
 .ARM.attributes
                0x0000051c       0x2c D:/MCUXpressoIDE_24.9.25/ide/plugins/com.nxp.mcuxpresso.tools.win32_24.9.0.202407110857/tools/bin/../lib/gcc/arm-none-eabi/13.2.1/thumb/v6-m/nofp\libgcc.a(fixdfsi.o)
 .ARM.attributes
                0x00000548       0x2c D:/MCUXpressoIDE_24.9.25/ide/plugins/com.nxp.mcuxpresso.tools.win32_24.9.0.202407110857/tools/bin/../lib/gcc/arm-none-eabi/13.2.1/thumb/v6-m/nofp\libgcc.a(floatunsidf.o)
 .ARM.attributes
                0x00000574       0x2c D:/MCUXpressoIDE_24.9.25/ide/plugins/com.nxp.mcuxpresso.tools.win32_24.9.0.202407110857/tools/bin/../lib/gcc/arm-none-eabi/13.2.1/thumb/v6-m/nofp\libgcc.a(truncdfsf2.o)
 .ARM.attributes
                0x000005a0       0x1e D:/MCUXpressoIDE_24.9.25/ide/plugins/com.nxp.mcuxpresso.tools.win32_24.9.0.202407110857/tools/bin/../lib/gcc/arm-none-eabi/13.2.1/thumb/v6-m/nofp\libgcc.a(_arm_cmpdf2.o)
 .ARM.attributes
                0x000005be       0x1e D:/MCUXpressoIDE_24.9.25/ide/plugins/com.nxp.mcuxpresso.tools.win32_24.9.0.202407110857/tools/bin/../lib/gcc/arm-none-eabi/13.2.1/thumb/v6-m/nofp\libgcc.a(_clzsi2.o)
 .ARM.attributes
                0x000005dc       0x1e D:/MCUXpressoIDE_24.9.25/ide/plugins/com.nxp.mcuxpresso.tools.win32_24.9.0.202407110857/tools/bin/../lib/gcc/arm-none-eabi/13.2.1/thumb/v6-m/nofp\libgcc.a(_clzdi2.o)
 .ARM.attributes
                0x000005fa       0x2c D:/MCUXpressoIDE_24.9.25/ide/plugins/com.nxp.mcuxpresso.tools.win32_24.9.0.202407110857/tools/bin/../lib/gcc/arm-none-eabi/13.2.1/thumb/v6-m/nofp\libgcc.a(eqdf2.o)
 .ARM.attributes
                0x00000626       0x2c D:/MCUXpressoIDE_24.9.25/ide/plugins/com.nxp.mcuxpresso.tools.win32_24.9.0.202407110857/tools/bin/../lib/gcc/arm-none-eabi/13.2.1/thumb/v6-m/nofp\libgcc.a(gedf2.o)
 .ARM.attributes
                0x00000652       0x2c D:/MCUXpressoIDE_24.9.25/ide/plugins/com.nxp.mcuxpresso.tools.win32_24.9.0.202407110857/tools/bin/../lib/gcc/arm-none-eabi/13.2.1/thumb/v6-m/nofp\libgcc.a(ledf2.o)
 .ARM.attributes
                0x0000067e       0x2c D:/MCUXpressoIDE_24.9.25/ide/plugins/com.nxp.mcuxpresso.tools.win32_24.9.0.202407110857/tools/bin/../lib/gcc/arm-none-eabi/13.2.1/thumb/v6-m/nofp\libc.a(libc_a-memset.o)
 .ARM.attributes
                0x000006aa       0x2c D:/MCUXpressoIDE_24.9.25/ide/plugins/com.nxp.mcuxpresso.tools.win32_24.9.0.202407110857/tools/bin/../lib/gcc/arm-none-eabi/13.2.1/thumb/v6-m/nofp\libc.a(libc_a-strlen-stub.o)

.debug_frame    0x00000000     0x22c0
 .debug_frame   0x00000000       0x30 ./utilities/fsl_assert.o
 .debug_frame   0x00000030      0x170 ./utilities/fsl_debug_console.o
 .debug_frame   0x000001a0      0x3b0 ./startup/startup_mkl27z644.o
 .debug_frame   0x00000550       0xa8 ./source/delay.o
 .debug_frame   0x000005f8       0x50 ./source/dp_main.o
 .debug_frame   0x00000648      0x128 ./source/drive_control.o
 .debug_frame   0x00000770       0x20 ./source/semihost_hardfault.o
 .debug_frame   0x00000790      0x228 ./source/sensors_control.o
 .debug_frame   0x000009b8      0x2e8 ./drivers/fsl_clock.o
 .debug_frame   0x00000ca0       0x94 ./drivers/fsl_common.o
 .debug_frame   0x00000d34      0x300 ./drivers/fsl_dma.o
 .debug_frame   0x00001034      0x150 ./drivers/fsl_gpio.o
 .debug_frame   0x00001184      0x468 ./drivers/fsl_lpuart.o
 .debug_frame   0x000015ec      0x4c8 ./drivers/fsl_spi.o
 .debug_frame   0x00001ab4      0x1d8 ./drivers/fsl_tpm.o
 .debug_frame   0x00001c8c       0x68 ./device/system_MKL27Z644.o
 .debug_frame   0x00001cf4       0xf0 ./component/uart/fsl_adapter_lpuart.o
 .debug_frame   0x00001de4       0x50 ./board/board.o
 .debug_frame   0x00001e34       0xe0 ./board/clock_config.o
 .debug_frame   0x00001f14       0x8c ./board/pin_mux.o
 .debug_frame   0x00001fa0       0x20 D:/MCUXpressoIDE_24.9.25/ide/plugins/com.nxp.mcuxpresso.tools.win32_24.9.0.202407110857/tools/bin/../lib/gcc/arm-none-eabi/13.2.1/thumb/v6-m/nofp\libgcc.a(_udivsi3.o)
 .debug_frame   0x00001fc0       0x20 D:/MCUXpressoIDE_24.9.25/ide/plugins/com.nxp.mcuxpresso.tools.win32_24.9.0.202407110857/tools/bin/../lib/gcc/arm-none-eabi/13.2.1/thumb/v6-m/nofp\libgcc.a(_divsi3.o)
 .debug_frame   0x00001fe0       0x34 D:/MCUXpressoIDE_24.9.25/ide/plugins/com.nxp.mcuxpresso.tools.win32_24.9.0.202407110857/tools/bin/../lib/gcc/arm-none-eabi/13.2.1/thumb/v6-m/nofp\libgcc.a(_muldi3.o)
 .debug_frame   0x00002014       0x2c D:/MCUXpressoIDE_24.9.25/ide/plugins/com.nxp.mcuxpresso.tools.win32_24.9.0.202407110857/tools/bin/../lib/gcc/arm-none-eabi/13.2.1/thumb/v6-m/nofp\libgcc.a(_fixunsdfsi.o)
 .debug_frame   0x00002040       0x3c D:/MCUXpressoIDE_24.9.25/ide/plugins/com.nxp.mcuxpresso.tools.win32_24.9.0.202407110857/tools/bin/../lib/gcc/arm-none-eabi/13.2.1/thumb/v6-m/nofp\libgcc.a(_udivmoddi4.o)
 .debug_frame   0x0000207c       0x3c D:/MCUXpressoIDE_24.9.25/ide/plugins/com.nxp.mcuxpresso.tools.win32_24.9.0.202407110857/tools/bin/../lib/gcc/arm-none-eabi/13.2.1/thumb/v6-m/nofp\libgcc.a(divdf3.o)
 .debug_frame   0x000020b8       0x3c D:/MCUXpressoIDE_24.9.25/ide/plugins/com.nxp.mcuxpresso.tools.win32_24.9.0.202407110857/tools/bin/../lib/gcc/arm-none-eabi/13.2.1/thumb/v6-m/nofp\libgcc.a(muldf3.o)
 .debug_frame   0x000020f4       0x3c D:/MCUXpressoIDE_24.9.25/ide/plugins/com.nxp.mcuxpresso.tools.win32_24.9.0.202407110857/tools/bin/../lib/gcc/arm-none-eabi/13.2.1/thumb/v6-m/nofp\libgcc.a(subdf3.o)
 .debug_frame   0x00002130       0x30 D:/MCUXpressoIDE_24.9.25/ide/plugins/com.nxp.mcuxpresso.tools.win32_24.9.0.202407110857/tools/bin/../lib/gcc/arm-none-eabi/13.2.1/thumb/v6-m/nofp\libgcc.a(fixdfsi.o)
 .debug_frame   0x00002160       0x28 D:/MCUXpressoIDE_24.9.25/ide/plugins/com.nxp.mcuxpresso.tools.win32_24.9.0.202407110857/tools/bin/../lib/gcc/arm-none-eabi/13.2.1/thumb/v6-m/nofp\libgcc.a(floatunsidf.o)
 .debug_frame   0x00002188       0x30 D:/MCUXpressoIDE_24.9.25/ide/plugins/com.nxp.mcuxpresso.tools.win32_24.9.0.202407110857/tools/bin/../lib/gcc/arm-none-eabi/13.2.1/thumb/v6-m/nofp\libgcc.a(truncdfsf2.o)
 .debug_frame   0x000021b8       0x38 D:/MCUXpressoIDE_24.9.25/ide/plugins/com.nxp.mcuxpresso.tools.win32_24.9.0.202407110857/tools/bin/../lib/gcc/arm-none-eabi/13.2.1/thumb/v6-m/nofp\libgcc.a(eqdf2.o)
 .debug_frame   0x000021f0       0x3c D:/MCUXpressoIDE_24.9.25/ide/plugins/com.nxp.mcuxpresso.tools.win32_24.9.0.202407110857/tools/bin/../lib/gcc/arm-none-eabi/13.2.1/thumb/v6-m/nofp\libgcc.a(gedf2.o)
 .debug_frame   0x0000222c       0x3c D:/MCUXpressoIDE_24.9.25/ide/plugins/com.nxp.mcuxpresso.tools.win32_24.9.0.202407110857/tools/bin/../lib/gcc/arm-none-eabi/13.2.1/thumb/v6-m/nofp\libgcc.a(ledf2.o)
 .debug_frame   0x00002268       0x30 D:/MCUXpressoIDE_24.9.25/ide/plugins/com.nxp.mcuxpresso.tools.win32_24.9.0.202407110857/tools/bin/../lib/gcc/arm-none-eabi/13.2.1/thumb/v6-m/nofp\libc.a(libc_a-memset.o)
 .debug_frame   0x00002298       0x28 D:/MCUXpressoIDE_24.9.25/ide/plugins/com.nxp.mcuxpresso.tools.win32_24.9.0.202407110857/tools/bin/../lib/gcc/arm-none-eabi/13.2.1/thumb/v6-m/nofp\libc.a(libc_a-strlen-stub.o)

.debug_loc      0x00000000      0x1de
 .debug_loc     0x00000000      0x1de ./startup/startup_mkl27z644.o

.debug_line_str
                0x00000000       0xd5
 .debug_line_str
                0x00000000       0xd5 D:/MCUXpressoIDE_24.9.25/ide/plugins/com.nxp.mcuxpresso.tools.win32_24.9.0.202407110857/tools/bin/../lib/gcc/arm-none-eabi/13.2.1/thumb/v6-m/nofp\libgcc.a(_udivsi3.o)
                                 0xc9 (size before relaxing)
 .debug_line_str
                0x000000d5       0xc9 D:/MCUXpressoIDE_24.9.25/ide/plugins/com.nxp.mcuxpresso.tools.win32_24.9.0.202407110857/tools/bin/../lib/gcc/arm-none-eabi/13.2.1/thumb/v6-m/nofp\libgcc.a(_divsi3.o)
 .debug_line_str
                0x000000d5       0xc9 D:/MCUXpressoIDE_24.9.25/ide/plugins/com.nxp.mcuxpresso.tools.win32_24.9.0.202407110857/tools/bin/../lib/gcc/arm-none-eabi/13.2.1/thumb/v6-m/nofp\libgcc.a(_dvmd_tls.o)
 .debug_line_str
                0x000000d5       0xc9 D:/MCUXpressoIDE_24.9.25/ide/plugins/com.nxp.mcuxpresso.tools.win32_24.9.0.202407110857/tools/bin/../lib/gcc/arm-none-eabi/13.2.1/thumb/v6-m/nofp\libgcc.a(_aeabi_uldivmod.o)
 .debug_line_str
                0x000000d5       0xc9 D:/MCUXpressoIDE_24.9.25/ide/plugins/com.nxp.mcuxpresso.tools.win32_24.9.0.202407110857/tools/bin/../lib/gcc/arm-none-eabi/13.2.1/thumb/v6-m/nofp\libgcc.a(_arm_cmpdf2.o)
 .debug_line_str
                0x000000d5       0xc9 D:/MCUXpressoIDE_24.9.25/ide/plugins/com.nxp.mcuxpresso.tools.win32_24.9.0.202407110857/tools/bin/../lib/gcc/arm-none-eabi/13.2.1/thumb/v6-m/nofp\libgcc.a(_clzsi2.o)
 .debug_line_str
                0x000000d5       0xc9 D:/MCUXpressoIDE_24.9.25/ide/plugins/com.nxp.mcuxpresso.tools.win32_24.9.0.202407110857/tools/bin/../lib/gcc/arm-none-eabi/13.2.1/thumb/v6-m/nofp\libgcc.a(_clzdi2.o)

Cross Reference Table

Symbol                                            File
ADC0_DriverIRQHandler                             ./startup/startup_mkl27z644.o
ADC0_IRQHandler                                   ./startup/startup_mkl27z644.o
ADC16_ClearStatusFlags                            ./drivers/fsl_adc16.o
ADC16_Deinit                                      ./drivers/fsl_adc16.o
ADC16_DoAutoCalibration                           ./drivers/fsl_adc16.o
                                                  ./source/sensors_control.o
ADC16_GetChannelStatusFlags                       ./drivers/fsl_adc16.o
                                                  ./source/sensors_control.o
ADC16_GetDefaultConfig                            ./drivers/fsl_adc16.o
                                                  ./source/sensors_control.o
ADC16_GetStatusFlags                              ./drivers/fsl_adc16.o
ADC16_Init                                        ./drivers/fsl_adc16.o
                                                  ./source/sensors_control.o
ADC16_SetChannelConfig                            ./drivers/fsl_adc16.o
                                                  ./source/sensors_control.o
ADC16_SetChannelMuxMode                           ./drivers/fsl_adc16.o
ADC16_SetHardwareAverage                          ./drivers/fsl_adc16.o
ADC16_SetHardwareCompareConfig                    ./drivers/fsl_adc16.o
BOARD_BootClockRUN                                ./board/clock_config.o
                                                  ./source/dp_main.o
BOARD_BootClockVLPR                               ./board/clock_config.o
BOARD_InitBootClocks                              ./board/clock_config.o
                                                  ./source/dp_main.o
BOARD_InitBootPeripherals                         ./board/peripherals.o
BOARD_InitBootPins                                ./board/pin_mux.o
BOARD_InitDebugConsole                            ./board/board.o
                                                  ./source/dp_main.o
BOARD_InitPeripherals                             ./board/peripherals.o
BOARD_InitPins                                    ./board/pin_mux.o
                                                  ./source/dp_main.o
CLOCK_DeinitOsc0                                  ./drivers/fsl_clock.o
CLOCK_EnableUsbfs0Clock                           ./drivers/fsl_clock.o
CLOCK_GetBusClkFreq                               ./drivers/fsl_clock.o
CLOCK_GetCoreSysClkFreq                           ./drivers/fsl_clock.o
CLOCK_GetEr32kClkFreq                             ./drivers/fsl_clock.o
CLOCK_GetFlashClkFreq                             ./drivers/fsl_clock.o
CLOCK_GetFreq                                     ./drivers/fsl_clock.o
                                                  ./source/sensors_control.o
                                                  ./source/drive_control.o
CLOCK_GetInternalRefClkFreq                       ./drivers/fsl_clock.o
CLOCK_GetMode                                     ./drivers/fsl_clock.o
CLOCK_GetOsc0ErClkFreq                            ./drivers/fsl_clock.o
CLOCK_GetOutClkFreq                               ./drivers/fsl_clock.o
CLOCK_GetPeriphClkFreq                            ./drivers/fsl_clock.o
                                                  ./board/board.o
CLOCK_GetPlatClkFreq                              ./drivers/fsl_clock.o
CLOCK_InitOsc0                                    ./drivers/fsl_clock.o
CLOCK_SetMcgliteConfig                            ./drivers/fsl_clock.o
                                                  ./board/clock_config.o
CLOCK_SetSimConfig                                ./drivers/fsl_clock.o
                                                  ./board/clock_config.o
CMP0_DriverIRQHandler                             ./startup/startup_mkl27z644.o
CMP0_IRQHandler                                   ./startup/startup_mkl27z644.o
DMA0_DriverIRQHandler                             ./drivers/fsl_dma.o
                                                  ./startup/startup_mkl27z644.o
DMA0_IRQHandler                                   ./startup/startup_mkl27z644.o
DMA1_DriverIRQHandler                             ./drivers/fsl_dma.o
                                                  ./startup/startup_mkl27z644.o
DMA1_IRQHandler                                   ./startup/startup_mkl27z644.o
DMA2_DriverIRQHandler                             ./drivers/fsl_dma.o
                                                  ./startup/startup_mkl27z644.o
DMA2_IRQHandler                                   ./startup/startup_mkl27z644.o
DMA3_DriverIRQHandler                             ./drivers/fsl_dma.o
                                                  ./startup/startup_mkl27z644.o
DMA3_IRQHandler                                   ./startup/startup_mkl27z644.o
DMAMUX_Deinit                                     ./drivers/fsl_dmamux.o
DMAMUX_Init                                       ./drivers/fsl_dmamux.o
DMA_AbortTransfer                                 ./drivers/fsl_dma.o
DMA_CreateHandle                                  ./drivers/fsl_dma.o
DMA_Deinit                                        ./drivers/fsl_dma.o
DMA_HandleIRQ                                     ./drivers/fsl_dma.o
DMA_Init                                          ./drivers/fsl_dma.o
DMA_PrepareTransfer                               ./drivers/fsl_dma.o
DMA_PrepareTransferConfig                         ./drivers/fsl_dma.o
DMA_ResetChannel                                  ./drivers/fsl_dma.o
DMA_SetCallback                                   ./drivers/fsl_dma.o
                                                  ./drivers/fsl_spi_dma.o
DMA_SetChannelLinkConfig                          ./drivers/fsl_dma.o
DMA_SetModulo                                     ./drivers/fsl_dma.o
DMA_SetTransferConfig                             ./drivers/fsl_dma.o
DMA_SubmitTransfer                                ./drivers/fsl_dma.o
                                                  ./drivers/fsl_spi_dma.o
DbgConsole_Deinit                                 ./utilities/fsl_debug_console.o
DbgConsole_Getchar                                ./utilities/fsl_debug_console.o
DbgConsole_Init                                   ./utilities/fsl_debug_console.o
                                                  ./board/board.o
DbgConsole_Printf                                 ./utilities/fsl_debug_console.o
                                                  ./source/sensors_control.o
                                                  ./source/pixySPI.o
                                                  ./source/drive_control.o
                                                  ./source/dp_main.o
                                                  ./utilities/fsl_assert.o
DbgConsole_Putchar                                ./utilities/fsl_debug_console.o
DbgConsole_Scanf                                  ./utilities/fsl_debug_console.o
Driver_SPI0                                       ./drivers/fsl_spi_cmsis.o
                                                  ./board/peripherals.o
                                                  ./source/pixySPI.o
FGPIO_PinInit                                     ./drivers/fsl_gpio.o
FGPIO_PortClearInterruptFlags                     ./drivers/fsl_gpio.o
FGPIO_PortGetInterruptFlags                       ./drivers/fsl_gpio.o
FTFA_DriverIRQHandler                             ./startup/startup_mkl27z644.o
FTFA_IRQHandler                                   ./startup/startup_mkl27z644.o
Flash_Config                                      ./startup/startup_mkl27z644.o
GPIO_PinInit                                      ./drivers/fsl_gpio.o
                                                  ./board/pin_mux.o
GPIO_PortClearInterruptFlags                      ./drivers/fsl_gpio.o
GPIO_PortGetInterruptFlags                        ./drivers/fsl_gpio.o
GetSRF5_distacne                                  ./source/sensors_control.o
                                                  ./source/dp_main.o
HAL_UartDeinit                                    ./component/uart/fsl_adapter_lpuart.o
                                                  ./utilities/fsl_debug_console.o
HAL_UartEnterLowpower                             ./component/uart/fsl_adapter_lpuart.o
HAL_UartExitLowpower                              ./component/uart/fsl_adapter_lpuart.o
HAL_UartInit                                      ./component/uart/fsl_adapter_lpuart.o
                                                  ./utilities/fsl_debug_console.o
HAL_UartReceiveBlocking                           ./component/uart/fsl_adapter_lpuart.o
                                                  ./utilities/fsl_debug_console.o
HAL_UartSendBlocking                              ./component/uart/fsl_adapter_lpuart.o
                                                  ./utilities/fsl_debug_console.o
HardFault_Handler                                 ./source/semihost_hardfault.o
                                                  ./startup/startup_mkl27z644.o
I2C0_DriverIRQHandler                             ./startup/startup_mkl27z644.o
I2C0_IRQHandler                                   ./startup/startup_mkl27z644.o
I2C1_DriverIRQHandler                             ./startup/startup_mkl27z644.o
I2C1_IRQHandler                                   ./startup/startup_mkl27z644.o
IntDefaultHandler                                 ./startup/startup_mkl27z644.o
LIST_AddHead                                      ./component/lists/fsl_component_generic_list.o
LIST_AddPrevElement                               ./component/lists/fsl_component_generic_list.o
LIST_AddTail                                      ./component/lists/fsl_component_generic_list.o
LIST_GetAvailableSize                             ./component/lists/fsl_component_generic_list.o
LIST_GetHead                                      ./component/lists/fsl_component_generic_list.o
LIST_GetList                                      ./component/lists/fsl_component_generic_list.o
LIST_GetNext                                      ./component/lists/fsl_component_generic_list.o
LIST_GetPrev                                      ./component/lists/fsl_component_generic_list.o
LIST_GetSize                                      ./component/lists/fsl_component_generic_list.o
LIST_Init                                         ./component/lists/fsl_component_generic_list.o
LIST_RemoveElement                                ./component/lists/fsl_component_generic_list.o
LIST_RemoveHead                                   ./component/lists/fsl_component_generic_list.o
LLWU_DriverIRQHandler                             ./startup/startup_mkl27z644.o
LLWU_IRQHandler                                   ./startup/startup_mkl27z644.o
LPTMR0_DriverIRQHandler                           ./startup/startup_mkl27z644.o
LPTMR0_IRQHandler                                 ./startup/startup_mkl27z644.o
LPUART0_DriverIRQHandler                          ./drivers/fsl_lpuart.o
                                                  ./startup/startup_mkl27z644.o
LPUART0_IRQHandler                                ./startup/startup_mkl27z644.o
LPUART1_DriverIRQHandler                          ./drivers/fsl_lpuart.o
                                                  ./startup/startup_mkl27z644.o
LPUART1_IRQHandler                                ./startup/startup_mkl27z644.o
LPUART_ClearStatusFlags                           ./drivers/fsl_lpuart.o
LPUART_Deinit                                     ./drivers/fsl_lpuart.o
                                                  ./component/uart/fsl_adapter_lpuart.o
LPUART_DisableInterrupts                          ./drivers/fsl_lpuart.o
LPUART_Enable9bitMode                             ./drivers/fsl_lpuart.o
LPUART_EnableInterrupts                           ./drivers/fsl_lpuart.o
LPUART_GetDefaultConfig                           ./drivers/fsl_lpuart.o
                                                  ./component/uart/fsl_adapter_lpuart.o
LPUART_GetEnabledInterrupts                       ./drivers/fsl_lpuart.o
LPUART_GetInstance                                ./drivers/fsl_lpuart.o
LPUART_GetStatusFlags                             ./drivers/fsl_lpuart.o
LPUART_Init                                       ./drivers/fsl_lpuart.o
                                                  ./component/uart/fsl_adapter_lpuart.o
LPUART_ReadBlocking                               ./drivers/fsl_lpuart.o
                                                  ./component/uart/fsl_adapter_lpuart.o
LPUART_SendAddress                                ./drivers/fsl_lpuart.o
LPUART_SetBaudRate                                ./drivers/fsl_lpuart.o
LPUART_TransferAbortReceive                       ./drivers/fsl_lpuart.o
LPUART_TransferAbortSend                          ./drivers/fsl_lpuart.o
LPUART_TransferCreateHandle                       ./drivers/fsl_lpuart.o
LPUART_TransferGetReceiveCount                    ./drivers/fsl_lpuart.o
LPUART_TransferGetRxRingBufferLength              ./drivers/fsl_lpuart.o
LPUART_TransferGetSendCount                       ./drivers/fsl_lpuart.o
LPUART_TransferHandleErrorIRQ                     ./drivers/fsl_lpuart.o
LPUART_TransferHandleIRQ                          ./drivers/fsl_lpuart.o
LPUART_TransferReceiveNonBlocking                 ./drivers/fsl_lpuart.o
LPUART_TransferSendNonBlocking                    ./drivers/fsl_lpuart.o
LPUART_TransferStartRingBuffer                    ./drivers/fsl_lpuart.o
LPUART_TransferStopRingBuffer                     ./drivers/fsl_lpuart.o
LPUART_WriteBlocking                              ./drivers/fsl_lpuart.o
                                                  ./component/uart/fsl_adapter_lpuart.o
NMI_Handler                                       ./startup/startup_mkl27z644.o
PIT_DriverIRQHandler                              ./startup/startup_mkl27z644.o
PIT_IRQHandler                                    ./startup/startup_mkl27z644.o
PMC_DriverIRQHandler                              ./startup/startup_mkl27z644.o
PMC_IRQHandler                                    ./startup/startup_mkl27z644.o
PORTA_DriverIRQHandler                            ./startup/startup_mkl27z644.o
PORTA_IRQHandler                                  ./startup/startup_mkl27z644.o
PORTB_PORTC_PORTD_PORTE_DriverIRQHandler          ./startup/startup_mkl27z644.o
PORTB_PORTC_PORTD_PORTE_IRQHandler                ./startup/startup_mkl27z644.o
PendSV_Handler                                    ./startup/startup_mkl27z644.o
PixyGetResolution                                 ./source/pixySPI.o
PixyGetVectors                                    ./source/pixySPI.o
PixyInit                                          ./source/pixySPI.o
PixySetLED                                        ./source/pixySPI.o
PixySetLamp                                       ./source/pixySPI.o
PixySetServos                                     ./source/pixySPI.o
RTC_DriverIRQHandler                              ./startup/startup_mkl27z644.o
RTC_IRQHandler                                    ./startup/startup_mkl27z644.o
RTC_Seconds_DriverIRQHandler                      ./startup/startup_mkl27z644.o
RTC_Seconds_IRQHandler                            ./startup/startup_mkl27z644.o
Reserved20_DriverIRQHandler                       ./startup/startup_mkl27z644.o
Reserved20_IRQHandler                             ./startup/startup_mkl27z644.o
Reserved39_DriverIRQHandler                       ./startup/startup_mkl27z644.o
Reserved39_IRQHandler                             ./startup/startup_mkl27z644.o
Reserved41_DriverIRQHandler                       ./startup/startup_mkl27z644.o
Reserved41_IRQHandler                             ./startup/startup_mkl27z644.o
Reserved42_DriverIRQHandler                       ./startup/startup_mkl27z644.o
Reserved42_IRQHandler                             ./startup/startup_mkl27z644.o
Reserved43_DriverIRQHandler                       ./startup/startup_mkl27z644.o
Reserved43_IRQHandler                             ./startup/startup_mkl27z644.o
Reserved45_DriverIRQHandler                       ./startup/startup_mkl27z644.o
Reserved45_IRQHandler                             ./startup/startup_mkl27z644.o
ResetISR                                          ./startup/startup_mkl27z644.o
SDK_DelayAtLeastUs                                ./drivers/fsl_common.o
                                                  ./source/sensors_control.o
SDK_Free                                          ./drivers/fsl_common.o
SDK_Malloc                                        ./drivers/fsl_common.o
SMC_PostExitStopModes                             ./drivers/fsl_smc.o
SMC_PostExitWaitModes                             ./drivers/fsl_smc.o
SMC_PreEnterStopModes                             ./drivers/fsl_smc.o
SMC_PreEnterWaitModes                             ./drivers/fsl_smc.o
SMC_SetPowerModeLls                               ./drivers/fsl_smc.o
SMC_SetPowerModeRun                               ./drivers/fsl_smc.o
SMC_SetPowerModeStop                              ./drivers/fsl_smc.o
SMC_SetPowerModeVlls                              ./drivers/fsl_smc.o
SMC_SetPowerModeVlpr                              ./drivers/fsl_smc.o
                                                  ./board/clock_config.o
SMC_SetPowerModeVlps                              ./drivers/fsl_smc.o
SMC_SetPowerModeVlpw                              ./drivers/fsl_smc.o
SMC_SetPowerModeWait                              ./drivers/fsl_smc.o
SPI0_DriverIRQHandler                             ./drivers/fsl_spi.o
                                                  ./startup/startup_mkl27z644.o
SPI0_GetFreq                                      ./board/peripherals.o
                                                  ./drivers/fsl_spi_cmsis.o
SPI0_IRQHandler                                   ./startup/startup_mkl27z644.o
SPI0_SignalEvent                                  ./board/peripherals.o
SPI1_DriverIRQHandler                             ./drivers/fsl_spi.o
                                                  ./startup/startup_mkl27z644.o
SPI1_IRQHandler                                   ./startup/startup_mkl27z644.o
SPI_Deinit                                        ./drivers/fsl_spi.o
                                                  ./drivers/fsl_spi_cmsis.o
SPI_DisableInterrupts                             ./drivers/fsl_spi.o
SPI_EnableFIFO                                    ./drivers/fsl_spi.o
SPI_EnableInterrupts                              ./drivers/fsl_spi.o
SPI_GetInstance                                   ./drivers/fsl_spi.o
                                                  ./drivers/fsl_spi_dma.o
SPI_GetStatusFlags                                ./drivers/fsl_spi.o
                                                  ./drivers/fsl_spi_cmsis.o
SPI_MasterGetDefaultConfig                        ./drivers/fsl_spi.o
                                                  ./drivers/fsl_spi_cmsis.o
SPI_MasterInit                                    ./drivers/fsl_spi.o
                                                  ./drivers/fsl_spi_cmsis.o
SPI_MasterSetBaudRate                             ./drivers/fsl_spi.o
                                                  ./drivers/fsl_spi_cmsis.o
SPI_MasterSignalEvent_t                           ./source/pixySPI.o
SPI_MasterTransferAbort                           ./drivers/fsl_spi.o
                                                  ./drivers/fsl_spi_cmsis.o
SPI_MasterTransferAbortDMA                        ./drivers/fsl_spi_dma.o
SPI_MasterTransferBlocking                        ./drivers/fsl_spi.o
SPI_MasterTransferCreateHandle                    ./drivers/fsl_spi.o
                                                  ./drivers/fsl_spi_cmsis.o
SPI_MasterTransferCreateHandleDMA                 ./drivers/fsl_spi_dma.o
SPI_MasterTransferDMA                             ./drivers/fsl_spi_dma.o
SPI_MasterTransferGetCount                        ./drivers/fsl_spi.o
SPI_MasterTransferGetCountDMA                     ./drivers/fsl_spi_dma.o
SPI_MasterTransferHandleIRQ                       ./drivers/fsl_spi.o
SPI_MasterTransferNonBlocking                     ./drivers/fsl_spi.o
                                                  ./drivers/fsl_spi_cmsis.o
SPI_ReadData                                      ./drivers/fsl_spi.o
SPI_SetDummyData                                  ./drivers/fsl_spi.o
                                                  ./drivers/fsl_spi_cmsis.o
SPI_SlaveGetDefaultConfig                         ./drivers/fsl_spi.o
                                                  ./drivers/fsl_spi_cmsis.o
SPI_SlaveInit                                     ./drivers/fsl_spi.o
                                                  ./drivers/fsl_spi_cmsis.o
SPI_SlaveTransferCreateHandle                     ./drivers/fsl_spi.o
                                                  ./drivers/fsl_spi_cmsis.o
SPI_SlaveTransferHandleIRQ                        ./drivers/fsl_spi.o
SPI_SlaveTransferNonBlocking                      ./drivers/fsl_spi.o
                                                  ./drivers/fsl_spi_cmsis.o
SPI_WriteBlocking                                 ./drivers/fsl_spi.o
SPI_WriteData                                     ./drivers/fsl_spi.o
SRF_pulse_measured                                ./source/sensors_control.o
                                                  ./source/dp_main.o
SVC_Handler                                       ./startup/startup_mkl27z644.o
SysTick_DelayTicks                                ./source/delay.o
                                                  ./source/drive_control.o
SysTick_Handler                                   ./source/delay.o
                                                  ./startup/startup_mkl27z644.o
SysTick_Init                                      ./source/delay.o
                                                  ./source/dp_main.o
SystemCoreClock                                   ./device/system_MKL27Z644.o
                                                  ./board/clock_config.o
                                                  ./source/delay.o
SystemCoreClockUpdate                             ./device/system_MKL27Z644.o
SystemInit                                        ./device/system_MKL27Z644.o
                                                  ./startup/startup_mkl27z644.o
SystemInitHook                                    ./device/system_MKL27Z644.o
TPM0_DriverIRQHandler                             ./startup/startup_mkl27z644.o
TPM0_IRQHandler                                   ./source/sensors_control.o
                                                  ./startup/startup_mkl27z644.o
TPM0_config                                       ./board/peripherals.o
TPM1_DriverIRQHandler                             ./startup/startup_mkl27z644.o
TPM1_IRQHandler                                   ./startup/startup_mkl27z644.o
TPM1_config                                       ./board/peripherals.o
TPM2_DriverIRQHandler                             ./startup/startup_mkl27z644.o
TPM2_IRQHandler                                   ./startup/startup_mkl27z644.o
TPM2_config                                       ./board/peripherals.o
TPM_Deinit                                        ./drivers/fsl_tpm.o
TPM_DisableInterrupts                             ./drivers/fsl_tpm.o
TPM_EnableInterrupts                              ./drivers/fsl_tpm.o
                                                  ./source/sensors_control.o
TPM_GetDefaultConfig                              ./drivers/fsl_tpm.o
                                                  ./source/sensors_control.o
                                                  ./source/drive_control.o
TPM_GetEnabledInterrupts                          ./drivers/fsl_tpm.o
TPM_Init                                          ./drivers/fsl_tpm.o
                                                  ./board/peripherals.o
                                                  ./source/sensors_control.o
                                                  ./source/drive_control.o
TPM_SetupInputCapture                             ./drivers/fsl_tpm.o
                                                  ./source/sensors_control.o
TPM_SetupOutputCompare                            ./drivers/fsl_tpm.o
TPM_SetupPwm                                      ./drivers/fsl_tpm.o
                                                  ./source/drive_control.o
TPM_UpdateChnlEdgeLevelSelect                     ./drivers/fsl_tpm.o
TPM_UpdatePwmDutycycle                            ./drivers/fsl_tpm.o
                                                  ./source/drive_control.o
TriggerPulse                                      ./source/sensors_control.o
                                                  ./source/dp_main.o
UART2_DriverIRQHandler                            ./drivers/fsl_uart.o
UART2_FLEXIO_DriverIRQHandler                     ./startup/startup_mkl27z644.o
UART2_FLEXIO_IRQHandler                           ./startup/startup_mkl27z644.o
UART2_RX_TX_DriverIRQHandler                      ./drivers/fsl_uart.o
UART_ClearStatusFlags                             ./drivers/fsl_uart.o
UART_Deinit                                       ./drivers/fsl_uart.o