Archive member included to satisfy reference by file (symbol)

D:/MCUXpressoIDE_24.9.25/ide/plugins/com.nxp.mcuxpresso.tools.win32_24.9.0.202407110857/tools/bin/../lib/gcc/arm-none-eabi/13.2.1/thumb/v6-m/nofp\libgcc.a(_udivsi3.o)
                              ./utilities/fsl_debug_console.o (__aeabi_uidiv)
D:/MCUXpressoIDE_24.9.25/ide/plugins/com.nxp.mcuxpresso.tools.win32_24.9.0.202407110857/tools/bin/../lib/gcc/arm-none-eabi/13.2.1/thumb/v6-m/nofp\libgcc.a(_divsi3.o)
                              ./utilities/fsl_debug_console.o (__aeabi_idiv)
D:/MCUXpressoIDE_24.9.25/ide/plugins/com.nxp.mcuxpresso.tools.win32_24.9.0.202407110857/tools/bin/../lib/gcc/arm-none-eabi/13.2.1/thumb/v6-m/nofp\libgcc.a(_dvmd_tls.o)
                              D:/MCUXpressoIDE_24.9.25/ide/plugins/com.nxp.mcuxpresso.tools.win32_24.9.0.202407110857/tools/bin/../lib/gcc/arm-none-eabi/13.2.1/thumb/v6-m/nofp\libgcc.a(_udivsi3.o) (__aeabi_idiv0)
D:/MCUXpressoIDE_24.9.25/ide/plugins/com.nxp.mcuxpresso.tools.win32_24.9.0.202407110857/tools/bin/../lib/gcc/arm-none-eabi/13.2.1/thumb/v6-m/nofp\libgcc.a(_aeabi_uldivmod.o)
                              ./drivers/fsl_common.o (__aeabi_uldivmod)
D:/MCUXpressoIDE_24.9.25/ide/plugins/com.nxp.mcuxpresso.tools.win32_24.9.0.202407110857/tools/bin/../lib/gcc/arm-none-eabi/13.2.1/thumb/v6-m/nofp\libgcc.a(_muldi3.o)
                              ./drivers/fsl_common.o (__aeabi_lmul)
D:/MCUXpressoIDE_24.9.25/ide/plugins/com.nxp.mcuxpresso.tools.win32_24.9.0.202407110857/tools/bin/../lib/gcc/arm-none-eabi/13.2.1/thumb/v6-m/nofp\libgcc.a(_udivmoddi4.o)
                              D:/MCUXpressoIDE_24.9.25/ide/plugins/com.nxp.mcuxpresso.tools.win32_24.9.0.202407110857/tools/bin/../lib/gcc/arm-none-eabi/13.2.1/thumb/v6-m/nofp\libgcc.a(_aeabi_uldivmod.o) (__udivmoddi4)
D:/MCUXpressoIDE_24.9.25/ide/plugins/com.nxp.mcuxpresso.tools.win32_24.9.0.202407110857/tools/bin/../lib/gcc/arm-none-eabi/13.2.1/thumb/v6-m/nofp\libgcc.a(_clzdi2.o)
                              D:/MCUXpressoIDE_24.9.25/ide/plugins/com.nxp.mcuxpresso.tools.win32_24.9.0.202407110857/tools/bin/../lib/gcc/arm-none-eabi/13.2.1/thumb/v6-m/nofp\libgcc.a(_udivmoddi4.o) (__clzdi2)
D:/MCUXpressoIDE_24.9.25/ide/plugins/com.nxp.mcuxpresso.tools.win32_24.9.0.202407110857/tools/bin/../lib/gcc/arm-none-eabi/13.2.1/thumb/v6-m/nofp\libgcc.a(_clzsi2.o)
                              D:/MCUXpressoIDE_24.9.25/ide/plugins/com.nxp.mcuxpresso.tools.win32_24.9.0.202407110857/tools/bin/../lib/gcc/arm-none-eabi/13.2.1/thumb/v6-m/nofp\libgcc.a(_clzdi2.o) (__clzsi2)
D:/MCUXpressoIDE_24.9.25/ide/plugins/com.nxp.mcuxpresso.tools.win32_24.9.0.202407110857/tools/bin/../lib/gcc/arm-none-eabi/13.2.1/thumb/v6-m/nofp\libc.a(libc_a-malloc.o)
                              ./drivers/fsl_common.o (malloc)
D:/MCUXpressoIDE_24.9.25/ide/plugins/com.nxp.mcuxpresso.tools.win32_24.9.0.202407110857/tools/bin/../lib/gcc/arm-none-eabi/13.2.1/thumb/v6-m/nofp\libc.a(libc_a-mallocr.o)
                              D:/MCUXpressoIDE_24.9.25/ide/plugins/com.nxp.mcuxpresso.tools.win32_24.9.0.202407110857/tools/bin/../lib/gcc/arm-none-eabi/13.2.1/thumb/v6-m/nofp\libc.a(libc_a-malloc.o) (_malloc_r)
D:/MCUXpressoIDE_24.9.25/ide/plugins/com.nxp.mcuxpresso.tools.win32_24.9.0.202407110857/tools/bin/../lib/gcc/arm-none-eabi/13.2.1/thumb/v6-m/nofp\libc.a(libc_a-mlock.o)
                              D:/MCUXpressoIDE_24.9.25/ide/plugins/com.nxp.mcuxpresso.tools.win32_24.9.0.202407110857/tools/bin/../lib/gcc/arm-none-eabi/13.2.1/thumb/v6-m/nofp\libc.a(libc_a-mallocr.o) (__malloc_lock)
D:/MCUXpressoIDE_24.9.25/ide/plugins/com.nxp.mcuxpresso.tools.win32_24.9.0.202407110857/tools/bin/../lib/gcc/arm-none-eabi/13.2.1/thumb/v6-m/nofp\libc.a(libc_a-memset.o)
                              ./drivers/fsl_lpuart.o (memset)
D:/MCUXpressoIDE_24.9.25/ide/plugins/com.nxp.mcuxpresso.tools.win32_24.9.0.202407110857/tools/bin/../lib/gcc/arm-none-eabi/13.2.1/thumb/v6-m/nofp\libc.a(libc_a-impure.o)
                              D:/MCUXpressoIDE_24.9.25/ide/plugins/com.nxp.mcuxpresso.tools.win32_24.9.0.202407110857/tools/bin/../lib/gcc/arm-none-eabi/13.2.1/thumb/v6-m/nofp\libc.a(libc_a-malloc.o) (_impure_ptr)
D:/MCUXpressoIDE_24.9.25/ide/plugins/com.nxp.mcuxpresso.tools.win32_24.9.0.202407110857/tools/bin/../lib/gcc/arm-none-eabi/13.2.1/thumb/v6-m/nofp\libc.a(libc_a-sbrkr.o)
                              D:/MCUXpressoIDE_24.9.25/ide/plugins/com.nxp.mcuxpresso.tools.win32_24.9.0.202407110857/tools/bin/../lib/gcc/arm-none-eabi/13.2.1/thumb/v6-m/nofp\libc.a(libc_a-mallocr.o) (_sbrk_r)
D:/MCUXpressoIDE_24.9.25/ide/plugins/com.nxp.mcuxpresso.tools.win32_24.9.0.202407110857/tools/bin/../lib/gcc/arm-none-eabi/13.2.1/thumb/v6-m/nofp\libc.a(libc_a-lock.o)
                              D:/MCUXpressoIDE_24.9.25/ide/plugins/com.nxp.mcuxpresso.tools.win32_24.9.0.202407110857/tools/bin/../lib/gcc/arm-none-eabi/13.2.1/thumb/v6-m/nofp\libc.a(libc_a-mlock.o) (__retarget_lock_acquire_recursive)
[...]
Memory Configuration

Name             Origin             Length             Attributes
PROGRAM_FLASH    0x00000000         0x00010000         xr
SRAM             0x1ffff000         0x00004000         xrw
USB_RAM          0x400fe000         0x00000200         xrw
*default*        0x00000000         0xffffffff

Linker script and memory map

LOAD ./utilities/fsl_assert.o
LOAD ./utilities/fsl_debug_console.o
LOAD ./startup/startup_mkl27z644.o
LOAD ./source/delay.o
LOAD ./source/dp_main.o
LOAD ./source/drive_control.o
LOAD ./source/mtb.o
LOAD ./source/semihost_hardfault.o
LOAD ./drivers/fsl_clock.o
LOAD ./drivers/fsl_common.o
LOAD ./drivers/fsl_gpio.o
LOAD ./drivers/fsl_lpuart.o
LOAD ./drivers/fsl_smc.o
LOAD ./drivers/fsl_tpm.o
LOAD ./drivers/fsl_uart.o
LOAD ./device/system_MKL27Z644.o
LOAD ./component/uart/fsl_adapter_lpuart.o
LOAD ./component/lists/fsl_component_generic_list.o
LOAD ./board/board.o
LOAD ./board/clock_config.o
LOAD ./board/pin_mux.o
START GROUP
LOAD D:/MCUXpressoIDE_24.9.25/ide/plugins/com.nxp.mcuxpresso.tools.win32_24.9.0.202407110857/tools/bin/../lib/gcc/arm-none-eabi/13.2.1/thumb/v6-m/nofp\libgcc.a
LOAD D:/MCUXpressoIDE_24.9.25/ide/plugins/com.nxp.mcuxpresso.tools.win32_24.9.0.202407110857/tools/bin/../lib/gcc/arm-none-eabi/13.2.1/thumb/v6-m/nofp\libc.a
LOAD D:/MCUXpressoIDE_24.9.25/ide/plugins/com.nxp.mcuxpresso.tools.win32_24.9.0.202407110857/tools/bin/../lib/gcc/arm-none-eabi/13.2.1/thumb/v6-m/nofp\libm.a
LOAD D:/MCUXpressoIDE_24.9.25/ide/plugins/com.nxp.mcuxpresso.tools.win32_24.9.0.202407110857/tools/bin/../lib/gcc/arm-none-eabi/13.2.1/../../../../arm-none-eabi/lib/thumb/v6-m/nofp\libcr_newlib_semihost.a
END GROUP
                0x00000000                        __base_PROGRAM_FLASH = 0x0
                0x00000000                        __base_Flash = 0x0
                0x00010000                        __top_PROGRAM_FLASH = 0x10000
                0x00010000                        __top_Flash = 0x10000
                0x1ffff000                        __base_SRAM = 0x1ffff000
                0x1ffff000                        __base_RAM = 0x1ffff000
                0x20003000                        __top_SRAM = 0x20003000
                0x20003000                        __top_RAM = 0x20003000
                0x400fe000                        __base_USB_RAM = 0x400fe000
                0x400fe000                        __base_RAM2 = 0x400fe000
                0x400fe200                        __top_USB_RAM = 0x400fe200
                0x400fe200                        __top_RAM2 = 0x400fe200

.text           0x00000000     0x2b34
 FILL mask 0xff
                0x00000000                        __vectors_start__ = ABSOLUTE (.)
 *(SORT_BY_ALIGNMENT(.isr_vector))
 .isr_vector    0x00000000       0xc0 ./startup/startup_mkl27z644.o
                0x00000000                g_pfnVectors
                0x00000000                __Vectors
                0x000000c0                        . = ALIGN (0x4)
                0x000000c0                        __section_table_start = .
                0x000000c0                        __data_section_table = .
                0x000000c0        0x4 LONG 0x2b34 LOADADDR (.data)
                0x000000c4        0x4 LONG 0x1ffff080 ADDR (.data)
                0x000000c8        0x4 LONG 0x4 SIZEOF (.data)
                0x000000cc        0x4 LONG 0x2b34 LOADADDR (.data_RAM2)
                0x000000d0        0x4 LONG 0x400fe000 ADDR (.data_RAM2)
                0x000000d4        0x4 LONG 0x0 SIZEOF (.data_RAM2)
                0x000000d8                        __data_section_table_end = .
                0x000000d8                        __bss_section_table = .
                0x000000d8        0x4 LONG 0x1ffff084 ADDR (.bss)
                0x000000dc        0x4 LONG 0x30 SIZEOF (.bss)
                0x000000e0        0x4 LONG 0x400fe000 ADDR (.bss_RAM2)
                0x000000e4        0x4 LONG 0x0 SIZEOF (.bss_RAM2)
                0x000000e8                        __bss_section_table_end = .
                0x000000e8                        __section_table_end = .
 *(SORT_BY_ALIGNMENT(.after_vectors*))
 .after_vectors.reset
                0x000000e8       0x4c ./startup/startup_mkl27z644.o
                0x000000e8                ResetISR
 .after_vectors.init_data
                0x00000134       0x12 ./startup/startup_mkl27z644.o
                0x00000134                data_init
 .after_vectors.init_bss
                0x00000146       0x10 ./startup/startup_mkl27z644.o
                0x00000146                bss_init
 .after_vectors
                0x00000156      0x10c ./startup/startup_mkl27z644.o
                0x00000156                NMI_Handler
                0x0000015a                SVC_Handler
                0x0000015c                PendSV_Handler
                0x00000160                DMA0_DriverIRQHandler
                0x00000160                PIT_DriverIRQHandler
                0x00000160                SPI1_DriverIRQHandler
                0x00000160                LPTMR0_DriverIRQHandler
                0x00000160                I2C0_DriverIRQHandler
                0x00000160                Reserved42_DriverIRQHandler
                0x00000160                Reserved39_DriverIRQHandler
                0x00000160                Reserved43_DriverIRQHandler
                0x00000160                DMA2_DriverIRQHandler
                0x00000160                TPM2_DriverIRQHandler
                0x00000160                CMP0_DriverIRQHandler
                0x00000160                ADC0_DriverIRQHandler
                0x00000160                RTC_Seconds_DriverIRQHandler
                0x00000160                LLWU_DriverIRQHandler
                0x00000160                SPI0_DriverIRQHandler
                0x00000160                I2C1_DriverIRQHandler
                0x00000160                DMA1_DriverIRQHandler
                0x00000160                PORTB_PORTC_PORTD_PORTE_DriverIRQHandler
                0x00000160                PMC_DriverIRQHandler
                0x00000160                FTFA_DriverIRQHandler
                0x00000160                IntDefaultHandler
                0x00000160                USB0_DriverIRQHandler
                0x00000160                Reserved41_DriverIRQHandler
                0x00000160                TPM0_DriverIRQHandler
                0x00000160                RTC_DriverIRQHandler
                0x00000160                TPM1_DriverIRQHandler
                0x00000160                PORTA_DriverIRQHandler
                0x00000160                Reserved20_DriverIRQHandler
                0x00000160                DMA3_DriverIRQHandler
                0x00000160                UART2_FLEXIO_DriverIRQHandler
                0x00000160                Reserved45_DriverIRQHandler
                0x00000162                DMA0_IRQHandler
                0x0000016a                DMA1_IRQHandler
                0x00000172                DMA2_IRQHandler
                0x0000017a                DMA3_IRQHandler
                0x00000182                Reserved20_IRQHandler
                0x0000018a                FTFA_IRQHandler
                0x00000192                PMC_IRQHandler
                0x0000019a                LLWU_IRQHandler
                0x000001a2                I2C0_IRQHandler
                0x000001aa                I2C1_IRQHandler
                0x000001b2                SPI0_IRQHandler
                0x000001ba                SPI1_IRQHandler
                0x000001c2                LPUART0_IRQHandler
                0x000001ca                LPUART1_IRQHandler
                0x000001d2                UART2_FLEXIO_IRQHandler
                0x000001da                ADC0_IRQHandler
                0x000001e2                CMP0_IRQHandler
                0x000001ea                TPM0_IRQHandler
                0x000001f2                TPM1_IRQHandler
                0x000001fa                TPM2_IRQHandler
                0x00000202                RTC_IRQHandler
                0x0000020a                RTC_Seconds_IRQHandler
                0x00000212                PIT_IRQHandler
                0x0000021a                Reserved39_IRQHandler
                0x00000222                USB0_IRQHandler
                0x0000022a                Reserved41_IRQHandler
                0x00000232                Reserved42_IRQHandler
                0x0000023a                Reserved43_IRQHandler
                0x00000242                LPTMR0_IRQHandler
                0x0000024a                Reserved45_IRQHandler
                0x00000252                PORTA_IRQHandler
                0x0000025a                PORTB_PORTC_PORTD_PORTE_IRQHandler
                0x00000400                        . = 0x400
 *fill*         0x00000262      0x19e ff
                0x00000400                        PROVIDE (__FLASH_CONFIG_START__ = .)
 *(SORT_BY_ALIGNMENT(.FlashConfig))
 .FlashConfig   0x00000400       0x10 ./startup/startup_mkl27z644.o
                0x00000400                Flash_Config
                0x00000410                        PROVIDE (__FLASH_CONFIG_END__ = .)
                0x00000001                        ASSERT (! ((__FLASH_CONFIG_START__ == __FLASH_CONFIG_END__)), Linker Flash Config Support Enabled, but no .FlashConfig section provided within application)
 *(SORT_BY_ALIGNMENT(.text*))
 .text.__assert_func
                0x00000410       0x28 ./utilities/fsl_assert.o
                0x00000410                __assert_func
 .text.DbgConsole_Init
                0x00000438       0x9c ./utilities/fsl_debug_console.o
                0x00000438                DbgConsole_Init
 .text.DbgConsole_Printf
                0x000004d4       0x44 ./utilities/fsl_debug_console.o
                0x000004d4                DbgConsole_Printf
 .text.DbgConsole_Putchar
                0x00000518       0x30 ./utilities/fsl_debug_console.o
                0x00000518                DbgConsole_Putchar
 .text.__NVIC_SetPriority
                0x00000548       0xdc ./source/delay.o
 .text.SysTick_Config
                0x00000624       0x48 ./source/delay.o
 .text.SysTick_Init
                0x0000066c       0x2c ./source/delay.o
                0x0000066c                SysTick_Init
 .text.SysTick_Handler
                0x00000698       0x20 ./source/delay.o
                0x00000698                SysTick_Handler
 .text.SysTick_DelayTicks
                0x000006b8       0x28 ./source/delay.o
                0x000006b8                SysTick_DelayTicks
 .text.CLOCK_SetTpmClock
                0x000006e0       0x38 ./source/dp_main.o
 .text.main     0x00000718      0x178 ./source/dp_main.o
                0x00000718                main
 .text.HardFault_Handler
                0x00000890       0x38 ./source/semihost_hardfault.o
                0x00000890                HardFault_Handler
 .text.CLOCK_SetEr32kClock
                0x000008c8       0x34 ./drivers/fsl_clock.o
 .text.CLOCK_GetLircClkFreq
                0x000008fc       0x50 ./drivers/fsl_clock.o
 .text.CLOCK_GetOsc0ErClkFreq
                0x0000094c       0x50 ./drivers/fsl_clock.o
                0x0000094c                CLOCK_GetOsc0ErClkFreq
 .text.CLOCK_GetEr32kClkFreq
                0x0000099c       0x84 ./drivers/fsl_clock.o
                0x0000099c                CLOCK_GetEr32kClkFreq
 .text.CLOCK_GetFreq
                0x00000a20       0xc0 ./drivers/fsl_clock.o
                0x00000a20                CLOCK_GetFreq
 .text.CLOCK_SetSimConfig
                0x00000ae0       0x2c ./drivers/fsl_clock.o
                0x00000ae0                CLOCK_SetSimConfig
 .text.CLOCK_GetInternalRefClkFreq
                0x00000b0c       0x48 ./drivers/fsl_clock.o
                0x00000b0c                CLOCK_GetInternalRefClkFreq
 .text.CLOCK_GetPeriphClkFreq
                0x00000b54       0x3c ./drivers/fsl_clock.o
                0x00000b54                CLOCK_GetPeriphClkFreq
 .text.CLOCK_GetOutClkFreq
                0x00000b90       0x88 ./drivers/fsl_clock.o
                0x00000b90                CLOCK_GetOutClkFreq
 .text.CLOCK_SetMcgliteConfig
                0x00000c18      0x120 ./drivers/fsl_clock.o
                0x00000c18                CLOCK_SetMcgliteConfig
 .text.CLOCK_EnableClock
                0x00000d38       0x34 ./drivers/fsl_lpuart.o
 .text.LPUART_GetInstance
                0x00000d6c       0x58 ./drivers/fsl_lpuart.o
                0x00000d6c                LPUART_GetInstance
 .text.LPUART_Init
                0x00000dc4      0x2cc ./drivers/fsl_lpuart.o
                0x00000dc4                LPUART_Init
 .text.LPUART_GetDefaultConfig
                0x00001090       0x78 ./drivers/fsl_lpuart.o
                0x00001090                LPUART_GetDefaultConfig
 .text.LPUART_ClearStatusFlags
                0x00001108       0x88 ./drivers/fsl_lpuart.o
                0x00001108                LPUART_ClearStatusFlags
 .text.LPUART_WriteBlocking
                0x00001190       0x7c ./drivers/fsl_lpuart.o
                0x00001190                LPUART_WriteBlocking
 .text.LPUART_ReadBlocking
                0x0000120c      0x12c ./drivers/fsl_lpuart.o
                0x0000120c                LPUART_ReadBlocking
 .text.LPUART0_DriverIRQHandler
                0x00001338       0x24 ./drivers/fsl_lpuart.o
                0x00001338                LPUART0_DriverIRQHandler
 .text.LPUART1_DriverIRQHandler
                0x0000135c       0x24 ./drivers/fsl_lpuart.o
                0x0000135c                LPUART1_DriverIRQHandler
 .text.CLOCK_EnableClock
                0x00001380       0x34 ./drivers/fsl_tpm.o
 .text.TPM_GetInstance
                0x000013b4       0x60 ./drivers/fsl_tpm.o
 .text.TPM_Init
                0x00001414       0xf8 ./drivers/fsl_tpm.o
                0x00001414                TPM_Init
 .text.TPM_GetDefaultConfig
                0x0000150c       0x78 ./drivers/fsl_tpm.o
                0x0000150c                TPM_GetDefaultConfig
 .text.TPM_SetupPwm
                0x00001584      0x22c ./drivers/fsl_tpm.o
                0x00001584                TPM_SetupPwm
 .text.TPM_UpdatePwmDutycycle
                0x000017b0       0xf0 ./drivers/fsl_tpm.o
                0x000017b0                TPM_UpdatePwmDutycycle
 .text.SystemInit
                0x000018a0       0x40 ./device/system_MKL27Z644.o
                0x000018a0                SystemInit
 .text.HAL_UartGetStatus
                0x000018e0       0x34 ./component/uart/fsl_adapter_lpuart.o
 .text.HAL_UartInit
                0x00001914      0x118 ./component/uart/fsl_adapter_lpuart.o
                0x00001914                HAL_UartInit
 .text.HAL_UartReceiveBlocking
                0x00001a2c       0x90 ./component/uart/fsl_adapter_lpuart.o
                0x00001a2c                HAL_UartReceiveBlocking
 .text.HAL_UartSendBlocking
                0x00001abc       0x84 ./component/uart/fsl_adapter_lpuart.o
                0x00001abc                HAL_UartSendBlocking
 .text.CLOCK_SetLpuart0Clock
                0x00001b40       0x38 ./board/board.o
 .text.CLOCK_SetSimSafeDivs
                0x00001b78       0x20 ./board/clock_config.o
 .text.BOARD_BootClockRUN
                0x00001b98       0x34 ./board/clock_config.o
                0x00001b98                BOARD_BootClockRUN
 .text.CLOCK_EnableClock
                0x00001bcc       0x34 ./board/pin_mux.o
 .text.PORT_SetPinMux
                0x00001c00       0x40 ./board/pin_mux.o
 .text.BOARD_InitPins
                0x00001c40       0xac ./board/pin_mux.o
                0x00001c40                BOARD_InitPins
 .text          0x00001cec      0x114 D:/MCUXpressoIDE_24.9.25/ide/plugins/com.nxp.mcuxpresso.tools.win32_24.9.0.202407110857/tools/bin/../lib/gcc/arm-none-eabi/13.2.1/thumb/v6-m/nofp\libgcc.a(_udivsi3.o)
                0x00001cec                __aeabi_uidiv
                0x00001cec                __udivsi3
                0x00001df8                __aeabi_uidivmod
 .text          0x00001e00      0x1d4 D:/MCUXpressoIDE_24.9.25/ide/plugins/com.nxp.mcuxpresso.tools.win32_24.9.0.202407110857/tools/bin/../lib/gcc/arm-none-eabi/13.2.1/thumb/v6-m/nofp\libgcc.a(_divsi3.o)
                0x00001e00                __divsi3
                0x00001e00                __aeabi_idiv
                0x00001fcc                __aeabi_idivmod
 .text          0x00001fd4        0x4 D:/MCUXpressoIDE_24.9.25/ide/plugins/com.nxp.mcuxpresso.tools.win32_24.9.0.202407110857/tools/bin/../lib/gcc/arm-none-eabi/13.2.1/thumb/v6-m/nofp\libgcc.a(_dvmd_tls.o)
                0x00001fd4                __aeabi_idiv0
                0x00001fd4                __aeabi_ldiv0
 .text.memset   0x00001fd8       0xa8 D:/MCUXpressoIDE_24.9.25/ide/plugins/com.nxp.mcuxpresso.tools.win32_24.9.0.202407110857/tools/bin/../lib/gcc/arm-none-eabi/13.2.1/thumb/v6-m/nofp\libc.a(libc_a-memset.o)
                0x00001fd8                memset
 .text.strlen   0x00002080       0x5c D:/MCUXpressoIDE_24.9.25/ide/plugins/com.nxp.mcuxpresso.tools.win32_24.9.0.202407110857/tools/bin/../lib/gcc/arm-none-eabi/13.2.1/thumb/v6-m/nofp\libc.a(libc_a-strlen-stub.o)
                0x00002080                strlen
 .text.DbgConsole_PrintfPaddingCharacter
                0x000020dc       0x48 ./utilities/fsl_debug_console.o
 .text.DbgConsole_ConvertRadixNumToString
                0x00002124      0x110 ./utilities/fsl_debug_console.o
 .text.DbgConsole_PrintfFormattedData
                0x00002234      0x3b4 ./utilities/fsl_debug_console.o
 .text.TPM_StartTimer
                0x000025e8       0x3a ./source/dp_main.o
 .text.LPUART_GetStatusFlags
                0x00002622       0x18 ./drivers/fsl_lpuart.o
                0x00002622                LPUART_GetStatusFlags
 .text.SystemInitHook
                0x0000263a        0xa ./device/system_MKL27Z644.o
                0x0000263a                SystemInitHook
 .text.BOARD_InitDebugConsole
                0x00002644       0x2a ./board/board.o
                0x00002644                BOARD_InitDebugConsole
 .text.BOARD_InitBootClocks
                0x0000266e        0xe ./board/clock_config.o
                0x0000266e                BOARD_InitBootClocks
 *(SORT_BY_ALIGNMENT(.rodata) SORT_BY_ALIGNMENT(.rodata.*) SORT_BY_ALIGNMENT(.constdata) SORT_BY_ALIGNMENT(.constdata.*))
 .rodata.__assert_func.str1.4
                0x0000267c      0x2c3 ./utilities/fsl_assert.o
                                 0x3e (size before relaxing)
 .rodata.main.str1.4
                0x0000293f       0x32 ./source/dp_main.o
 .rodata.CLOCK_GetOsc0ErClkFreq.str1.4
                0x0000293f       0x18 ./drivers/fsl_clock.o
 .rodata.CLOCK_GetEr32kClkFreq.str1.4
                0x0000293f        0xd ./drivers/fsl_clock.o
 *fill*         0x0000293f        0x1 ff
 .rodata.CLOCK_GetFreq
                0x00002940       0x50 ./drivers/fsl_clock.o
 .rodata.CLOCK_SetMcgliteConfig.str1.4
                0x00002990        0xd ./drivers/fsl_clock.o
 .rodata.lircFreqs.4
                0x00002990        0x8 ./drivers/fsl_clock.o
 .rodata.__func__.3
                0x00002998       0x17 ./drivers/fsl_clock.o
 *fill*         0x000029af        0x1 ff
 .rodata.__func__.2
                0x000029b0       0x16 ./drivers/fsl_clock.o
 *fill*         0x000029c6        0x2 ff
 .rodata.__func__.1
                0x000029c8       0x14 ./drivers/fsl_clock.o
 .rodata.__func__.0
                0x000029dc       0x17 ./drivers/fsl_clock.o
 *fill*         0x000029f3        0x1 ff
 .rodata.s_lpuartBases
                0x000029f4        0x8 ./drivers/fsl_lpuart.o
 .rodata.s_lpuartClock
                0x000029fc        0x8 ./drivers/fsl_lpuart.o
 .rodata.LPUART_GetInstance.str1.4
                0x00002a04       0x35 ./drivers/fsl_lpuart.o
 .rodata.LPUART_WriteNonBlocking.str1.4
                0x00002a04        0xd ./drivers/fsl_lpuart.o
 .rodata.LPUART_Init.str1.4
                0x00002a04       0x2a ./drivers/fsl_lpuart.o
 .rodata.__func__.21
                0x00002a04       0x13 ./drivers/fsl_lpuart.o
 *fill*         0x00002a17        0x1 ff
 .rodata.__func__.16
                0x00002a18        0xc ./drivers/fsl_lpuart.o
 .rodata.__func__.15
                0x00002a24       0x18 ./drivers/fsl_lpuart.o
 .rodata.__func__.11
                0x00002a3c       0x15 ./drivers/fsl_lpuart.o
 *fill*         0x00002a51        0x3 ff
 .rodata.__func__.10
                0x00002a54       0x14 ./drivers/fsl_lpuart.o
 .rodata.s_tpmBases
                0x00002a68        0xc ./drivers/fsl_tpm.o
 .rodata.s_tpmClocks
                0x00002a74        0xc ./drivers/fsl_tpm.o
 .rodata.TPM_GetInstance.str1.4
                0x00002a80       0x26 ./drivers/fsl_tpm.o
 .rodata.TPM_Init.str1.4
                0x00002a80        0xf ./drivers/fsl_tpm.o
 .rodata.TPM_SetupPwm.str1.4
                0x00002a80       0x56 ./drivers/fsl_tpm.o
 .rodata.TPM_UpdatePwmDutycycle.str1.4
                0x00002a80       0x85 ./drivers/fsl_tpm.o
 .rodata.__func__.8
                0x00002a80       0x10 ./drivers/fsl_tpm.o
 .rodata.__func__.7
                0x00002a90        0x9 ./drivers/fsl_tpm.o
 *fill*         0x00002a99        0x3 ff
 .rodata.__func__.6
                0x00002a9c       0x15 ./drivers/fsl_tpm.o
 *fill*         0x00002ab1        0x3 ff
 .rodata.__func__.5
                0x00002ab4        0xd ./drivers/fsl_tpm.o
 *fill*         0x00002ac1        0x3 ff
 .rodata.__func__.4
                0x00002ac4       0x17 ./drivers/fsl_tpm.o
 *fill*         0x00002adb        0x1 ff
 .rodata.s_LpuartAdapterBase
                0x00002adc        0x8 ./component/uart/fsl_adapter_lpuart.o
 .rodata.HAL_UartInit.str1.4
                0x00002ae4       0x9a ./component/uart/fsl_adapter_lpuart.o
 .rodata.HAL_UartReceiveBlocking.str1.4
                0x00002ae4        0xf ./component/uart/fsl_adapter_lpuart.o
 .rodata.__func__.4
                0x00002ae4        0xd ./component/uart/fsl_adapter_lpuart.o
 *fill*         0x00002af1        0x3 ff
 .rodata.__func__.2
                0x00002af4       0x18 ./component/uart/fsl_adapter_lpuart.o
 .rodata.__func__.1
                0x00002b0c       0x15 ./component/uart/fsl_adapter_lpuart.o
 *fill*         0x00002b21        0x3 ff
 .rodata.mcgliteConfig_BOARD_BootClockRUN
                0x00002b24        0x6 ./board/clock_config.o
                0x00002b24                mcgliteConfig_BOARD_BootClockRUN
 *fill*         0x00002b2a        0x2 ff
 .rodata.simConfig_BOARD_BootClockRUN
                0x00002b2c        0x8 ./board/clock_config.o
                0x00002b2c                simConfig_BOARD_BootClockRUN
                0x00002b34                        . = ALIGN (0x4)

.glue_7         0x00002b34        0x0
 .glue_7        0x00002b34        0x0 linker stubs

.glue_7t        0x00002b34        0x0
 .glue_7t       0x00002b34        0x0 linker stubs

.vfp11_veneer   0x00002b34        0x0
 .vfp11_veneer  0x00002b34        0x0 linker stubs

.v4_bx          0x00002b34        0x0
 .v4_bx         0x00002b34        0x0 linker stubs

.iplt           0x00002b34        0x0
 .iplt          0x00002b34        0x0 ./utilities/fsl_assert.o

.rel.dyn        0x00002b34        0x0
 .rel.iplt      0x00002b34        0x0 ./utilities/fsl_assert.o

.ARM.extab
 *(SORT_BY_ALIGNMENT(.ARM.extab*) SORT_BY_ALIGNMENT(.gnu.linkonce.armextab.*))

.ARM.exidx      0x00002b34        0x0
                0x00002b34                        __exidx_start = .
 *(SORT_BY_ALIGNMENT(.ARM.exidx*) SORT_BY_ALIGNMENT(.gnu.linkonce.armexidx.*))
                0x00002b34                        __exidx_end = .
                0x00002b34                        _etext = .

.m_usb_data
 *(SORT_BY_ALIGNMENT(m_usb_bdt))

.mtb_buffer_RAM2
 *(SORT_BY_ALIGNMENT(.mtb.$RAM2*))
 *(SORT_BY_ALIGNMENT(.mtb.$USB_RAM*))

.data_RAM2      0x400fe000        0x0 load address 0x00002b34
 FILL mask 0xff
                [!provide]                        PROVIDE (__start_data_RAM2 = .)
                [!provide]                        PROVIDE (__start_data_USB_RAM = .)
 *(SORT_BY_ALIGNMENT(.ramfunc.$RAM2))
 *(SORT_BY_ALIGNMENT(.ramfunc.$USB_RAM))
 *(SORT_BY_ALIGNMENT(.data.$RAM2))
 *(SORT_BY_ALIGNMENT(.data.$USB_RAM))
 *(SORT_BY_ALIGNMENT(.data.$RAM2.*))
 *(SORT_BY_ALIGNMENT(.data.$USB_RAM.*))
                0x400fe000                        . = ALIGN (0x4)
                [!provide]                        PROVIDE (__end_data_RAM2 = .)
                [!provide]                        PROVIDE (__end_data_USB_RAM = .)

.mtb_buffer_default
                0x1ffff000       0x80
 *(SORT_BY_ALIGNMENT(.mtb*))
 .mtb.$RAM1     0x1ffff000       0x80 ./source/mtb.o
                0x1ffff000                __mtb_buffer__

.uninit_RESERVED
                0x1ffff080        0x0
                0x1ffff080                        _start_uninit_RESERVED = .
 *(SORT_BY_ALIGNMENT(.bss.$RESERVED*))
                0x1ffff080                        . = ALIGN (0x4)
                0x1ffff080                        _end_uninit_RESERVED = .

.data           0x1ffff080        0x4 load address 0x00002b34
 FILL mask 0xff
                0x1ffff080                        _data = .
                [!provide]                        PROVIDE (__start_data_RAM = .)
                [!provide]                        PROVIDE (__start_data_SRAM = .)
 *(SORT_BY_ALIGNMENT(vtable))
 *(SORT_BY_ALIGNMENT(.ramfunc*))
 *(SORT_BY_ALIGNMENT(CodeQuickAccess))
 *(SORT_BY_ALIGNMENT(DataQuickAccess))
 *(SORT_BY_ALIGNMENT(RamFunction))
 *(SORT_BY_ALIGNMENT(.data*))
 .data.SystemCoreClock
                0x1ffff080        0x4 ./device/system_MKL27Z644.o
                0x1ffff080                SystemCoreClock
                0x1ffff084                        . = ALIGN (0x4)
                0x1ffff084                        _edata = .
                [!provide]                        PROVIDE (__end_data_RAM = .)
                [!provide]                        PROVIDE (__end_data_SRAM = .)

.igot.plt       0x1ffff084        0x0 load address 0x00002b38
 .igot.plt      0x1ffff084        0x0 ./utilities/fsl_assert.o

.bss_RAM2       0x400fe000        0x0
                [!provide]                        PROVIDE (__start_bss_RAM2 = .)
                [!provide]                        PROVIDE (__start_bss_USB_RAM = .)
 *(SORT_BY_ALIGNMENT(.bss.$RAM2))
 *(SORT_BY_ALIGNMENT(.bss.$USB_RAM))
 *(SORT_BY_ALIGNMENT(.bss.$RAM2.*))
 *(SORT_BY_ALIGNMENT(.bss.$USB_RAM.*))
                0x400fe000                        . = ALIGN ((. != 0x0)?0x4:0x1)
                [!provide]                        PROVIDE (__end_bss_RAM2 = .)
                [!provide]                        PROVIDE (__end_bss_USB_RAM = .)

.bss            0x1ffff084       0x30
                0x1ffff084                        _bss = .
                [!provide]                        PROVIDE (__start_bss_RAM = .)
                [!provide]                        PROVIDE (__start_bss_SRAM = .)
 *(SORT_BY_ALIGNMENT(.bss*))
 .bss.s_debugConsole
                0x1ffff084       0x14 ./utilities/fsl_debug_console.o
 .bss.g_systickCounter
                0x1ffff098        0x4 ./source/delay.o
                0x1ffff098                g_systickCounter
 .bss.g_xtal0Freq
                0x1ffff09c        0x4 ./drivers/fsl_clock.o
                0x1ffff09c                g_xtal0Freq
 .bss.g_xtal32Freq
                0x1ffff0a0        0x4 ./drivers/fsl_clock.o
                0x1ffff0a0                g_xtal32Freq
 .bss.s_lpuartHandle
                0x1ffff0a4        0x8 ./drivers/fsl_lpuart.o
 .bss.s_lpuartIsr
                0x1ffff0ac        0x4 ./drivers/fsl_lpuart.o
 .bss.angle     0x1ffff0b0        0x1 ./source/dp_main.o
                0x1ffff0b0                angle
 *(SORT_BY_ALIGNMENT(COMMON))
                0x1ffff0b4                        . = ALIGN (0x4)
 *fill*         0x1ffff0b1        0x3 
                0x1ffff0b4                        _ebss = .
                [!provide]                        PROVIDE (__end_bss_RAM = .)
                [!provide]                        PROVIDE (__end_bss_SRAM = .)
                [!provide]                        PROVIDE (end = .)

.noinit_RAM2    0x400fe000        0x0
                [!provide]                        PROVIDE (__start_noinit_RAM2 = .)
                [!provide]                        PROVIDE (__start_noinit_USB_RAM = .)
 *(SORT_BY_ALIGNMENT(.noinit.$RAM2))
 *(SORT_BY_ALIGNMENT(.noinit.$USB_RAM))
 *(SORT_BY_ALIGNMENT(.noinit.$RAM2.*))
 *(SORT_BY_ALIGNMENT(.noinit.$USB_RAM.*))
                0x400fe000                        . = ALIGN (0x4)
                [!provide]                        PROVIDE (__end_noinit_RAM2 = .)
                [!provide]                        PROVIDE (__end_noinit_USB_RAM = .)

.noinit         0x1ffff0b4        0x0
                0x1ffff0b4                        _noinit = .
                [!provide]                        PROVIDE (__start_noinit_RAM = .)
                [!provide]                        PROVIDE (__start_noinit_SRAM = .)
 *(SORT_BY_ALIGNMENT(.noinit*))
                0x1ffff0b4                        . = ALIGN (0x4)
                0x1ffff0b4                        _end_noinit = .
                [!provide]                        PROVIDE (__end_noinit_RAM = .)
                [!provide]                        PROVIDE (__end_noinit_SRAM = .)
                0x00000400                        _HeapSize = 0x400

.heap           0x1ffff0b4      0x400
                0x1ffff0b4                        _pvHeapStart = .
                0x1ffff4b4                        . = (. + _HeapSize)
 *fill*         0x1ffff0b4      0x400 
                0x1ffff4b4                        . = ALIGN (0x4)
                0x1ffff4b4                        _pvHeapLimit = .
                0x00000400                        _StackSize = 0x400

.heap2stackfill
                0x1ffff4b4      0x400
                0x1ffff8b4                        . = (. + _StackSize)
 *fill*         0x1ffff4b4      0x400 

.stack          0x20002c00        0x0
                0x20002c00                        _vStackBase = .
                0x20002c00                        . = ALIGN (0x4)
                0x20003000                        _vStackTop = (. + _StackSize)
                0x00000000                        _image_start = LOADADDR (.text)
                0x00002b38                        _image_end = (LOADADDR (.data) + SIZEOF (.data))
                0x00002b38                        _image_size = (_image_end - _image_start)
OUTPUT(DP_git.axf elf32-littlearm)
LOAD linker stubs

.debug_info     0x00000000     0x869e
 .debug_info    0x00000000       0xef ./utilities/fsl_assert.o
 .debug_info    0x000000ef      0xca5 ./utilities/fsl_debug_console.o
 .debug_info    0x00000d94      0x696 ./startup/startup_mkl27z644.o
 .debug_info    0x0000142a      0x6ea ./source/delay.o
 .debug_info    0x00001b14      0xbdb ./source/dp_main.o
 .debug_info    0x000026ef       0x53 ./source/mtb.o
 .debug_info    0x00002742       0x3c ./source/semihost_hardfault.o
 .debug_info    0x0000277e     0x1388 ./drivers/fsl_clock.o
 .debug_info    0x00003b06     0x1ad4 ./drivers/fsl_lpuart.o
 .debug_info    0x000055da      0xf62 ./drivers/fsl_tpm.o
 .debug_info    0x0000653c      0x3ed ./device/system_MKL27Z644.o
 .debug_info    0x00006929      0xaba ./component/uart/fsl_adapter_lpuart.o
 .debug_info    0x000073e3      0x34d ./board/board.o
 .debug_info    0x00007730      0xa30 ./board/clock_config.o
 .debug_info    0x00008160      0x53e ./board/pin_mux.o

.debug_abbrev   0x00000000     0x19a4
 .debug_abbrev  0x00000000       0x8e ./utilities/fsl_assert.o
 .debug_abbrev  0x0000008e      0x252 ./utilities/fsl_debug_console.o
 .debug_abbrev  0x000002e0      0x1cd ./startup/startup_mkl27z644.o
 .debug_abbrev  0x000004ad      0x1bc ./source/delay.o
 .debug_abbrev  0x00000669      0x22c ./source/dp_main.o
 .debug_abbrev  0x00000895       0x46 ./source/mtb.o
 .debug_abbrev  0x000008db       0x31 ./source/semihost_hardfault.o
 .debug_abbrev  0x0000090c      0x2dc ./drivers/fsl_clock.o
 .debug_abbrev  0x00000be8      0x33a ./drivers/fsl_lpuart.o
 .debug_abbrev  0x00000f22      0x2ad ./drivers/fsl_tpm.o
 .debug_abbrev  0x000011cf      0x148 ./device/system_MKL27Z644.o
 .debug_abbrev  0x00001317      0x1e9 ./component/uart/fsl_adapter_lpuart.o
 .debug_abbrev  0x00001500      0x14c ./board/board.o
 .debug_abbrev  0x0000164c      0x1cf ./board/clock_config.o
 .debug_abbrev  0x0000181b      0x189 ./board/pin_mux.o

.debug_aranges  0x00000000      0x640
 .debug_aranges
                0x00000000       0x20 ./utilities/fsl_assert.o
 .debug_aranges
                0x00000020       0x70 ./utilities/fsl_debug_console.o
 .debug_aranges
                0x00000090      0x160 ./startup/startup_mkl27z644.o
 .debug_aranges
                0x000001f0       0x40 ./source/delay.o
 .debug_aranges
                0x00000230       0x30 ./source/dp_main.o
 .debug_aranges
                0x00000260       0x18 ./source/mtb.o
 .debug_aranges
                0x00000278       0x20 ./source/semihost_hardfault.o
 .debug_aranges
                0x00000298       0xd0 ./drivers/fsl_clock.o
 .debug_aranges
                0x00000368      0x130 ./drivers/fsl_lpuart.o
 .debug_aranges
                0x00000498       0x88 ./drivers/fsl_tpm.o
 .debug_aranges
                0x00000520       0x30 ./device/system_MKL27Z644.o
 .debug_aranges
                0x00000550       0x50 ./component/uart/fsl_adapter_lpuart.o
 .debug_aranges
                0x000005a0       0x28 ./board/board.o
 .debug_aranges
                0x000005c8       0x48 ./board/clock_config.o
 .debug_aranges
                0x00000610       0x30 ./board/pin_mux.o

.debug_ranges   0x00000000      0x548
 .debug_ranges  0x00000000       0x10 ./utilities/fsl_assert.o
 .debug_ranges  0x00000010       0x60 ./utilities/fsl_debug_console.o
 .debug_ranges  0x00000070      0x150 ./startup/startup_mkl27z644.o
 .debug_ranges  0x000001c0       0x30 ./source/delay.o
 .debug_ranges  0x000001f0       0x20 ./source/dp_main.o
 .debug_ranges  0x00000210       0x10 ./source/semihost_hardfault.o
 .debug_ranges  0x00000220       0xc0 ./drivers/fsl_clock.o
 .debug_ranges  0x000002e0      0x120 ./drivers/fsl_lpuart.o
 .debug_ranges  0x00000400       0x78 ./drivers/fsl_tpm.o
 .debug_ranges  0x00000478       0x20 ./device/system_MKL27Z644.o
 .debug_ranges  0x00000498       0x40 ./component/uart/fsl_adapter_lpuart.o
 .debug_ranges  0x000004d8       0x18 ./board/board.o
 .debug_ranges  0x000004f0       0x38 ./board/clock_config.o
 .debug_ranges  0x00000528       0x20 ./board/pin_mux.o

.debug_macro    0x00000000     0xa602
 .debug_macro   0x00000000      0x1d5 ./utilities/fsl_assert.o
 .debug_macro   0x000001d5      0xae4 ./utilities/fsl_assert.o
 .debug_macro   0x00000cb9       0x22 ./utilities/fsl_assert.o
 .debug_macro   0x00000cdb       0x75 ./utilities/fsl_assert.o
 .debug_macro   0x00000d50       0x24 ./utilities/fsl_assert.o
 .debug_macro   0x00000d74       0x94 ./utilities/fsl_assert.o
 .debug_macro   0x00000e08       0x3c ./utilities/fsl_assert.o
 .debug_macro   0x00000e44       0x34 ./utilities/fsl_assert.o
 .debug_macro   0x00000e78       0x16 ./utilities/fsl_assert.o
 .debug_macro   0x00000e8e       0x22 ./utilities/fsl_assert.o
 .debug_macro   0x00000eb0      0x34e ./utilities/fsl_assert.o
 .debug_macro   0x000011fe      0x189 ./utilities/fsl_assert.o
 .debug_macro   0x00001387       0x57 ./utilities/fsl_assert.o
 .debug_macro   0x000013de      0x38c ./utilities/fsl_assert.o
 .debug_macro   0x0000176a       0x16 ./utilities/fsl_assert.o
 .debug_macro   0x00001780       0x4a ./utilities/fsl_assert.o
 .debug_macro   0x000017ca       0x34 ./utilities/fsl_assert.o
 .debug_macro   0x000017fe       0x10 ./utilities/fsl_assert.o
 .debug_macro   0x0000180e       0x58 ./utilities/fsl_assert.o
 .debug_macro   0x00001866      0x1de ./utilities/fsl_assert.o
 .debug_macro   0x00001a44       0x10 ./utilities/fsl_assert.o
 .debug_macro   0x00001a54       0x3c ./utilities/fsl_assert.o
 .debug_macro   0x00001a90       0x16 ./utilities/fsl_assert.o
 .debug_macro   0x00001aa6       0x16 ./utilities/fsl_assert.o
 .debug_macro   0x00001abc       0x29 ./utilities/fsl_assert.o
 .debug_macro   0x00001ae5       0x10 ./utilities/fsl_assert.o
 .debug_macro   0x00001af5       0x3f ./utilities/fsl_assert.o
 .debug_macro   0x00001b34       0x1c ./utilities/fsl_assert.o
 .debug_macro   0x00001b50       0x22 ./utilities/fsl_assert.o
 .debug_macro   0x00001b72       0xd1 ./utilities/fsl_assert.o
 .debug_macro   0x00001c43      0x3ad ./utilities/fsl_assert.o
 .debug_macro   0x00001ff0       0x3a ./utilities/fsl_assert.o
 .debug_macro   0x0000202a     0x547b ./utilities/fsl_assert.o
 .debug_macro   0x000074a5     0x10e6 ./utilities/fsl_assert.o
 .debug_macro   0x0000858b       0xfa ./utilities/fsl_assert.o
 .debug_macro   0x00008685       0xed ./utilities/fsl_assert.o
 .debug_macro   0x00008772       0x46 ./utilities/fsl_assert.o
 .debug_macro   0x000087b8      0x200 ./utilities/fsl_debug_console.o
 .debug_macro   0x000089b8       0x58 ./utilities/fsl_debug_console.o
 .debug_macro   0x00008a10      0x11c ./utilities/fsl_debug_console.o
 .debug_macro   0x00008b2c       0x94 ./utilities/fsl_debug_console.o
 .debug_macro   0x00008bc0      0x19b ./utilities/fsl_debug_console.o
 .debug_macro   0x00008d5b       0x16 ./utilities/fsl_debug_console.o
 .debug_macro   0x00008d71       0x40 ./utilities/fsl_debug_console.o
 .debug_macro   0x00008db1       0x34 ./utilities/fsl_debug_console.o
 .debug_macro   0x00008de5       0x29 ./startup/startup_mkl27z644.o
 .debug_macro   0x00008e0e      0x250 ./source/delay.o
 .debug_macro   0x0000905e       0x10 ./source/delay.o
 .debug_macro   0x0000906e       0x22 ./source/delay.o
 .debug_macro   0x00009090       0x16 ./source/delay.o
 .debug_macro   0x000090a6      0x19d ./source/delay.o
 .debug_macro   0x00009243       0x10 ./source/delay.o
 .debug_macro   0x00009253       0x1c ./source/delay.o
 .debug_macro   0x0000926f       0x10 ./source/delay.o
 .debug_macro   0x0000927f       0x1c ./source/delay.o
 .debug_macro   0x0000929b       0x16 ./source/delay.o
 .debug_macro   0x000092b1      0x170 ./source/delay.o
 .debug_macro   0x00009421      0x292 ./source/dp_main.o
 .debug_macro   0x000096b3       0x16 ./source/dp_main.o
 .debug_macro   0x000096c9       0x2f ./source/mtb.o
 .debug_macro   0x000096f8       0x82 ./source/mtb.o
 .debug_macro   0x0000977a       0x10 ./source/mtb.o
 .debug_macro   0x0000978a       0x11 ./source/semihost_hardfault.o
 .debug_macro   0x0000979b      0x20e ./drivers/fsl_clock.o
 .debug_macro   0x000099a9      0x1e1 ./drivers/fsl_lpuart.o
 .debug_macro   0x00009b8a       0x10 ./drivers/fsl_lpuart.o
 .debug_macro   0x00009b9a      0x1e8 ./drivers/fsl_tpm.o
 .debug_macro   0x00009d82       0x7f ./device/system_MKL27Z644.o
 .debug_macro   0x00009e01      0x1f4 ./component/uart/fsl_adapter_lpuart.o
 .debug_macro   0x00009ff5       0x2e ./component/uart/fsl_adapter_lpuart.o
 .debug_macro   0x0000a023      0x1f6 ./board/board.o
 .debug_macro   0x0000a219      0x1f5 ./board/clock_config.o
 .debug_macro   0x0000a40e      0x1de ./board/pin_mux.o
 .debug_macro   0x0000a5ec       0x16 ./board/pin_mux.o

.debug_line     0x00000000     0x5ec7
 .debug_line    0x00000000      0x4b8 ./utilities/fsl_assert.o
 .debug_line    0x000004b8      0xd30 ./utilities/fsl_debug_console.o
 .debug_line    0x000011e8      0x2a6 ./startup/startup_mkl27z644.o
 .debug_line    0x0000148e      0x65e ./source/delay.o
 .debug_line    0x00001aec      0x5fd ./source/dp_main.o
 .debug_line    0x000020e9       0xce ./source/mtb.o
 .debug_line    0x000021b7       0x59 ./source/semihost_hardfault.o
 .debug_line    0x00002210      0xa2d ./drivers/fsl_clock.o
 .debug_line    0x00002c3d     0x1027 ./drivers/fsl_lpuart.o
 .debug_line    0x00003c64      0xa3a ./drivers/fsl_tpm.o
 .debug_line    0x0000469e      0x23a ./device/system_MKL27Z644.o
 .debug_line    0x000048d8      0x63f ./component/uart/fsl_adapter_lpuart.o
 .debug_line    0x00004f17      0x52a ./board/board.o
 .debug_line    0x00005441      0x556 ./board/clock_config.o
 .debug_line    0x00005997      0x530 ./board/pin_mux.o

.debug_str      0x00000000    0x3c633
 .debug_str     0x00000000    0x3c633 ./utilities/fsl_assert.o
                              0x3620c (size before relaxing)
 .debug_str     0x0003c633    0x37bd6 ./utilities/fsl_debug_console.o
 .debug_str     0x0003c633     0x3297 ./startup/startup_mkl27z644.o
 .debug_str     0x0003c633    0x38134 ./source/delay.o
 .debug_str     0x0003c633    0x388e5 ./source/dp_main.o
 .debug_str     0x0003c633     0x3357 ./source/mtb.o
 .debug_str     0x0003c633     0x2e44 ./source/semihost_hardfault.o
 .debug_str     0x0003c633    0x3784d ./drivers/fsl_clock.o
 .debug_str     0x0003c633    0x37c93 ./drivers/fsl_lpuart.o
 .debug_str     0x0003c633    0x37549 ./drivers/fsl_tpm.o
 .debug_str     0x0003c633    0x31df8 ./device/system_MKL27Z644.o
 .debug_str     0x0003c633    0x3720d ./component/uart/fsl_adapter_lpuart.o
 .debug_str     0x0003c633    0x36fb8 ./board/board.o
 .debug_str     0x0003c633    0x3713b ./board/clock_config.o
 .debug_str     0x0003c633    0x36571 ./board/pin_mux.o

.comment        0x00000000       0x44
 .comment       0x00000000       0x44 ./utilities/fsl_assert.o
                                 0x45 (size before relaxing)
 .comment       0x00000044       0x45 ./utilities/fsl_debug_console.o
 .comment       0x00000044       0x45 ./startup/startup_mkl27z644.o
 .comment       0x00000044       0x45 ./source/delay.o
 .comment       0x00000044       0x45 ./source/dp_main.o
 .comment       0x00000044       0x45 ./source/mtb.o
 .comment       0x00000044       0x45 ./source/semihost_hardfault.o
 .comment       0x00000044       0x45 ./drivers/fsl_clock.o
 .comment       0x00000044       0x45 ./drivers/fsl_lpuart.o
 .comment       0x00000044       0x45 ./drivers/fsl_tpm.o
 .comment       0x00000044       0x45 ./device/system_MKL27Z644.o
 .comment       0x00000044       0x45 ./component/uart/fsl_adapter_lpuart.o
 .comment       0x00000044       0x45 ./board/board.o
 .comment       0x00000044       0x45 ./board/clock_config.o
 .comment       0x00000044       0x45 ./board/pin_mux.o

.ARM.attributes
                0x00000000       0x2c
 .ARM.attributes
                0x00000000       0x2c ./utilities/fsl_assert.o
 .ARM.attributes
                0x0000002c       0x2c ./utilities/fsl_debug_console.o
 .ARM.attributes
                0x00000058       0x2c ./startup/startup_mkl27z644.o
 .ARM.attributes
                0x00000084       0x2c ./source/delay.o
 .ARM.attributes
                0x000000b0       0x2c ./source/dp_main.o
 .ARM.attributes
                0x000000dc       0x2c ./source/mtb.o
 .ARM.attributes
                0x00000108       0x2c ./source/semihost_hardfault.o
 .ARM.attributes
                0x00000134       0x2c ./drivers/fsl_clock.o
 .ARM.attributes
                0x00000160       0x2c ./drivers/fsl_lpuart.o
 .ARM.attributes
                0x0000018c       0x2c ./drivers/fsl_tpm.o
 .ARM.attributes
                0x000001b8       0x2c ./device/system_MKL27Z644.o
 .ARM.attributes
                0x000001e4       0x2c ./component/uart/fsl_adapter_lpuart.o
 .ARM.attributes
                0x00000210       0x2c ./board/board.o
 .ARM.attributes
                0x0000023c       0x2c ./board/clock_config.o
 .ARM.attributes
                0x00000268       0x2c ./board/pin_mux.o
 .ARM.attributes
                0x00000294       0x1e D:/MCUXpressoIDE_24.9.25/ide/plugins/com.nxp.mcuxpresso.tools.win32_24.9.0.202407110857/tools/bin/../lib/gcc/arm-none-eabi/13.2.1/thumb/v6-m/nofp\libgcc.a(_udivsi3.o)
 .ARM.attributes
                0x000002b2       0x1e D:/MCUXpressoIDE_24.9.25/ide/plugins/com.nxp.mcuxpresso.tools.win32_24.9.0.202407110857/tools/bin/../lib/gcc/arm-none-eabi/13.2.1/thumb/v6-m/nofp\libgcc.a(_divsi3.o)
 .ARM.attributes
                0x000002d0       0x1e D:/MCUXpressoIDE_24.9.25/ide/plugins/com.nxp.mcuxpresso.tools.win32_24.9.0.202407110857/tools/bin/../lib/gcc/arm-none-eabi/13.2.1/thumb/v6-m/nofp\libgcc.a(_dvmd_tls.o)
 .ARM.attributes
                0x000002ee       0x2c D:/MCUXpressoIDE_24.9.25/ide/plugins/com.nxp.mcuxpresso.tools.win32_24.9.0.202407110857/tools/bin/../lib/gcc/arm-none-eabi/13.2.1/thumb/v6-m/nofp\libc.a(libc_a-memset.o)
 .ARM.attributes
                0x0000031a       0x2c D:/MCUXpressoIDE_24.9.25/ide/plugins/com.nxp.mcuxpresso.tools.win32_24.9.0.202407110857/tools/bin/../lib/gcc/arm-none-eabi/13.2.1/thumb/v6-m/nofp\libc.a(libc_a-strlen-stub.o)

.debug_frame    0x00000000     0x1318
 .debug_frame   0x00000000       0x30 ./utilities/fsl_assert.o
 .debug_frame   0x00000030      0x170 ./utilities/fsl_debug_console.o
 .debug_frame   0x000001a0      0x3b0 ./startup/startup_mkl27z644.o
 .debug_frame   0x00000550       0xa8 ./source/delay.o
 .debug_frame   0x000005f8       0x74 ./source/dp_main.o
 .debug_frame   0x0000066c       0x20 ./source/semihost_hardfault.o
 .debug_frame   0x0000068c      0x2e8 ./drivers/fsl_clock.o
 .debug_frame   0x00000974      0x468 ./drivers/fsl_lpuart.o
 .debug_frame   0x00000ddc      0x1d0 ./drivers/fsl_tpm.o
 .debug_frame   0x00000fac       0x68 ./device/system_MKL27Z644.o
 .debug_frame   0x00001014       0xf0 ./component/uart/fsl_adapter_lpuart.o
 .debug_frame   0x00001104       0x50 ./board/board.o
 .debug_frame   0x00001154       0xc0 ./board/clock_config.o
 .debug_frame   0x00001214       0x6c ./board/pin_mux.o
 .debug_frame   0x00001280       0x20 D:/MCUXpressoIDE_24.9.25/ide/plugins/com.nxp.mcuxpresso.tools.win32_24.9.0.202407110857/tools/bin/../lib/gcc/arm-none-eabi/13.2.1/thumb/v6-m/nofp\libgcc.a(_udivsi3.o)
 .debug_frame   0x000012a0       0x20 D:/MCUXpressoIDE_24.9.25/ide/plugins/com.nxp.mcuxpresso.tools.win32_24.9.0.202407110857/tools/bin/../lib/gcc/arm-none-eabi/13.2.1/thumb/v6-m/nofp\libgcc.a(_divsi3.o)
 .debug_frame   0x000012c0       0x30 D:/MCUXpressoIDE_24.9.25/ide/plugins/com.nxp.mcuxpresso.tools.win32_24.9.0.202407110857/tools/bin/../lib/gcc/arm-none-eabi/13.2.1/thumb/v6-m/nofp\libc.a(libc_a-memset.o)
 .debug_frame   0x000012f0       0x28 D:/MCUXpressoIDE_24.9.25/ide/plugins/com.nxp.mcuxpresso.tools.win32_24.9.0.202407110857/tools/bin/../lib/gcc/arm-none-eabi/13.2.1/thumb/v6-m/nofp\libc.a(libc_a-strlen-stub.o)

.debug_loc      0x00000000      0x1de
 .debug_loc     0x00000000      0x1de ./startup/startup_mkl27z644.o

.debug_line_str
                0x00000000       0xc9
 .debug_line_str
                0x00000000       0xc9 D:/MCUXpressoIDE_24.9.25/ide/plugins/com.nxp.mcuxpresso.tools.win32_24.9.0.202407110857/tools/bin/../lib/gcc/arm-none-eabi/13.2.1/thumb/v6-m/nofp\libgcc.a(_udivsi3.o)
 .debug_line_str
                0x000000c9       0xc9 D:/MCUXpressoIDE_24.9.25/ide/plugins/com.nxp.mcuxpresso.tools.win32_24.9.0.202407110857/tools/bin/../lib/gcc/arm-none-eabi/13.2.1/thumb/v6-m/nofp\libgcc.a(_divsi3.o)
 .debug_line_str
                0x000000c9       0xc9 D:/MCUXpressoIDE_24.9.25/ide/plugins/com.nxp.mcuxpresso.tools.win32_24.9.0.202407110857/tools/bin/../lib/gcc/arm-none-eabi/13.2.1/thumb/v6-m/nofp\libgcc.a(_dvmd_tls.o)

Cross Reference Table

Symbol                                            File
ADC0_DriverIRQHandler                             ./startup/startup_mkl27z644.o
ADC0_IRQHandler                                   ./startup/startup_mkl27z644.o
BOARD_BootClockRUN                                ./board/clock_config.o
                                                  ./source/dp_main.o
BOARD_BootClockVLPR                               ./board/clock_config.o
BOARD_InitBootClocks                              ./board/clock_config.o
                                                  ./source/dp_main.o
BOARD_InitDebugConsole                            ./board/board.o
                                                  ./source/dp_main.o
BOARD_InitPins                                    ./board/pin_mux.o
                                                  ./source/dp_main.o
CLOCK_DeinitOsc0                                  ./drivers/fsl_clock.o
CLOCK_EnableUsbfs0Clock                           ./drivers/fsl_clock.o
CLOCK_GetBusClkFreq                               ./drivers/fsl_clock.o
CLOCK_GetCoreSysClkFreq                           ./drivers/fsl_clock.o
CLOCK_GetEr32kClkFreq                             ./drivers/fsl_clock.o
CLOCK_GetFlashClkFreq                             ./drivers/fsl_clock.o
CLOCK_GetFreq                                     ./drivers/fsl_clock.o
                                                  ./source/dp_main.o
CLOCK_GetInternalRefClkFreq                       ./drivers/fsl_clock.o
CLOCK_GetMode                                     ./drivers/fsl_clock.o
CLOCK_GetOsc0ErClkFreq                            ./drivers/fsl_clock.o
CLOCK_GetOutClkFreq                               ./drivers/fsl_clock.o
CLOCK_GetPeriphClkFreq                            ./drivers/fsl_clock.o
                                                  ./board/board.o
CLOCK_GetPlatClkFreq                              ./drivers/fsl_clock.o
CLOCK_InitOsc0                                    ./drivers/fsl_clock.o
CLOCK_SetMcgliteConfig                            ./drivers/fsl_clock.o
                                                  ./board/clock_config.o
CLOCK_SetSimConfig                                ./drivers/fsl_clock.o
                                                  ./board/clock_config.o
CMP0_DriverIRQHandler                             ./startup/startup_mkl27z644.o
CMP0_IRQHandler                                   ./startup/startup_mkl27z644.o
DMA0_DriverIRQHandler                             ./startup/startup_mkl27z644.o
DMA0_IRQHandler                                   ./startup/startup_mkl27z644.o
DMA1_DriverIRQHandler                             ./startup/startup_mkl27z644.o
DMA1_IRQHandler                                   ./startup/startup_mkl27z644.o
DMA2_DriverIRQHandler                             ./startup/startup_mkl27z644.o
DMA2_IRQHandler                                   ./startup/startup_mkl27z644.o
DMA3_DriverIRQHandler                             ./startup/startup_mkl27z644.o
DMA3_IRQHandler                                   ./startup/startup_mkl27z644.o
DbgConsole_Deinit                                 ./utilities/fsl_debug_console.o
DbgConsole_Getchar                                ./utilities/fsl_debug_console.o
DbgConsole_Init                                   ./utilities/fsl_debug_console.o
                                                  ./board/board.o
DbgConsole_Printf                                 ./utilities/fsl_debug_console.o
                                                  ./source/dp_main.o
                                                  ./utilities/fsl_assert.o
DbgConsole_Putchar                                ./utilities/fsl_debug_console.o
DbgConsole_Scanf                                  ./utilities/fsl_debug_console.o
FGPIO_PinInit                                     ./drivers/fsl_gpio.o
FGPIO_PortClearInterruptFlags                     ./drivers/fsl_gpio.o
FGPIO_PortGetInterruptFlags                       ./drivers/fsl_gpio.o
FTFA_DriverIRQHandler                             ./startup/startup_mkl27z644.o
FTFA_IRQHandler                                   ./startup/startup_mkl27z644.o
Flash_Config                                      ./startup/startup_mkl27z644.o
GPIO_PinInit                                      ./drivers/fsl_gpio.o
GPIO_PortClearInterruptFlags                      ./drivers/fsl_gpio.o
GPIO_PortGetInterruptFlags                        ./drivers/fsl_gpio.o
HAL_UartDeinit                                    ./component/uart/fsl_adapter_lpuart.o
                                                  ./utilities/fsl_debug_console.o
HAL_UartEnterLowpower                             ./component/uart/fsl_adapter_lpuart.o
HAL_UartExitLowpower                              ./component/uart/fsl_adapter_lpuart.o
HAL_UartInit                                      ./component/uart/fsl_adapter_lpuart.o
                                                  ./utilities/fsl_debug_console.o
HAL_UartReceiveBlocking                           ./component/uart/fsl_adapter_lpuart.o
                                                  ./utilities/fsl_debug_console.o
HAL_UartSendBlocking                              ./component/uart/fsl_adapter_lpuart.o
                                                  ./utilities/fsl_debug_console.o
HardFault_Handler                                 ./source/semihost_hardfault.o
                                                  ./startup/startup_mkl27z644.o
I2C0_DriverIRQHandler                             ./startup/startup_mkl27z644.o
I2C0_IRQHandler                                   ./startup/startup_mkl27z644.o
I2C1_DriverIRQHandler                             ./startup/startup_mkl27z644.o
I2C1_IRQHandler                                   ./startup/startup_mkl27z644.o
IntDefaultHandler                                 ./startup/startup_mkl27z644.o
LIST_AddHead                                      ./component/lists/fsl_component_generic_list.o
LIST_AddPrevElement                               ./component/lists/fsl_component_generic_list.o
LIST_AddTail                                      ./component/lists/fsl_component_generic_list.o
LIST_GetAvailableSize                             ./component/lists/fsl_component_generic_list.o
LIST_GetHead                                      ./component/lists/fsl_component_generic_list.o
LIST_GetList                                      ./component/lists/fsl_component_generic_list.o
LIST_GetNext                                      ./component/lists/fsl_component_generic_list.o
LIST_GetPrev                                      ./component/lists/fsl_component_generic_list.o
LIST_GetSize                                      ./component/lists/fsl_component_generic_list.o
LIST_Init                                         ./component/lists/fsl_component_generic_list.o
LIST_RemoveElement                                ./component/lists/fsl_component_generic_list.o
LIST_RemoveHead                                   ./component/lists/fsl_component_generic_list.o
LLWU_DriverIRQHandler                             ./startup/startup_mkl27z644.o
LLWU_IRQHandler                                   ./startup/startup_mkl27z644.o
LPTMR0_DriverIRQHandler                           ./startup/startup_mkl27z644.o
LPTMR0_IRQHandler                                 ./startup/startup_mkl27z644.o
LPUART0_DriverIRQHandler                          ./drivers/fsl_lpuart.o
                                                  ./startup/startup_mkl27z644.o
LPUART0_IRQHandler                                ./startup/startup_mkl27z644.o
LPUART1_DriverIRQHandler                          ./drivers/fsl_lpuart.o
                                                  ./startup/startup_mkl27z644.o
LPUART1_IRQHandler                                ./startup/startup_mkl27z644.o
LPUART_ClearStatusFlags                           ./drivers/fsl_lpuart.o
LPUART_Deinit                                     ./drivers/fsl_lpuart.o
                                                  ./component/uart/fsl_adapter_lpuart.o
LPUART_DisableInterrupts                          ./drivers/fsl_lpuart.o
LPUART_Enable9bitMode                             ./drivers/fsl_lpuart.o
LPUART_EnableInterrupts                           ./drivers/fsl_lpuart.o
LPUART_GetDefaultConfig                           ./drivers/fsl_lpuart.o
                                                  ./component/uart/fsl_adapter_lpuart.o
LPUART_GetEnabledInterrupts                       ./drivers/fsl_lpuart.o
LPUART_GetInstance                                ./drivers/fsl_lpuart.o
LPUART_GetStatusFlags                             ./drivers/fsl_lpuart.o
LPUART_Init                                       ./drivers/fsl_lpuart.o
                                                  ./component/uart/fsl_adapter_lpuart.o
LPUART_ReadBlocking                               ./drivers/fsl_lpuart.o
                                                  ./component/uart/fsl_adapter_lpuart.o
LPUART_SendAddress                                ./drivers/fsl_lpuart.o
LPUART_SetBaudRate                                ./drivers/fsl_lpuart.o
LPUART_TransferAbortReceive                       ./drivers/fsl_lpuart.o
LPUART_TransferAbortSend                          ./drivers/fsl_lpuart.o
LPUART_TransferCreateHandle                       ./drivers/fsl_lpuart.o
LPUART_TransferGetReceiveCount                    ./drivers/fsl_lpuart.o
LPUART_TransferGetRxRingBufferLength              ./drivers/fsl_lpuart.o
LPUART_TransferGetSendCount                       ./drivers/fsl_lpuart.o
LPUART_TransferHandleErrorIRQ                     ./drivers/fsl_lpuart.o
LPUART_TransferHandleIRQ                          ./drivers/fsl_lpuart.o
LPUART_TransferReceiveNonBlocking                 ./drivers/fsl_lpuart.o
LPUART_TransferSendNonBlocking                    ./drivers/fsl_lpuart.o
LPUART_TransferStartRingBuffer                    ./drivers/fsl_lpuart.o
LPUART_TransferStopRingBuffer                     ./drivers/fsl_lpuart.o
LPUART_WriteBlocking                              ./drivers/fsl_lpuart.o
                                                  ./component/uart/fsl_adapter_lpuart.o
NMI_Handler                                       ./startup/startup_mkl27z644.o
PIT_DriverIRQHandler                              ./startup/startup_mkl27z644.o
PIT_IRQHandler                                    ./startup/startup_mkl27z644.o
PMC_DriverIRQHandler                              ./startup/startup_mkl27z644.o
PMC_IRQHandler                                    ./startup/startup_mkl27z644.o
PORTA_DriverIRQHandler                            ./startup/startup_mkl27z644.o
PORTA_IRQHandler                                  ./startup/startup_mkl27z644.o
PORTB_PORTC_PORTD_PORTE_DriverIRQHandler          ./startup/startup_mkl27z644.o
PORTB_PORTC_PORTD_PORTE_IRQHandler                ./startup/startup_mkl27z644.o
PendSV_Handler                                    ./startup/startup_mkl27z644.o
RTC_DriverIRQHandler                              ./startup/startup_mkl27z644.o
RTC_IRQHandler                                    ./startup/startup_mkl27z644.o
RTC_Seconds_DriverIRQHandler                      ./startup/startup_mkl27z644.o
RTC_Seconds_IRQHandler                            ./startup/startup_mkl27z644.o
Reserved20_DriverIRQHandler                       ./startup/startup_mkl27z644.o
Reserved20_IRQHandler                             ./startup/startup_mkl27z644.o
Reserved39_DriverIRQHandler                       ./startup/startup_mkl27z644.o
Reserved39_IRQHandler                             ./startup/startup_mkl27z644.o
Reserved41_DriverIRQHandler                       ./startup/startup_mkl27z644.o
Reserved41_IRQHandler                             ./startup/startup_mkl27z644.o
Reserved42_DriverIRQHandler                       ./startup/startup_mkl27z644.o
Reserved42_IRQHandler                             ./startup/startup_mkl27z644.o
Reserved43_DriverIRQHandler                       ./startup/startup_mkl27z644.o
Reserved43_IRQHandler                             ./startup/startup_mkl27z644.o
Reserved45_DriverIRQHandler                       ./startup/startup_mkl27z644.o
Reserved45_IRQHandler                             ./startup/startup_mkl27z644.o
ResetISR                                          ./startup/startup_mkl27z644.o
SDK_DelayAtLeastUs                                ./drivers/fsl_common.o
SDK_Free                                          ./drivers/fsl_common.o
SDK_Malloc                                        ./drivers/fsl_common.o
SMC_PostExitStopModes                             ./drivers/fsl_smc.o
SMC_PostExitWaitModes                             ./drivers/fsl_smc.o
SMC_PreEnterStopModes                             ./drivers/fsl_smc.o
SMC_PreEnterWaitModes                             ./drivers/fsl_smc.o
SMC_SetPowerModeLls                               ./drivers/fsl_smc.o
SMC_SetPowerModeRun                               ./drivers/fsl_smc.o
SMC_SetPowerModeStop                              ./drivers/fsl_smc.o
SMC_SetPowerModeVlls                              ./drivers/fsl_smc.o
SMC_SetPowerModeVlpr                              ./drivers/fsl_smc.o
                                                  ./board/clock_config.o
SMC_SetPowerModeVlps                              ./drivers/fsl_smc.o
SMC_SetPowerModeVlpw                              ./drivers/fsl_smc.o
SMC_SetPowerModeWait                              ./drivers/fsl_smc.o
SPI0_DriverIRQHandler                             ./startup/startup_mkl27z644.o
SPI0_IRQHandler                                   ./startup/startup_mkl27z644.o
SPI1_DriverIRQHandler                             ./startup/startup_mkl27z644.o
SPI1_IRQHandler                                   ./startup/startup_mkl27z644.o
SVC_Handler                                       ./startup/startup_mkl27z644.o
SysTick_DelayTicks                                ./source/delay.o
                                                  ./source/dp_main.o
SysTick_Handler                                   ./source/delay.o
                                                  ./startup/startup_mkl27z644.o
SysTick_Init                                      ./source/delay.o
                                                  ./source/dp_main.o
SystemCoreClock                                   ./device/system_MKL27Z644.o
                                                  ./board/clock_config.o
                                                  ./source/delay.o
SystemCoreClockUpdate                             ./device/system_MKL27Z644.o
SystemInit                                        ./device/system_MKL27Z644.o
                                                  ./startup/startup_mkl27z644.o
SystemInitHook                                    ./device/system_MKL27Z644.o
TPM0_DriverIRQHandler                             ./startup/startup_mkl27z644.o
TPM0_IRQHandler                                   ./startup/startup_mkl27z644.o
TPM1_DriverIRQHandler                             ./startup/startup_mkl27z644.o
TPM1_IRQHandler                                   ./startup/startup_mkl27z644.o
TPM2_DriverIRQHandler                             ./startup/startup_mkl27z644.o
TPM2_IRQHandler                                   ./startup/startup_mkl27z644.o
TPM_Deinit                                        ./drivers/fsl_tpm.o
TPM_DisableInterrupts                             ./drivers/fsl_tpm.o
TPM_EnableInterrupts                              ./drivers/fsl_tpm.o
TPM_GetDefaultConfig                              ./drivers/fsl_tpm.o
                                                  ./source/dp_main.o
TPM_GetEnabledInterrupts                          ./drivers/fsl_tpm.o
TPM_Init                                          ./drivers/fsl_tpm.o
                                                  ./source/dp_main.o
TPM_SetupInputCapture                             ./drivers/fsl_tpm.o
TPM_SetupOutputCompare                            ./drivers/fsl_tpm.o
TPM_SetupPwm                                      ./drivers/fsl_tpm.o
                                                  ./source/dp_main.o
TPM_UpdateChnlEdgeLevelSelect                     ./drivers/fsl_tpm.o
TPM_UpdatePwmDutycycle                            ./drivers/fsl_tpm.o
                                                  ./source/dp_main.o
UART2_DriverIRQHandler                            ./drivers/fsl_uart.o
UART2_FLEXIO_DriverIRQHandler                     ./startup/startup_mkl27z644.o
UART2_FLEXIO_IRQHandler                           ./startup/startup_mkl27z644.o
UART2_RX_TX_DriverIRQHandler                      ./drivers/fsl_uart.o
UART_ClearStatusFlags                             ./drivers/fsl_uart.o
UART_Deinit                                       ./drivers/fsl_uart.o
UART_DisableInterrupts                            ./drivers/fsl_uart.o
UART_Enable9bitMode                               ./drivers/fsl_uart.o
UART_EnableInterrupts                             ./drivers/fsl_uart.o
UART_GetDefaultConfig                             ./drivers/fsl_uart.o
UART_GetEnabledInterrupts                         ./drivers/fsl_uart.o
UART_GetInstance                                  ./drivers/fsl_uart.o
UART_GetStatusFlags                               ./drivers/fsl_uart.o
UART_Init                                         ./drivers/fsl_uart.o
UART_ReadBlocking                                 ./drivers/fsl_uart.o
UART_SendAddress                                  ./drivers/fsl_uart.o
UART_SetBaudRate                                  ./drivers/fsl_uart.o
UART_TransferAbortReceive                         ./drivers/fsl_uart.o
UART_TransferAbortSend                            ./drivers/fsl_uart.o
UART_TransferCreateHandle                         ./drivers/fsl_uart.o
UART_TransferGetReceiveCount                      ./drivers/fsl_uart.o
UART_TransferGetRxRingBufferLength                ./drivers/fsl_uart.o
UART_TransferGetSendCount                         ./drivers/fsl_uart.o
UART_TransferHandleErrorIRQ                       ./drivers/fsl_uart.o
UART_TransferHandleIRQ                            ./drivers/fsl_uart.o
UART_TransferReceiveNonBlocking                   ./drivers/fsl_uart.o
UART_TransferSendNonBlocking                      ./drivers/fsl_uart.o
UART_TransferStartRingBuffer                      ./drivers/fsl_uart.o
UART_TransferStopRingBuffer                       ./drivers/fsl_uart.o
UART_WriteBlocking                                ./drivers/fsl_uart.o
USB0_DriverIRQHandler                             ./startup/startup_mkl27z644.o
USB0_IRQHandler                                   ./startup/startup_mkl27z644.o
__Vectors                                         ./startup/startup_mkl27z644.o
__aeabi_idiv                                      D:/MCUXpressoIDE_24.9.25/ide/plugins/com.nxp.mcuxpresso.tools.win32_24.9.0.202407110857/tools/bin/../lib/gcc/arm-none-eabi/13.2.1/thumb/v6-m/nofp\libgcc.a(_divsi3.o)
                                                  ./utilities/fsl_debug_console.o
__aeabi_idiv0                                     D:/MCUXpressoIDE_24.9.25/ide/plugins/com.nxp.mcuxpresso.tools.win32_24.9.0.202407110857/tools/bin/../lib/gcc/arm-none-eabi/13.2.1/thumb/v6-m/nofp\libgcc.a(_dvmd_tls.o)
                                                  D:/MCUXpressoIDE_24.9.25/ide/plugins/com.nxp.mcuxpresso.tools.win32_24.9.0.202407110857/tools/bin/../lib/gcc/arm-none-eabi/13.2.1/thumb/v6-m/nofp\libgcc.a(_divsi3.o)
                                                  D:/MCUXpressoIDE_24.9.25/ide/plugins/com.nxp.mcuxpresso.tools.win32_24.9.0.202407110857/tools/bin/../lib/gcc/arm-none-eabi/13.2.1/thumb/v6-m/nofp\libgcc.a(_udivsi3.o)
__aeabi_idivmod                                   D:/MCUXpressoIDE_24.9.25/ide/plugins/com.nxp.mcuxpresso.tools.win32_24.9.0.202407110857/tools/bin/../lib/gcc/arm-none-eabi/13.2.1/thumb/v6-m/nofp\libgcc.a(_divsi3.o)
__aeabi_ldiv0                                     D:/MCUXpressoIDE_24.9.25/ide/plugins/com.nxp.mcuxpresso.tools.win32_24.9.0.202407110857/tools/bin/../lib/gcc/arm-none-eabi/13.2.1/thumb/v6-m/nofp\libgcc.a(_dvmd_tls.o)
                                                  D:/MCUXpressoIDE_24.9.25/ide/plugins/com.nxp.mcuxpresso.tools.win32_24.9.0.202407110857/tools/bin/../lib/gcc/arm-none-eabi/13.2.1/thumb/v6-m/nofp\libgcc.a(_aeabi_uldivmod.o)
__aeabi_lmul                                      D:/MCUXpressoIDE_24.9.25/ide/plugins/com.nxp.mcuxpresso.tools.win32_24.9.0.202407110857/tools/bin/../lib/gcc/arm-none-eabi/13.2.1/thumb/v6-m/nofp\libgcc.a(_muldi3.o)
                                                  ./drivers/fsl_common.o
__aeabi_uidiv                                     D:/MCUXpressoIDE_24.9.25/ide/plugins/com.nxp.mcuxpresso.tools.win32_24.9.0.202407110857/tools/bin/../lib/gcc/arm-none-eabi/13.2.1/thumb/v6-m/nofp\libgcc.a(_udivsi3.o)
                                                  D:/MCUXpressoIDE_24.9.25/ide/plugins/com.nxp.mcuxpresso.tools.win32_24.9.0.202407110857/tools/bin/../lib/gcc/arm-none-eabi/13.2.1/thumb/v6-m/nofp\libc.a(libc_a-freer.o)
                                                  ./device/system_MKL27Z644.o
                                                  ./drivers/fsl_uart.o
                                                  ./drivers/fsl_tpm.o
                                                  ./drivers/fsl_lpuart.o
                                                  ./drivers/fsl_clock.o
                                                  ./source/delay.o
                                                  ./utilities/fsl_debug_console.o
__aeabi_uidivmod                                  D:/MCUXpressoIDE_24.9.25/ide/plugins/com.nxp.mcuxpresso.tools.win32_24.9.0.202407110857/tools/bin/../lib/gcc/arm-none-eabi/13.2.1/thumb/v6-m/nofp\libgcc.a(_udivsi3.o)
__aeabi_uldivmod                                  D:/MCUXpressoIDE_24.9.25/ide/plugins/com.nxp.mcuxpresso.tools.win32_24.9.0.202407110857/tools/bin/../lib/gcc/arm-none-eabi/13.2.1/thumb/v6-m/nofp\libgcc.a(_aeabi_uldivmod.o)
                                                  ./drivers/fsl_common.o
__assert_func                                     ./utilities/fsl_assert.o
                                                  ./component/uart/fsl_adapter_lpuart.o
                                                  ./drivers/fsl_uart.o
                                                  ./drivers/fsl_tpm.o
                                                  ./drivers/fsl_lpuart.o
                                                  ./drivers/fsl_gpio.o
                                                  ./drivers/fsl_common.o
                                                  ./drivers/fsl_clock.o
__bss_section_table_end                           ./startup/startup_mkl27z644.o
__check_heap_overflow                             D:/MCUXpressoIDE_24.9.25/ide/plugins/com.nxp.mcuxpresso.tools.win32_24.9.0.202407110857/tools/bin/../lib/gcc/arm-none-eabi/13.2.1/../../../../arm-none-eabi/lib/thumb/v6-m/nofp\libcr_newlib_semihost.a(_cr_check_heap.o)
                                                  D:/MCUXpressoIDE_24.9.25/ide/plugins/com.nxp.mcuxpresso.tools.win32_24.9.0.202407110857/tools/bin/../lib/gcc/arm-none-eabi/13.2.1/../../../../arm-none-eabi/lib/thumb/v6-m/nofp\libcr_newlib_semihost.a(_cr_sbrk.o)
__clzdi2                                          D:/MCUXpressoIDE_24.9.25/ide/plugins/com.nxp.mcuxpresso.tools.win32_24.9.0.202407110857/tools/bin/../lib/gcc/arm-none-eabi/13.2.1/thumb/v6-m/nofp\libgcc.a(_clzdi2.o)
                                                  D:/MCUXpressoIDE_24.9.25/ide/plugins/com.nxp.mcuxpresso.tools.win32_24.9.0.202407110857/tools/bin/../lib/gcc/arm-none-eabi/13.2.1/thumb/v6-m/nofp\libgcc.a(_udivmoddi4.o)
__clzsi2                                          D:/MCUXpressoIDE_24.9.25/ide/plugins/com.nxp.mcuxpresso.tools.win32_24.9.0.202407110857/tools/bin/../lib/gcc/arm-none-eabi/13.2.1/thumb/v6-m/nofp\libgcc.a(_clzsi2.o)
                                                  D:/MCUXpressoIDE_24.9.25/ide/plugins/com.nxp.mcuxpresso.tools.win32_24.9.0.202407110857/tools/bin/../lib/gcc/arm-none-eabi/13.2.1/thumb/v6-m/nofp\libgcc.a(_clzdi2.o)
__data_section_table                              ./startup/startup_mkl27z644.o
__data_section_table_end                          ./startup/startup_mkl27z644.o
__divsi3                                          D:/MCUXpressoIDE_24.9.25/ide/plugins/com.nxp.mcuxpresso.tools.win32_24.9.0.202407110857/tools/bin/../lib/gcc/arm-none-eabi/13.2.1/thumb/v6-m/nofp\libgcc.a(_divsi3.o)
__end_of_heap                                     D:/MCUXpressoIDE_24.9.25/ide/plugins/com.nxp.mcuxpresso.tools.win32_24.9.0.202407110857/tools/bin/../lib/gcc/arm-none-eabi/13.2.1/../../../../arm-none-eabi/lib/thumb/v6-m/nofp\libcr_newlib_semihost.a(_cr_sbrk.o)
__errno                                           D:/MCUXpressoIDE_24.9.25/ide/plugins/com.nxp.mcuxpresso.tools.win32_24.9.0.202407110857/tools/bin/../lib/gcc/arm-none-eabi/13.2.1/thumb/v6-m/nofp\libc.a(libc_a-errno.o)
                                                  D:/MCUXpressoIDE_24.9.25/ide/plugins/com.nxp.mcuxpresso.tools.win32_24.9.0.202407110857/tools/bin/../lib/gcc/arm-none-eabi/13.2.1/../../../../arm-none-eabi/lib/thumb/v6-m/nofp\libcr_newlib_semihost.a(syscalls.o)
                                                  D:/MCUXpressoIDE_24.9.25/ide/plugins/com.nxp.mcuxpresso.tools.win32_24.9.0.202407110857/tools/bin/../lib/gcc/arm-none-eabi/13.2.1/../../../../arm-none-eabi/lib/thumb/v6-m/nofp\libcr_newlib_semihost.a(_cr_sbrk.o)
                                                  D:/MCUXpressoIDE_24.9.25/ide/plugins/com.nxp.mcuxpresso.tools.win32_24.9.0.202407110857/tools/bin/../lib/gcc/arm-none-eabi/13.2.1/thumb/v6-m/nofp\libc.a(libc_a-sysconf.o)
__fp_lock_all                                     D:/MCUXpressoIDE_24.9.25/ide/plugins/com.nxp.mcuxpresso.tools.win32_24.9.0.202407110857/tools/bin/../lib/gcc/arm-none-eabi/13.2.1/thumb/v6-m/nofp\libc.a(libc_a-findfp.o)
__fp_unlock_all                                   D:/MCUXpressoIDE_24.9.25/ide/plugins/com.nxp.mcuxpresso.tools.win32_24.9.0.202407110857/tools/bin/../lib/gcc/arm-none-eabi/13.2.1/thumb/v6-m/nofp\libc.a(libc_a-findfp.o)
__lock___arc4random_mutex                         D:/MCUXpressoIDE_24.9.25/ide/plugins/com.nxp.mcuxpresso.tools.win32_24.9.0.202407110857/tools/bin/../lib/gcc/arm-none-eabi/13.2.1/thumb/v6-m/nofp\libc.a(libc_a-lock.o)
__lock___at_quick_exit_mutex                      D:/MCUXpressoIDE_24.9.25/ide/plugins/com.nxp.mcuxpresso.tools.win32_24.9.0.202407110857/tools/bin/../lib/gcc/arm-none-eabi/13.2.1/thumb/v6-m/nofp\libc.a(libc_a-lock.o)
__lock___atexit_recursive_mutex                   D:/MCUXpressoIDE_24.9.25/ide/plugins/com.nxp.mcuxpresso.tools.win32_24.9.0.202407110857/tools/bin/../lib/gcc/arm-none-eabi/13.2.1/thumb/v6-m/nofp\libc.a(libc_a-lock.o)
__lock___dd_hash_mutex                            D:/MCUXpressoIDE_24.9.25/ide/plugins/com.nxp.mcuxpresso.tools.win32_24.9.0.202407110857/tools/bin/../lib/gcc/arm-none-eabi/13.2.1/thumb/v6-m/nofp\libc.a(libc_a-lock.o)
__lock___env_recursive_mutex                      D:/MCUXpressoIDE_24.9.25/ide/plugins/com.nxp.mcuxpresso.tools.win32_24.9.0.202407110857/tools/bin/../lib/gcc/arm-none-eabi/13.2.1/thumb/v6-m/nofp\libc.a(libc_a-lock.o)
__lock___malloc_recursive_mutex                   D:/MCUXpressoIDE_24.9.25/ide/plugins/com.nxp.mcuxpresso.tools.win32_24.9.0.202407110857/tools/bin/../lib/gcc/arm-none-eabi/13.2.1/thumb/v6-m/nofp\libc.a(libc_a-lock.o)
                                                  D:/MCUXpressoIDE_24.9.25/ide/plugins/com.nxp.mcuxpresso.tools.win32_24.9.0.202407110857/tools/bin/../lib/gcc/arm-none-eabi/13.2.1/thumb/v6-m/nofp\libc.a(libc_a-mlock.o)
__lock___sfp_recursive_mutex                      D:/MCUXpressoIDE_24.9.25/ide/plugins/com.nxp.mcuxpresso.tools.win32_24.9.0.202407110857/tools/bin/../lib/gcc/arm-none-eabi/13.2.1/thumb/v6-m/nofp\libc.a(libc_a-lock.o)
                                                  D:/MCUXpressoIDE_24.9.25/ide/plugins/com.nxp.mcuxpresso.tools.win32_24.9.0.202407110857/tools/bin/../lib/gcc/arm-none-eabi/13.2.1/thumb/v6-m/nofp\libc.a(libc_a-findfp.o)
__lock___tz_mutex                                 D:/MCUXpressoIDE_24.9.25/ide/plugins/com.nxp.mcuxpresso.tools.win32_24.9.0.202407110857/tools/bin/../lib/gcc/arm-none-eabi/13.2.1/thumb/v6-m/nofp\libc.a(libc_a-lock.o)
__malloc_av_                                      D:/MCUXpressoIDE_24.9.25/ide/plugins/com.nxp.mcuxpresso.tools.win32_24.9.0.202407110857/tools/bin/../lib/gcc/arm-none-eabi/13.2.1/thumb/v6-m/nofp\libc.a(libc_a-mallocr.o)
                                                  D:/MCUXpressoIDE_24.9.25/ide/plugins/com.nxp.mcuxpresso.tools.win32_24.9.0.202407110857/tools/bin/../lib/gcc/arm-none-eabi/13.2.1/thumb/v6-m/nofp\libc.a(libc_a-freer.o)
__malloc_current_mallinfo                         D:/MCUXpressoIDE_24.9.25/ide/plugins/com.nxp.mcuxpresso.tools.win32_24.9.0.202407110857/tools/bin/../lib/gcc/arm-none-eabi/13.2.1/thumb/v6-m/nofp\libc.a(libc_a-mallocr.o)
                                                  D:/MCUXpressoIDE_24.9.25/ide/plugins/com.nxp.mcuxpresso.tools.win32_24.9.0.202407110857/tools/bin/../lib/gcc/arm-none-eabi/13.2.1/thumb/v6-m/nofp\libc.a(libc_a-freer.o)
__malloc_lock                                     D:/MCUXpressoIDE_24.9.25/ide/plugins/com.nxp.mcuxpresso.tools.win32_24.9.0.202407110857/tools/bin/../lib/gcc/arm-none-eabi/13.2.1/thumb/v6-m/nofp\libc.a(libc_a-mlock.o)
                                                  D:/MCUXpressoIDE_24.9.25/ide/plugins/com.nxp.mcuxpresso.tools.win32_24.9.0.202407110857/tools/bin/../lib/gcc/arm-none-eabi/13.2.1/thumb/v6-m/nofp\libc.a(libc_a-freer.o)
                                                  D:/MCUXpressoIDE_24.9.25/ide/plugins/com.nxp.mcuxpresso.tools.win32_24.9.0.202407110857/tools/bin/../lib/gcc/arm-none-eabi/13.2.1/thumb/v6-m/nofp\libc.a(libc_a-mallocr.o)
__malloc_max_sbrked_mem                           D:/MCUXpressoIDE_24.9.25/ide/plugins/com.nxp.mcuxpresso.tools.win32_24.9.0.202407110857/tools/bin/../lib/gcc/arm-none-eabi/13.2.1/thumb/v6-m/nofp\libc.a(libc_a-mallocr.o)
__malloc_max_total_mem                            D:/MCUXpressoIDE_24.9.25/ide/plugins/com.nxp.mcuxpresso.tools.win32_24.9.0.202407110857/tools/bin/../lib/gcc/arm-none-eabi/13.2.1/thumb/v6-m/nofp\libc.a(libc_a-mallocr.o)
__malloc_sbrk_base                                D:/MCUXpressoIDE_24.9.25/ide/plugins/com.nxp.mcuxpresso.tools.win32_24.9.0.202407110857/tools/bin/../lib/gcc/arm-none-eabi/13.2.1/thumb/v6-m/nofp\libc.a(libc_a-mallocr.o)
                                                  D:/MCUXpressoIDE_24.9.25/ide/plugins/com.nxp.mcuxpresso.tools.win32_24.9.0.202407110857/tools/bin/../lib/gcc/arm-none-eabi/13.2.1/thumb/v6-m/nofp\libc.a(libc_a-freer.o)
__malloc_top_pad                                  D:/MCUXpressoIDE_24.9.25/ide/plugins/com.nxp.mcuxpresso.tools.win32_24.9.0.202407110857/tools/bin/../lib/gcc/arm-none-eabi/13.2.1/thumb/v6-m/nofp\libc.a(libc_a-mallocr.o)
                                                  D:/MCUXpressoIDE_24.9.25/ide/plugins/com.nxp.mcuxpresso.tools.win32_24.9.0.202407110857/tools/bin/../lib/gcc/arm-none-eabi/13.2.1/thumb/v6-m/nofp\libc.a(libc_a-freer.o)
__malloc_trim_threshold                           D:/MCUXpressoIDE_24.9.25/ide/plugins/com.nxp.mcuxpresso.tools.win32_24.9.0.202407110857/tools/bin/../lib/gcc/arm-none-eabi/13.2.1/thumb/v6-m/nofp\libc.a(libc_a-mallocr.o)
                                                  D:/MCUXpressoIDE_24.9.25/ide/plugins/com.nxp.mcuxpresso.tools.win32_24.9.0.202407110857/tools/bin/../lib/gcc/arm-none-eabi/13.2.1/thumb/v6-m/nofp\libc.a(libc_a-freer.o)
__malloc_unlock                                   D:/MCUXpressoIDE_24.9.25/ide/plugins/com.nxp.mcuxpresso.tools.win32_24.9.0.202407110857/tools/bin/../lib/gcc/arm-none-eabi/13.2.1/thumb/v6-m/nofp\libc.a(libc_a-mlock.o)
                                                  D:/MCUXpressoIDE_24.9.25/ide/plugins/com.nxp.mcuxpresso.tools.win32_24.9.0.202407110857/tools/bin/../lib/gcc/arm-none-eabi/13.2.1/thumb/v6-m/nofp\libc.a(libc_a-freer.o)
                                                  D:/MCUXpressoIDE_24.9.25/ide/plugins/com.nxp.mcuxpresso.tools.win32_24.9.0.202407110857/tools/bin/../lib/gcc/arm-none-eabi/13.2.1/thumb/v6-m/nofp\libc.a(libc_a-mallocr.o)
__mtb_buffer__                                    ./source/mtb.o
__muldi3                                          D:/MCUXpressoIDE_24.9.25/ide/plugins/com.nxp.mcuxpresso.tools.win32_24.9.0.202407110857/tools/bin/../lib/gcc/arm-none-eabi/13.2.1/thumb/v6-m/nofp\libgcc.a(_muldi3.o)
__retarget_lock_acquire                           D:/MCUXpressoIDE_24.9.25/ide/plugins/com.nxp.mcuxpresso.tools.win32_24.9.0.202407110857/tools/bin/../lib/gcc/arm-none-eabi/13.2.1/thumb/v6-m/nofp\libc.a(libc_a-lock.o)
__retarget_lock_acquire_recursive                 D:/MCUXpressoIDE_24.9.25/ide/plugins/com.nxp.mcuxpresso.tools.win32_24.9.0.202407110857/tools/bin/../lib/gcc/arm-none-eabi/13.2.1/thumb/v6-m/nofp\libc.a(libc_a-lock.o)
                                                  D:/MCUXpressoIDE_24.9.25/ide/plugins/com.nxp.mcuxpresso.tools.win32_24.9.0.202407110857/tools/bin/../lib/gcc/arm-none-eabi/13.2.1/thumb/v6-m/nofp\libc.a(libc_a-fflush.o)
                                                  D:/MCUXpressoIDE_24.9.25/ide/plugins/com.nxp.mcuxpresso.tools.win32_24.9.0.202407110857/tools/bin/../lib/gcc/arm-none-eabi/13.2.1/thumb/v6-m/nofp\libc.a(libc_a-fclose.o)
                                                  D:/MCUXpressoIDE_24.9.25/ide/plugins/com.nxp.mcuxpresso.tools.win32_24.9.0.202407110857/tools/bin/../lib/gcc/arm-none-eabi/13.2.1/thumb/v6-m/nofp\libc.a(libc_a-findfp.o)
                                                  D:/MCUXpressoIDE_24.9.25/ide/plugins/com.nxp.mcuxpresso.tools.win32_24.9.0.202407110857/tools/bin/../lib/gcc/arm-none-eabi/13.2.1/thumb/v6-m/nofp\libc.a(libc_a-mlock.o)
__retarget_lock_close                             D:/MCUXpressoIDE_24.9.25/ide/plugins/com.nxp.mcuxpresso.tools.win32_24.9.0.202407110857/tools/bin/../lib/gcc/arm-none-eabi/13.2.1/thumb/v6-m/nofp\libc.a(libc_a-lock.o)
__retarget_lock_close_recursive                   D:/MCUXpressoIDE_24.9.25/ide/plugins/com.nxp.mcuxpresso.tools.win32_24.9.0.202407110857/tools/bin/../lib/gcc/arm-none-eabi/13.2.1/thumb/v6-m/nofp\libc.a(libc_a-lock.o)
                                                  D:/MCUXpressoIDE_24.9.25/ide/plugins/com.nxp.mcuxpresso.tools.win32_24.9.0.202407110857/tools/bin/../lib/gcc/arm-none-eabi/13.2.1/thumb/v6-m/nofp\libc.a(libc_a-fclose.o)
__retarget_lock_init                              D:/MCUXpressoIDE_24.9.25/ide/plugins/com.nxp.mcuxpresso.tools.win32_24.9.0.202407110857/tools/bin/../lib/gcc/arm-none-eabi/13.2.1/thumb/v6-m/nofp\libc.a(libc_a-lock.o)
__retarget_lock_init_recursive                    D:/MCUXpressoIDE_24.9.25/ide/plugins/com.nxp.mcuxpresso.tools.win32_24.9.0.202407110857/tools/bin/../lib/gcc/arm-none-eabi/13.2.1/thumb/v6-m/nofp\libc.a(libc_a-lock.o)
                                                  D:/MCUXpressoIDE_24.9.25/ide/plugins/com.nxp.mcuxpresso.tools.win32_24.9.0.202407110857/tools/bin/../lib/gcc/arm-none-eabi/13.2.1/thumb/v6-m/nofp\libc.a(libc_a-findfp.o)
__retarget_lock_release                           D:/MCUXpressoIDE_24.9.25/ide/plugins/com.nxp.mcuxpresso.tools.win32_24.9.0.202407110857/tools/bin/../lib/gcc/arm-none-eabi/13.2.1/thumb/v6-m/nofp\libc.a(libc_a-lock.o)
__retarget_lock_release_recursive                 D:/MCUXpressoIDE_24.9.25/ide/plugins/com.nxp.mcuxpresso.tools.win32_24.9.0.202407110857/tools/bin/../lib/gcc/arm-none-eabi/13.2.1/thumb/v6-m/nofp\libc.a(libc_a-lock.o)
                                                  D:/MCUXpressoIDE_24.9.25/ide/plugins/com.nxp.mcuxpresso.tools.win32_24.9.0.202407110857/tools/bin/../lib/gcc/arm-none-eabi/13.2.1/thumb/v6-m/nofp\libc.a(libc_a-fflush.o)
                                                  D:/MCUXpressoIDE_24.9.25/ide/plugins/com.nxp.mcuxpresso.tools.win32_24.9.0.202407110857/tools/bin/../lib/gcc/arm-none-eabi/13.2.1/thumb/v6-m/nofp\libc.a(libc_a-fclose.o)
                                                  D:/MCUXpressoIDE_24.9.25/ide/plugins/com.nxp.mcuxpresso.tools.win32_24.9.0.202407110857/tools/bin/../lib/gcc/arm-none-eabi/13.2.1/thumb/v6-m/nofp\libc.a(libc_a-findfp.o)
                                                  D:/MCUXpressoIDE_24.9.25/ide/plugins/com.nxp.mcuxpresso.tools.win32_24.9.0.202407110857/tools/bin/../lib/gcc/arm-none-eabi/13.2.1/thumb/v6-m/nofp\libc.a(libc_a-mlock.o)
__retarget_lock_try_acquire                       D:/MCUXpressoIDE_24.9.25/ide/plugins/com.nxp.mcuxpresso.tools.win32_24.9.0.202407110857/tools/bin/../lib/gcc/arm-none-eabi/13.2.1/thumb/v6-m/nofp\libc.a(libc_a-lock.o)
__retarget_lock_try_acquire_recursive             D:/MCUXpressoIDE_24.9.25/ide/plugins/com.nxp.mcuxpresso.tools.win32_24.9.0.202407110857/tools/bin/../lib/gcc/arm-none-eabi/13.2.1/thumb/v6-m/nofp\libc.a(libc_a-lock.o)
__sclose                                          D:/MCUXpressoIDE_24.9.25/ide/plugins/com.nxp.mcuxpresso.tools.win32_24.9.0.202407110857/tools/bin/../lib/gcc/arm-none-eabi/13.2.1/thumb/v6-m/nofp\libc.a(libc_a-stdio.o)
                                                  D:/MCUXpressoIDE_24.9.25/ide/plugins/com.nxp.mcuxpresso.tools.win32_24.9.0.202407110857/tools/bin/../lib/gcc/arm-none-eabi/13.2.1/thumb/v6-m/nofp\libc.a(libc_a-findfp.o)
__seofread                                        D:/MCUXpressoIDE_24.9.25/ide/plugins/com.nxp.mcuxpresso.tools.win32_24.9.0.202407110857/tools/bin/../lib/gcc/arm-none-eabi/13.2.1/thumb/v6-m/nofp\libc.a(libc_a-stdio.o)
__sf                                              D:/MCUXpressoIDE_24.9.25/ide/plugins/com.nxp.mcuxpresso.tools.win32_24.9.0.202407110857/tools/bin/../lib/gcc/arm-none-eabi/13.2.1/thumb/v6-m/nofp\libc.a(libc_a-findfp.o)
                                                  D:/MCUXpressoIDE_24.9.25/ide/plugins/com.nxp.mcuxpresso.tools.win32_24.9.0.202407110857/tools/bin/../lib/gcc/arm-none-eabi/13.2.1/thumb/v6-m/nofp\libc.a(libc_a-impure.o)
__sflush_r                                        D:/MCUXpressoIDE_24.9.25/ide/plugins/com.nxp.mcuxpresso.tools.win32_24.9.0.202407110857/tools/bin/../lib/gcc/arm-none-eabi/13.2.1/thumb/v6-m/nofp\libc.a(libc_a-fflush.o)
                                                  D:/MCUXpressoIDE_24.9.25/ide/plugins/com.nxp.mcuxpresso.tools.win32_24.9.0.202407110857/tools/bin/../lib/gcc/arm-none-eabi/13.2.1/thumb/v6-m/nofp\libc.a(libc_a-fclose.o)
__sfp                                             D:/MCUXpressoIDE_24.9.25/ide/plugins/com.nxp.mcuxpresso.tools.win32_24.9.0.202407110857/tools/bin/../lib/gcc/arm-none-eabi/13.2.1/thumb/v6-m/nofp\libc.a(libc_a-findfp.o)
__sfp_lock_acquire                                D:/MCUXpressoIDE_24.9.25/ide/plugins/com.nxp.mcuxpresso.tools.win32_24.9.0.202407110857/tools/bin/../lib/gcc/arm-none-eabi/13.2.1/thumb/v6-m/nofp\libc.a(libc_a-findfp.o)
                                                  D:/MCUXpressoIDE_24.9.25/ide/plugins/com.nxp.mcuxpresso.tools.win32_24.9.0.202407110857/tools/bin/../lib/gcc/arm-none-eabi/13.2.1/thumb/v6-m/nofp\libc.a(libc_a-fclose.o)
__sfp_lock_release                                D:/MCUXpressoIDE_24.9.25/ide/plugins/com.nxp.mcuxpresso.tools.win32_24.9.0.202407110857/tools/bin/../lib/gcc/arm-none-eabi/13.2.1/thumb/v6-m/nofp\libc.a(libc_a-findfp.o)
                                                  D:/MCUXpressoIDE_24.9.25/ide/plugins/com.nxp.mcuxpresso.tools.win32_24.9.0.202407110857/tools/bin/../lib/gcc/arm-none-eabi/13.2.1/thumb/v6-m/nofp\libc.a(libc_a-fclose.o)
__sglue                                           D:/MCUXpressoIDE_24.9.25/ide/plugins/com.nxp.mcuxpresso.tools.win32_24.9.0.202407110857/tools/bin/../lib/gcc/arm-none-eabi/13.2.1/thumb/v6-m/nofp\libc.a(libc_a-findfp.o)
                                                  D:/MCUXpressoIDE_24.9.25/ide/plugins/com.nxp.mcuxpresso.tools.win32_24.9.0.202407110857/tools/bin/../lib/gcc/arm-none-eabi/13.2.1/thumb/v6-m/nofp\libc.a(libc_a-fflush.o)
__sinit                                           D:/MCUXpressoIDE_24.9.25/ide/plugins/com.nxp.mcuxpresso.tools.win32_24.9.0.202407110857/tools/bin/../lib/gcc/arm-none-eabi/13.2.1/thumb/v6-m/nofp\libc.a(libc_a-findfp.o)
                                                  D:/MCUXpressoIDE_24.9.25/ide/plugins/com.nxp.mcuxpresso.tools.win32_24.9.0.202407110857/tools/bin/../lib/gcc/arm-none-eabi/13.2.1/thumb/v6-m/nofp\libc.a(libc_a-fflush.o)
                                                  D:/MCUXpressoIDE_24.9.25/ide/plugins/com.nxp.mcuxpresso.tools.win32_24.9.0.202407110857/tools/bin/../lib/gcc/arm-none-eabi/13.2.1/thumb/v6-m/nofp\libc.a(libc_a-fclose.o)
__sread                                           D:/MCUXpressoIDE_24.9.25/ide/plugins/com.nxp.mcuxpresso.tools.win32_24.9.0.202407110857/tools/bin/../lib/gcc/arm-none-eabi/13.2.1/thumb/v6-m/nofp\libc.a(libc_a-stdio.o)
                                                  D:/MCUXpressoIDE_24.9.25/ide/plugins/com.nxp.mcuxpresso.tools.win32_24.9.0.202407110857/tools/bin/../lib/gcc/arm-none-eabi/13.2.1/thumb/v6-m/nofp\libc.a(libc_a-findfp.o)
__sseek                                           D:/MCUXpressoIDE_24.9.25/ide/plugins/com.nxp.mcuxpresso.tools.win32_24.9.0.202407110857/tools/bin/../lib/gcc/arm-none-eabi/13.2.1/thumb/v6-m/nofp\libc.a(libc_a-stdio.o)
                                                  D:/MCUXpressoIDE_24.9.25/ide/plugins/com.nxp.mcuxpresso.tools.win32_24.9.0.202407110857/tools/bin/../lib/gcc/arm-none-eabi/13.2.1/thumb/v6-m/nofp\libc.a(libc_a-findfp.o)
__stdio_exit_handler                              D:/MCUXpressoIDE_24.9.25/ide/plugins/com.nxp.mcuxpresso.tools.win32_24.9.0.202407110857/tools/bin/../lib/gcc/arm-none-eabi/13.2.1/thumb/v6-m/nofp\libc.a(libc_a-findfp.o)
__swrite                                          D:/MCUXpressoIDE_24.9.25/ide/plugins/com.nxp.mcuxpresso.tools.win32_24.9.0.202407110857/tools/bin/../lib/gcc/arm-none-eabi/13.2.1/thumb/v6-m/nofp\libc.a(libc_a-stdio.o)
                                                  D:/MCUXpressoIDE_24.9.25/ide/plugins/com.nxp.mcuxpresso.tools.win32_24.9.0.202407110857/tools/bin/../lib/gcc/arm-none-eabi/13.2.1/thumb/v6-m/nofp\libc.a(libc_a-findfp.o)
__udivmoddi4                                      D:/MCUXpressoIDE_24.9.25/ide/plugins/com.nxp.mcuxpresso.tools.win32_24.9.0.202407110857/tools/bin/../lib/gcc/arm-none-eabi/13.2.1/thumb/v6-m/nofp\libgcc.a(_udivmoddi4.o)
                                                  D:/MCUXpressoIDE_24.9.25/ide/plugins/com.nxp.mcuxpresso.tools.win32_24.9.0.202407110857/tools/bin/../lib/gcc/arm-none-eabi/13.2.1/thumb/v6-m/nofp\libgcc.a(_aeabi_uldivmod.o)
__udivsi3                                         D:/MCUXpressoIDE_24.9.25/ide/plugins/com.nxp.mcuxpresso.tools.win32_24.9.0.202407110857/tools/bin/../lib/gcc/arm-none-eabi/13.2.1/thumb/v6-m/nofp\libgcc.a(_udivsi3.o)
_clock                                            D:/MCUXpressoIDE_24.9.25/ide/plugins/com.nxp.mcuxpresso.tools.win32_24.9.0.202407110857/tools/bin/../lib/gcc/arm-none-eabi/13.2.1/../../../../arm-none-eabi/lib/thumb/v6-m/nofp\libcr_newlib_semihost.a(syscalls.o)
_close                                            D:/MCUXpressoIDE_24.9.25/ide/plugins/com.nxp.mcuxpresso.tools.win32_24.9.0.202407110857/tools/bin/../lib/gcc/arm-none-eabi/13.2.1/../../../../arm-none-eabi/lib/thumb/v6-m/nofp\libcr_newlib_semihost.a(syscalls.o)
                                                  D:/MCUXpressoIDE_24.9.25/ide/plugins/com.nxp.mcuxpresso.tools.win32_24.9.0.202407110857/tools/bin/../lib/gcc/arm-none-eabi/13.2.1/thumb/v6-m/nofp\libc.a(libc_a-closer.o)
_close_r                                          D:/MCUXpressoIDE_24.9.25/ide/plugins/com.nxp.mcuxpresso.tools.win32_24.9.0.202407110857/tools/bin/../lib/gcc/arm-none-eabi/13.2.1/thumb/v6-m/nofp\libc.a(libc_a-closer.o)
                                                  D:/MCUXpressoIDE_24.9.25/ide/plugins/com.nxp.mcuxpresso.tools.win32_24.9.0.202407110857/tools/bin/../lib/gcc/arm-none-eabi/13.2.1/thumb/v6-m/nofp\libc.a(libc_a-stdio.o)
_fclose_r                                         D:/MCUXpressoIDE_24.9.25/ide/plugins/com.nxp.mcuxpresso.tools.win32_24.9.0.202407110857/tools/bin/../lib/gcc/arm-none-eabi/13.2.1/thumb/v6-m/nofp\libc.a(libc_a-fclose.o)
                                                  D:/MCUXpressoIDE_24.9.25/ide/plugins/com.nxp.mcuxpresso.tools.win32_24.9.0.202407110857/tools/bin/../lib/gcc/arm-none-eabi/13.2.1/thumb/v6-m/nofp\libc.a(libc_a-findfp.o)
_fflush_r                                         D:/MCUXpressoIDE_24.9.25/ide/plugins/com.nxp.mcuxpresso.tools.win32_24.9.0.202407110857/tools/bin/../lib/gcc/arm-none-eabi/13.2.1/thumb/v6-m/nofp\libc.a(libc_a-fflush.o)
_free_r                                           D:/MCUXpressoIDE_24.9.25/ide/plugins/com.nxp.mcuxpresso.tools.win32_24.9.0.202407110857/tools/bin/../lib/gcc/arm-none-eabi/13.2.1/thumb/v6-m/nofp\libc.a(libc_a-freer.o)
                                                  D:/MCUXpressoIDE_24.9.25/ide/plugins/com.nxp.mcuxpresso.tools.win32_24.9.0.202407110857/tools/bin/../lib/gcc/arm-none-eabi/13.2.1/thumb/v6-m/nofp\libc.a(libc_a-fflush.o)
                                                  D:/MCUXpressoIDE_24.9.25/ide/plugins/com.nxp.mcuxpresso.tools.win32_24.9.0.202407110857/tools/bin/../lib/gcc/arm-none-eabi/13.2.1/thumb/v6-m/nofp\libc.a(libc_a-fclose.o)
                                                  D:/MCUXpressoIDE_24.9.25/ide/plugins/com.nxp.mcuxpresso.tools.win32_24.9.0.202407110857/tools/bin/../lib/gcc/arm-none-eabi/13.2.1/thumb/v6-m/nofp\libc.a(libc_a-reent.o)
                                                  D:/MCUXpressoIDE_24.9.25/ide/plugins/com.nxp.mcuxpresso.tools.win32_24.9.0.202407110857/tools/bin/../lib/gcc/arm-none-eabi/13.2.1/thumb/v6-m/nofp\libc.a(libc_a-mallocr.o)
                                                  D:/MCUXpressoIDE_24.9.25/ide/plugins/com.nxp.mcuxpresso.tools.win32_24.9.0.202407110857/tools/bin/../lib/gcc/arm-none-eabi/13.2.1/thumb/v6-m/nofp\libc.a(libc_a-malloc.o)
_fstat                                            D:/MCUXpressoIDE_24.9.25/ide/plugins/com.nxp.mcuxpresso.tools.win32_24.9.0.202407110857/tools/bin/../lib/gcc/arm-none-eabi/13.2.1/../../../../arm-none-eabi/lib/thumb/v6-m/nofp\libcr_newlib_semihost.a(syscalls.o)
_fwalk_sglue                                      D:/MCUXpressoIDE_24.9.25/ide/plugins/com.nxp.mcuxpresso.tools.win32_24.9.0.202407110857/tools/bin/../lib/gcc/arm-none-eabi/13.2.1/thumb/v6-m/nofp\libc.a(libc_a-fwalk.o)
                                                  D:/MCUXpressoIDE_24.9.25/ide/plugins/com.nxp.mcuxpresso.tools.win32_24.9.0.202407110857/tools/bin/../lib/gcc/arm-none-eabi/13.2.1/thumb/v6-m/nofp\libc.a(libc_a-fflush.o)
                                                  D:/MCUXpressoIDE_24.9.25/ide/plugins/com.nxp.mcuxpresso.tools.win32_24.9.0.202407110857/tools/bin/../lib/gcc/arm-none-eabi/13.2.1/thumb/v6-m/nofp\libc.a(libc_a-findfp.o)
_getpid                                           D:/MCUXpressoIDE_24.9.25/ide/plugins/com.nxp.mcuxpresso.tools.win32_24.9.0.202407110857/tools/bin/../lib/gcc/arm-none-eabi/13.2.1/../../../../arm-none-eabi/lib/thumb/v6-m/nofp\libcr_newlib_semihost.a(syscalls.o)
_gettimeofday                                     D:/MCUXpressoIDE_24.9.25/ide/plugins/com.nxp.mcuxpresso.tools.win32_24.9.0.202407110857/tools/bin/../lib/gcc/arm-none-eabi/13.2.1/../../../../arm-none-eabi/lib/thumb/v6-m/nofp\libcr_newlib_semihost.a(syscalls.o)