../drivers/fsl_tpm.c:48:17:TPM_GetInstance.part.0	8	static
../drivers/fsl_tpm.c:75:6:TPM_Init	8	static
../drivers/fsl_tpm.c:119:6:TPM_Deinit	8	static
../drivers/fsl_tpm.c:156:6:TPM_GetDefaultConfig	8	static
../drivers/fsl_tpm.c:206:10:TPM_SetupPwm	48	static
../drivers/fsl_tpm.c:430:6:TPM_UpdatePwmDutycycle	24	static
../drivers/fsl_tpm.c:501:6:TPM_UpdateChnlEdgeLevelSelect	8	static
../drivers/fsl_tpm.c:546:6:TPM_SetupInputCapture	8	static
../drivers/fsl_tpm.c:603:6:TPM_SetupOutputCompare	16	static
../drivers/fsl_tpm.c:840:6:TPM_EnableInterrupts	8	static
../drivers/fsl_tpm.c:870:6:TPM_DisableInterrupts	8	static
../drivers/fsl_tpm.c:901:10:TPM_GetEnabledInterrupts	8	static
