../drivers/fsl_uart.c:131:10:UART_GetInstance.part.0	8	static
../drivers/fsl_uart.c:176:13:UART_TransferIsRxRingBufferFull.part.0	8	static
../drivers/fsl_uart.c:1452:6:UART_TransferHandleIRQ	24	static
../drivers/fsl_uart.c:131:10:UART_GetInstance	8	static
../drivers/fsl_uart.c:156:8:UART_TransferGetRxRingBufferLength	16	static
../drivers/fsl_uart.c:216:10:UART_Init	32	static
../drivers/fsl_uart.c:361:6:UART_Deinit	8	static
../drivers/fsl_uart.c:400:6:UART_GetDefaultConfig	8	static
../drivers/fsl_uart.c:440:10:UART_SetBaudRate	32	static
../drivers/fsl_uart.c:516:6:UART_Enable9bitMode	8	static
../drivers/fsl_uart.c:543:6:UART_SendAddress	8	static
../drivers/fsl_uart.c:569:6:UART_EnableInterrupts	0	static
../drivers/fsl_uart.c:597:6:UART_DisableInterrupts	0	static
../drivers/fsl_uart.c:632:10:UART_GetEnabledInterrupts	0	static
../drivers/fsl_uart.c:664:10:UART_GetStatusFlags	0	static
../drivers/fsl_uart.c:699:10:UART_ClearStatusFlags	8	static
../drivers/fsl_uart.c:759:10:UART_WriteBlocking	0	static
../drivers/fsl_uart.c:831:10:UART_ReadBlocking	40	static
../drivers/fsl_uart.c:935:6:UART_TransferCreateHandle	24	static
../drivers/fsl_uart.c:983:6:UART_TransferStartRingBuffer	8	static
../drivers/fsl_uart.c:1013:6:UART_TransferStopRingBuffer	8	static
../drivers/fsl_uart.c:1054:10:UART_TransferSendNonBlocking	16	static
../drivers/fsl_uart.c:1093:6:UART_TransferAbortSend	8	static
../drivers/fsl_uart.c:1116:10:UART_TransferGetSendCount	8	static
../drivers/fsl_uart.c:1167:10:UART_TransferReceiveNonBlocking	48	static
../drivers/fsl_uart.c:1299:6:UART_TransferAbortReceive	8	static
../drivers/fsl_uart.c:1333:10:UART_TransferGetReceiveCount	8	static
../drivers/fsl_uart.c:1756:6:UART_TransferHandleErrorIRQ	0	static
../drivers/fsl_uart.c:1811:6:UART2_DriverIRQHandler	8	static
../drivers/fsl_uart.c:1818:6:UART2_RX_TX_DriverIRQHandler	8	static
