../drivers/fsl_lpuart.c:113:10:LPUART_GetInstance.part.0	8	static
../drivers/fsl_lpuart.c:158:13:LPUART_TransferIsRxRingBufferFull.part.0	8	static
../drivers/fsl_lpuart.c:1491:6:LPUART_TransferHandleIRQ	32	static
../drivers/fsl_lpuart.c:113:10:LPUART_GetInstance	8	static
../drivers/fsl_lpuart.c:137:8:LPUART_TransferGetRxRingBufferLength	16	static
../drivers/fsl_lpuart.c:243:10:LPUART_Init	56	static
../drivers/fsl_lpuart.c:455:6:LPUART_Deinit	8	static
../drivers/fsl_lpuart.c:519:6:LPUART_GetDefaultConfig	8	static
../drivers/fsl_lpuart.c:564:10:LPUART_SetBaudRate	48	static
../drivers/fsl_lpuart.c:652:6:LPUART_Enable9bitMode	8	static
../drivers/fsl_lpuart.c:686:6:LPUART_SendAddress	8	static
../drivers/fsl_lpuart.c:708:6:LPUART_EnableInterrupts	8	static
../drivers/fsl_lpuart.c:732:6:LPUART_DisableInterrupts	8	static
../drivers/fsl_lpuart.c:763:10:LPUART_GetEnabledInterrupts	0	static
../drivers/fsl_lpuart.c:792:10:LPUART_GetStatusFlags	0	static
../drivers/fsl_lpuart.c:823:10:LPUART_ClearStatusFlags	0	static
../drivers/fsl_lpuart.c:876:10:LPUART_WriteBlocking	16	static
../drivers/fsl_lpuart.c:941:10:LPUART_ReadBlocking	32	static
../drivers/fsl_lpuart.c:1060:6:LPUART_TransferCreateHandle	24	static
../drivers/fsl_lpuart.c:1125:6:LPUART_TransferStartRingBuffer	8	static
../drivers/fsl_lpuart.c:1152:6:LPUART_TransferStopRingBuffer	8	static
../drivers/fsl_lpuart.c:1187:10:LPUART_TransferSendNonBlocking	16	static
../drivers/fsl_lpuart.c:1226:6:LPUART_TransferAbortSend	8	static
../drivers/fsl_lpuart.c:1249:10:LPUART_TransferGetSendCount	8	static
../drivers/fsl_lpuart.c:1307:10:LPUART_TransferReceiveNonBlocking	48	static
../drivers/fsl_lpuart.c:1434:6:LPUART_TransferAbortReceive	8	static
../drivers/fsl_lpuart.c:1463:10:LPUART_TransferGetReceiveCount	8	static
../drivers/fsl_lpuart.c:1726:6:LPUART_TransferHandleErrorIRQ	0	static
../drivers/fsl_lpuart.c:1795:6:LPUART0_DriverIRQHandler	8	static
../drivers/fsl_lpuart.c:1821:6:LPUART1_DriverIRQHandler	8	static
