D:\Skola\DP\workspace_reinstall\DP\drivers/fsl_clock.h:476:20:CLOCK_SetTpmClock	16	static
D:\Skola\DP\workspace_reinstall\DP\drivers/fsl_tpm.h:608:20:TPM_StartTimer	24	static
../source/drive_control.c:23:6:motors_init	16	static
../source/drive_control.c:65:6:motor_set_check	8	static
../source/drive_control.c:80:6:servo_check	16	static
../source/drive_control.c:107:6:steer_straight	8	static
../source/drive_control.c:114:6:steer_left	24	static
../source/drive_control.c:123:6:steer_right	24	static
../source/drive_control.c:132:6:motor_set_speed	24	static
