D:\Skola\DP\workspace\DP_git\drivers/fsl_clock.h:476:20:CLOCK_SetTpmClock	16	static
D:\Skola\DP\workspace\DP_git\drivers/fsl_tpm.h:608:20:TPM_StartTimer	24	static
../source/drive_control.c:50:6:motors_init	16	static
../source/drive_control.c:87:6:motor_set_check	8	static
../source/drive_control.c:101:6:servo_check	16	static
../source/drive_control.c:126:6:steer_straight	8	static
../source/drive_control.c:133:6:steer_left	24	static
../source/drive_control.c:142:6:steer_right	24	static
../source/drive_control.c:151:6:motor_set_speed	24	static
