D:\Skola\DP\workspace\frdmkl27z_tpm_simple_pwm\CMSIS/core_cm0plus.h:850:22:__NVIC_SetPriority	24	static
D:\Skola\DP\workspace\frdmkl27z_tpm_simple_pwm\CMSIS/core_cm0plus.h:1056:26:SysTick_Config	16	static
D:\Skola\DP\workspace\frdmkl27z_tpm_simple_pwm\drivers/fsl_clock.h:476:20:CLOCK_SetTpmClock	16	static
D:\Skola\DP\workspace\frdmkl27z_tpm_simple_pwm\drivers/fsl_tpm.h:608:20:TPM_StartTimer	24	static
../source/tpm_simple_pwm.c:35:6:SysTick_Handler	8	static
../source/tpm_simple_pwm.c:43:6:SysTick_DelayTicks	16	static
../source/tpm_simple_pwm.c:50:5:main	32	static
